04-04 13:36:41.459   676   837 E NetlinkUtils: receiveNetlinkAck, errmsg=NetlinkErrorMessage{ nlmsghdr{StructNlMsgHdr{ nlmsg_len{68}, nlmsg_type{2()}, nlmsg_flags{0()}, nlmsg_seq{0}, nlmsg_pid{-627517779} }}, nlmsgerr{StructNlMsgErr{ error{-2}, msg{StructNlMsgHdr{ nlmsg_len{48}, nlmsg_type{37()}, nlmsg_flags{5(NLM_F_REQUEST|NLM_F_ACK)}, nlmsg_seq{0}, nlmsg_pid{0} }} }} }
04-04 13:36:41.460   676   837 E NetlinkUtils: receiveNetlinkAck, errmsg=NetlinkErrorMessage{ nlmsghdr{StructNlMsgHdr{ nlmsg_len{68}, nlmsg_type{2()}, nlmsg_flags{0()}, nlmsg_seq{0}, nlmsg_pid{-1737949492} }}, nlmsgerr{StructNlMsgErr{ error{-2}, msg{StructNlMsgHdr{ nlmsg_len{48}, nlmsg_type{37()}, nlmsg_flags{5(NLM_F_REQUEST|NLM_F_ACK)}, nlmsg_seq{0}, nlmsg_pid{0} }} }} }
04-04 13:36:41.461   676   822 W BestClock: java.time.DateTimeException: No network time available
04-04 13:36:41.462   676   837 E NetlinkUtils: receiveNetlinkAck, errmsg=NetlinkErrorMessage{ nlmsghdr{StructNlMsgHdr{ nlmsg_len{68}, nlmsg_type{2()}, nlmsg_flags{0()}, nlmsg_seq{0}, nlmsg_pid{-1093663291} }}, nlmsgerr{StructNlMsgErr{ error{-2}, msg{StructNlMsgHdr{ nlmsg_len{48}, nlmsg_type{37()}, nlmsg_flags{5(NLM_F_REQUEST|NLM_F_ACK)}, nlmsg_seq{0}, nlmsg_pid{0} }} }} }
04-04 13:36:41.464   676   837 D ConnectivityService: NetReassign [no changes] [c 0] [a 0] [i 0]
04-04 13:36:41.466   676   837 D ConnectivityService: NetReassign [no changes] [c 0] [a 0] [i 0]
04-04 13:36:41.469   676   822 W BestClock: java.time.DateTimeException: No network time available
04-04 13:36:41.471   676   837 D ConnectivityService: NetReassign [no changes] [c 0] [a 0] [i 0]
04-04 13:36:41.498   676   822 W BestClock: java.time.DateTimeException: No network time available
04-04 13:36:41.498   676   822 W BroadcastLoopers: Found previously unknown looper Thread[NetworkStats,5,main]
04-04 13:36:41.613   676   776 V GrammaticalInflectionUtils: AttributionSource: android.content.AttributionSource@cfdba4ba does not have READ_SYSTEM_GRAMMATICAL_GENDER permission.
04-04 13:36:41.615   676   938 I ApexCodecsLazy: ApexCodecs loaded
04-04 13:36:41.615   676   938 I Codec2Client: Available Codec2 services: "default" "software" "__ApexCodecs__"
04-04 13:36:41.619   939   939 D nativeloader: Configuring clns-shared-9 for other apk /system_ext/priv-app/SystemUIGoogle/SystemUIGoogle.apk. target_sdk_version=37, uses_libraries=, library_path=/system_ext/priv-app/SystemUIGoogle/lib/x86_64:/system_ext/priv-app/SystemUIGoogle/SystemUIGoogle.apk!/lib/x86_64:/system/lib64:/system_ext/lib64, permitted_path=/data:/mnt/expand:/data/user_de/0/com.android.systemui:/system_ext/priv-app/SystemUIGoogle:/system/lib64:/system_ext/lib64
04-04 13:36:41.637   676   937 W system_server: Failed to query component store for system resources: 6
04-04 13:36:41.638   676   938 W system_server: Failed to query component store for system resources: 6
04-04 13:36:41.646   676   942 D CCodec  : allocate(c2.android.vorbis.decoder)
04-04 13:36:41.646   676   947 D CCodec  : allocate(c2.android.vorbis.decoder)
04-04 13:36:41.669   676   942 I CCodec  : setting up 'default' as default (vendor) store
04-04 13:36:41.669   676   947 I CCodec  : setting up 'default' as default (vendor) store
04-04 13:36:41.705   594   594 D C2Store : Using DMABUF Heaps
04-04 13:36:41.710   676   942 I CCodec  : Created component [c2.android.vorbis.decoder] for [c2.android.vorbis.decoder]
04-04 13:36:41.711   676   942 D CCodecConfig: read media type: audio/vorbis
04-04 13:36:41.714   676   942 D ReflectedParamUpdater: extent() != 1 for single value type: algo.buffers.max-count.values
04-04 13:36:41.714   676   942 D ReflectedParamUpdater: extent() != 1 for single value type: output.subscribed-indices.values
04-04 13:36:41.714   676   942 D ReflectedParamUpdater: extent() != 1 for single value type: input.buffers.allocator-ids.values
04-04 13:36:41.715   676   942 D ReflectedParamUpdater: extent() != 1 for single value type: output.buffers.allocator-ids.values
04-04 13:36:41.715   676   942 D ReflectedParamUpdater: extent() != 1 for single value type: algo.buffers.allocator-ids.values
04-04 13:36:41.715   676   942 D ReflectedParamUpdater: extent() != 1 for single value type: output.buffers.pool-ids.values
04-04 13:36:41.715   676   942 D ReflectedParamUpdater: extent() != 1 for single value type: algo.buffers.pool-ids.values
04-04 13:36:41.715   676   942 I CCodecConfig: query failed after returning 8 values (BAD_INDEX)
04-04 13:36:41.715   676   942 D CCodecConfig: c2 config diff is Dict {
04-04 13:36:41.715   676   942 D CCodecConfig:   c2::u32 coded.bitrate.value = 64000
04-04 13:36:41.715   676   942 D CCodecConfig:   c2::u32 input.buffers.max-size.value = 32768
04-04 13:36:41.715   676   942 D CCodecConfig:   c2::u32 input.delay.value = 0
04-04 13:36:41.715   676   942 D CCodecConfig:   string input.media-type.value = "audio/vorbis"
04-04 13:36:41.715   676   942 D CCodecConfig:   c2::u32 output.large-frame.max-size = 0
04-04 13:36:41.715   676   942 D CCodecConfig:   c2::u32 output.large-frame.threshold-size = 0
04-04 13:36:41.715   676   942 D CCodecConfig:   string output.media-type.value = "audio/raw"
04-04 13:36:41.715   676   942 D CCodecConfig:   c2::u32 raw.channel-count.value = 1
04-04 13:36:41.715   676   942 D CCodecConfig:   c2::u32 raw.sample-rate.value = 48000
04-04 13:36:41.715   676   942 D CCodecConfig: }
04-04 13:36:41.717   676   947 W system_server: AIBinder_linkToDeath is being called with a non-null cookie and no onUnlink callback set. Use AIBinder_DeathRecipient_setOnUnlinked to manage the lifetime of the cookie. This will become an abort.
04-04 13:36:41.717   676   947 I CCodec  : Created component [c2.android.vorbis.decoder] for [c2.android.vorbis.decoder]
04-04 13:36:41.721   676   947 D CCodecConfig: read media type: audio/vorbis
04-04 13:36:41.723   676   938 I MediaCodec: media_quality service unavailable, skipping updatePictureProfile
04-04 13:36:41.723   676   942 D CCodec  : [c2.android.vorbis.decoder] buffers are bound to CCodec for this session
04-04 13:36:41.723   676   942 D CCodecConfig: no c2 equivalents for durationUs
04-04 13:36:41.723   676   942 D CCodecConfig: no c2 equivalents for track-id
04-04 13:36:41.723   676   942 D CCodecConfig: no c2 equivalents for csd-1
04-04 13:36:41.723   676   942 D CCodecConfig: no c2 equivalents for flags
04-04 13:36:41.731   676   942 D CCodecConfig: c2 config diff is   c2::u32 coded.bitrate.value = 140000
04-04 13:36:41.733   676   942 D CCodec  : encoding statistics level = 0
04-04 13:36:41.733   676   942 D CCodec  : setup formats input: AMessage(what = 0x00000000) = {
04-04 13:36:41.733   676   942 D CCodec  :   int32_t bitrate = 140000
04-04 13:36:41.733   676   942 D CCodec  :   int32_t channel-count = 1
04-04 13:36:41.733   676   942 D CCodec  :   int32_t max-input-size = 32768
04-04 13:36:41.733   676   942 D CCodec  :   string mime = "audio/vorbis"
04-04 13:36:41.733   676   942 D CCodec  :   int32_t sample-rate = 48000
04-04 13:36:41.733   676   942 D CCodec  : }
04-04 13:36:41.733   676   942 D CCodec  : setup formats output: AMessage(what = 0x00000000) = {
04-04 13:36:41.733   676   942 D CCodec  :   int32_t buffer-batch-max-output-size = 0
04-04 13:36:41.733   676   942 D CCodec  :   int32_t buffer-batch-threshold-output-size = 0
04-04 13:36:41.733   676   942 D CCodec  :   int32_t channel-count = 1
04-04 13:36:41.733   676   942 D CCodec  :   string mime = "audio/raw"
04-04 13:36:41.733   676   942 D CCodec  :   int32_t sample-rate = 48000
04-04 13:36:41.733   676   942 D CCodec  :   int32_t channel-mask = 1
04-04 13:36:41.733   676   942 D CCodec  :   int32_t android._config-pcm-encoding = 2
04-04 13:36:41.733   676   942 D CCodec  : }
04-04 13:36:41.734   676   942 I CCodecConfig: query failed after returning 8 values (BAD_INDEX)
04-04 13:36:41.735   676   942 E system_server: Failed to query component interface for required system resources: 6
04-04 13:36:41.737   676   947 D ReflectedParamUpdater: extent() != 1 for single value type: algo.buffers.max-count.values
04-04 13:36:41.737   676   947 D ReflectedParamUpdater: extent() != 1 for single value type: output.subscribed-indices.values
04-04 13:36:41.737   676   947 D ReflectedParamUpdater: extent() != 1 for single value type: input.buffers.allocator-ids.values
04-04 13:36:41.738   676   942 D C2Store : Using DMABUF Heaps
04-04 13:36:41.738   676   947 D ReflectedParamUpdater: extent() != 1 for single value type: output.buffers.allocator-ids.values
04-04 13:36:41.739   676   947 D ReflectedParamUpdater: extent() != 1 for single value type: algo.buffers.allocator-ids.values
04-04 13:36:41.741   676   947 D ReflectedParamUpdater: extent() != 1 for single value type: output.buffers.pool-ids.values
04-04 13:36:41.742   676   942 D CCodecBufferChannel: [c2.android.vorbis.decoder#917] Created input block pool with allocatorID 16 => poolID 17 - OK (0)
04-04 13:36:41.742   676   947 D ReflectedParamUpdater: extent() != 1 for single value type: algo.buffers.pool-ids.values
04-04 13:36:41.746   676   947 I CCodecConfig: query failed after returning 8 values (BAD_INDEX)
04-04 13:36:41.746   676   947 D CCodecConfig: c2 config diff is Dict {
04-04 13:36:41.746   676   947 D CCodecConfig:   c2::u32 coded.bitrate.value = 64000
04-04 13:36:41.746   676   947 D CCodecConfig:   c2::u32 input.buffers.max-size.value = 32768
04-04 13:36:41.746   676   947 D CCodecConfig:   c2::u32 input.delay.value = 0
04-04 13:36:41.746   676   947 D CCodecConfig:   string input.media-type.value = "audio/vorbis"
04-04 13:36:41.746   676   947 D CCodecConfig:   c2::u32 output.large-frame.max-size = 0
04-04 13:36:41.746   676   947 D CCodecConfig:   c2::u32 output.large-frame.threshold-size = 0
04-04 13:36:41.746   676   947 D CCodecConfig:   string output.media-type.value = "audio/raw"
04-04 13:36:41.746   676   947 D CCodecConfig:   c2::u32 raw.channel-count.value = 1
04-04 13:36:41.746   676   947 D CCodecConfig:   c2::u32 raw.sample-rate.value = 48000
04-04 13:36:41.746   676   947 D CCodecConfig: }
04-04 13:36:41.749   676   942 I CCodecBufferChannel: [c2.android.vorbis.decoder#917] Created output block pool with allocatorID 16 => poolID 19 - OK
04-04 13:36:41.750   676   937 I MediaCodec: media_quality service unavailable, skipping updatePictureProfile
04-04 13:36:41.750   676   942 D CCodecBufferChannel: [c2.android.vorbis.decoder#917] Configured output block pool ids 19 => OK
04-04 13:36:41.750   594   635 E Codec2-ComponentInterface: We have a failed config
04-04 13:36:41.750   676   947 D CCodec  : [c2.android.vorbis.decoder] buffers are bound to CCodec for this session
04-04 13:36:41.751   676   947 D CCodecConfig: no c2 equivalents for durationUs
04-04 13:36:41.751   676   947 D CCodecConfig: no c2 equivalents for track-id
04-04 13:36:41.751   676   947 D CCodecConfig: no c2 equivalents for csd-1
04-04 13:36:41.751   676   947 D CCodecConfig: no c2 equivalents for flags
04-04 13:36:41.753   676   947 D CCodecConfig: c2 config diff is   c2::u32 coded.bitrate.value = 96000
04-04 13:36:41.753   676   947 D CCodecConfig:   c2::u32 raw.channel-count.value = 2
04-04 13:36:41.754   676   947 D CCodec  : encoding statistics level = 0
04-04 13:36:41.754   676   947 D CCodec  : setup formats input: AMessage(what = 0x00000000) = {
04-04 13:36:41.754   676   947 D CCodec  :   int32_t bitrate = 96000
04-04 13:36:41.754   676   947 D CCodec  :   int32_t channel-count = 2
04-04 13:36:41.754   676   947 D CCodec  :   int32_t max-input-size = 32768
04-04 13:36:41.754   676   947 D CCodec  :   string mime = "audio/vorbis"
04-04 13:36:41.754   676   947 D CCodec  :   int32_t sample-rate = 48000
04-04 13:36:41.754   676   947 D CCodec  : }
04-04 13:36:41.754   676   947 D CCodec  : setup formats output: AMessage(what = 0x00000000) = {
04-04 13:36:41.754   676   947 D CCodec  :   int32_t buffer-batch-max-output-size = 0
04-04 13:36:41.754   676   947 D CCodec  :   int32_t buffer-batch-threshold-output-size = 0
04-04 13:36:41.754   676   947 D CCodec  :   int32_t channel-count = 2
04-04 13:36:41.754   676   947 D CCodec  :   string mime = "audio/raw"
04-04 13:36:41.754   676   947 D CCodec  :   int32_t sample-rate = 48000
04-04 13:36:41.754   676   947 D CCodec  :   int32_t channel-mask = 3
04-04 13:36:41.754   676   947 D CCodec  :   int32_t android._config-pcm-encoding = 2
04-04 13:36:41.754   676   947 D CCodec  : }
04-04 13:36:41.755   676   947 I CCodecConfig: query failed after returning 8 values (BAD_INDEX)
04-04 13:36:41.758   594   964 D SimpleC2Component: Using output block pool with poolID 19 => got 19 - 0
04-04 13:36:41.758   676   947 E system_server: Failed to query component interface for required system resources: 6
04-04 13:36:41.765   676   947 D CCodecBufferChannel: [c2.android.vorbis.decoder#648] Created input block pool with allocatorID 16 => poolID 18 - OK (0)
04-04 13:36:41.767   594   635 W mediaswcodec: AIBinder_linkToDeath is being called with a non-null cookie and no onUnlink callback set. Use AIBinder_DeathRecipient_setOnUnlinked to manage the lifetime of the cookie. This will become an abort.
04-04 13:36:41.768   676   942 W system_server: AIBinder_linkToDeath is being called with a non-null cookie and no onUnlink callback set. Use AIBinder_DeathRecipient_setOnUnlinked to manage the lifetime of the cookie. This will become an abort.
04-04 13:36:41.769   676   947 I CCodecBufferChannel: [c2.android.vorbis.decoder#648] Created output block pool with allocatorID 16 => poolID 20 - OK
04-04 13:36:41.769   676   947 D CCodecBufferChannel: [c2.android.vorbis.decoder#648] Configured output block pool ids 20 => OK
04-04 13:36:41.770   594   660 E Codec2-ComponentInterface: We have a failed config
04-04 13:36:41.781   594   965 D SimpleC2Component: Using output block pool with poolID 20 => got 20 - 0
04-04 13:36:41.791   594   966 W mediaswcodec: AIBinder_linkToDeath is being called with a non-null cookie and no onUnlink callback set. Use AIBinder_DeathRecipient_setOnUnlinked to manage the lifetime of the cookie. This will become an abort.
04-04 13:36:41.791   676   947 W system_server: AIBinder_linkToDeath is being called with a non-null cookie and no onUnlink callback set. Use AIBinder_DeathRecipient_setOnUnlinked to manage the lifetime of the cookie. This will become an abort.
04-04 13:36:41.799   676   905 W system_server: AIBinder_linkToDeath is being called with a non-null cookie and no onUnlink callback set. Use AIBinder_DeathRecipient_setOnUnlinked to manage the lifetime of the cookie. This will become an abort.
04-04 13:36:41.799   594   964 W mediaswcodec: AIBinder_linkToDeath is being called with a non-null cookie and no onUnlink callback set. Use AIBinder_DeathRecipient_setOnUnlinked to manage the lifetime of the cookie. This will become an abort.
04-04 13:36:41.815   676   942 D CCodecBuffers: [c2.android.vorbis.decoder#917:Output[N]] grabBuffer failed: -12
04-04 13:36:41.815   676   942 D CCodecBuffers: [c2.android.vorbis.decoder#917:Output[N]] reallocating with linear buffer of size 4096
04-04 13:36:41.817   676   905 W system_server: AIBinder_linkToDeath is being called with a non-null cookie and no onUnlink callback set. Use AIBinder_DeathRecipient_setOnUnlinked to manage the lifetime of the cookie. This will become an abort.
04-04 13:36:41.818   594   965 W mediaswcodec: AIBinder_linkToDeath is being called with a non-null cookie and no onUnlink callback set. Use AIBinder_DeathRecipient_setOnUnlinked to manage the lifetime of the cookie. This will become an abort.
04-04 13:36:41.821   676   776 E AppOps  : Bad call made by uid 1000. Package "android" does not belong to uid 1037.
04-04 13:36:41.822   676   854 I AS.AudioService: onUpdateContextualVolumes: absolute volume driving streams 3 avrcp supported: false
04-04 13:36:41.823   676   776 E AppOps  : Cannot getAppOpMode: non-application UID 1037
04-04 13:36:41.823   676   776 W ActivityManager: Slow operation: 210ms so far, now at startProcess: building args
04-04 13:36:41.825   676   776 W ActivityManager: Slow operation: 212ms so far, now at startProcess: done starting proc!
04-04 13:36:41.825   676   715 W ActivityManager: Slow operation: 212ms so far, now at startProcess: asking zygote to start proc
04-04 13:36:41.830   676   676 I SystemServiceManager: Starting phase 600
04-04 13:36:41.830   676   676 D SystemServerTiming: OnBootPhase_600
04-04 13:36:41.830   676   676 D SystemServerTiming: OnBootPhase_600_com.android.server.security.FileIntegrityService
04-04 13:36:41.830   676   676 D SystemServerTiming: OnBootPhase_600_com.android.server.pm.Installer
04-04 13:36:41.830   676   676 D SystemServerTiming: OnBootPhase_600_com.android.server.os.DeviceIdentifiersPolicyService
04-04 13:36:41.830   676   676 D SystemServerTiming: OnBootPhase_600_com.android.server.flags.FeatureFlagsService
04-04 13:36:41.830   676   676 D SystemServerTiming: OnBootPhase_600_com.android.server.uri.UriGrantsManagerService$Lifecycle
04-04 13:36:41.830   676   676 D SystemServerTiming: OnBootPhase_600_com.android.server.powerstats.PowerStatsService
04-04 13:36:41.830   676   676 D SystemServerTiming: OnBootPhase_600_com.android.server.permission.access.AccessCheckingService
04-04 13:36:41.830   676   676 D SystemServerTiming: OnBootPhase_600_com.android.server.wm.ActivityTaskManagerService$Lifecycle
04-04 13:36:41.830   676   676 D SystemServerTiming: OnBootPhase_600_com.android.server.am.ActivityManagerService$Lifecycle
04-04 13:36:41.830   676   676 D ActivityManager: ThemeHomeDelay: Home launch is not delayable, skipping timeout creation
04-04 13:36:41.830   676   676 D SystemServerTiming: OnBootPhase_600_com.android.server.pm.DataLoaderManagerService
04-04 13:36:41.830   676   676 D SystemServerTiming: OnBootPhase_600_com.android.server.power.PowerManagerService
04-04 13:36:41.830   676   691 I system_server: Background concurrent mark compact GC freed 12MB AllocSpace bytes, 37(1376KB) LOS objects, 49% free, 23MB/47MB, paused 690us,206.416ms total 368.607ms
04-04 13:36:41.832   520   760 I AudioPolicyInterfaceImpl: setDeviceAbsoluteVolumeEnabled: deviceAidl AudioDevice{type: AudioDeviceDescription{type: OUT_HEADSET, connection: bt-sco}, address: AudioDeviceAddress{id: }}, enabled 1, streamToDriveAbsAidl 3
04-04 13:36:41.832   520   760 I APM_AudioPolicyManager: setDeviceAbsoluteVolumeEnabled: deviceType 0x20, enabled 1, streamToDriveAbs 3
04-04 13:36:41.834   676   854 V AS.AudioService: No absolute volume devices
04-04 13:36:41.837   939   939 V GraphicsEnvironment: Currently set values for:
04-04 13:36:41.837   939   939 V GraphicsEnvironment:   angle_gl_driver_selection_pkgs=[]
04-04 13:36:41.837   939   939 V GraphicsEnvironment:   angle_gl_driver_selection_values=[]
04-04 13:36:41.837   939   939 V GraphicsEnvironment: com.android.systemui is not listed in per-application setting
04-04 13:36:41.838   939   939 V GraphicsEnvironment: No special selections for ANGLE, returning default driver choice
04-04 13:36:41.840   676   676 D SystemServerTiming: OnBootPhase_600_com.android.server.power.thermal.ThermalManagerService
04-04 13:36:41.841   676   676 D SystemServerTiming: OnBootPhase_600_com.android.server.recoverysystem.RecoverySystemService$Lifecycle
04-04 13:36:41.841   676   676 D SystemServerTiming: OnBootPhase_600_com.android.server.lights.LightsService
04-04 13:36:41.841   676   676 D SystemServerTiming: OnBootPhase_600_com.android.server.display.DisplayManagerService
04-04 13:36:41.841   676   676 D SystemServerTiming: OnBootPhase_600_com.android.server.pm.verify.domain.DomainVerificationService
04-04 13:36:41.841   676   676 D SystemServerTiming: OnBootPhase_600_com.android.server.pm.PackageInstallerService$Lifecycle
04-04 13:36:41.841   676   676 D SystemServerTiming: OnBootPhase_600_com.android.server.pm.UserManagerService$LifeCycle
04-04 13:36:41.841   676   676 D SystemServerTiming: OnBootPhase_600_com.android.server.om.OverlayManagerService
04-04 13:36:41.841   676   676 D SystemServerTiming: OnBootPhase_600_com.android.server.resources.ResourcesManagerService
04-04 13:36:41.841   676   676 D SystemServerTiming: OnBootPhase_600_com.android.server.sensorprivacy.SensorPrivacyService
04-04 13:36:41.841   676   676 D SystemServerTiming: OnBootPhase_600_com.android.server.sensors.SensorService
04-04 13:36:41.841   676   676 D SystemServerTiming: OnBootPhase_600_com.android.server.SystemConfigService
04-04 13:36:41.841   676   676 D SystemServerTiming: OnBootPhase_600_com.android.server.BatteryService
04-04 13:36:41.841   676   676 D SystemServerTiming: OnBootPhase_600_com.android.server.usage.UsageStatsService
04-04 13:36:41.841   676   676 D SystemServerTiming: OnBootPhase_600_com.android.server.webkit.WebViewUpdateService
04-04 13:36:41.841   676   676 D SystemServerTiming: OnBootPhase_600_com.android.server.CachedDeviceStateService
04-04 13:36:41.841   676   676 D SystemServerTiming: OnBootPhase_600_com.android.server.BinderCallsStatsService$LifeCycle
04-04 13:36:41.842   939   939 V GraphicsEnvironment: Neither updatable production driver nor prerelease driver is supported.
04-04 13:36:41.843   676   676 D SystemServerTiming: OnBootPhase_600_com.android.server.LooperStatsService$Lifecycle
04-04 13:36:41.843   676   676 D SystemServerTiming: OnBootPhase_600_com.android.server.rollback.RollbackManagerService
04-04 13:36:41.843   676   676 D SystemServerTiming: OnBootPhase_600_com.android.server.os.NativeTombstoneManagerService
04-04 13:36:41.843   676   676 D SystemServerTiming: OnBootPhase_600_com.android.server.os.BugreportManagerService
04-04 13:36:41.843   676   676 D SystemServerTiming: OnBootPhase_600_com.android.server.gpu.GpuService
04-04 13:36:41.843   676   676 D SystemServerTiming: OnBootPhase_600_com.android.server.security.rkp.RemoteProvisioningService
04-04 13:36:41.843   676   676 D SystemServerTiming: OnBootPhase_600_com.android.server.security.KeyChainSystemService
04-04 13:36:41.843   676   676 D SystemServerTiming: OnBootPhase_600_com.android.server.BinaryTransparencyService
04-04 13:36:41.843   676   676 D SystemServerTiming: OnBootPhase_600_com.android.server.telecom.TelecomLoaderService
04-04 13:36:41.846   676   676 I TelecomLoaderService: Binding to TelecomService...
04-04 13:36:41.846   676   693 W System  : A resource failed to call close. 
04-04 13:36:41.851   939   939 D CompatChangeReporter: Compat change id reported: 407952621; UID 10196; state: ENABLED
04-04 13:36:41.851   939   939 D CompatChangeReporter: Compat change id reported: 419020719; UID 10196; state: ENABLED
04-04 13:36:41.852   676   676 I TelecomLoaderService: Bound to TelecomService!
04-04 13:36:41.852   676   676 D SystemServerTiming: OnBootPhase_600_com.android.server.accounts.AccountManagerService$Lifecycle
04-04 13:36:41.852   676   676 D SystemServerTiming: OnBootPhase_600_com.android.server.content.ContentService$Lifecycle
04-04 13:36:41.852   676   676 D SystemServerTiming: OnBootPhase_600_com.android.server.deviceconfig.DeviceConfigInit$Lifecycle
04-04 13:36:41.853   676   676 D SystemServerTiming: OnBootPhase_600_com.android.server.DropBoxManagerService
04-04 13:36:41.853   676   676 D SystemServerTiming: OnBootPhase_600_com.android.ecm.EnhancedConfirmationService
04-04 13:36:41.853   676   676 D SystemServerTiming: OnBootPhase_600_com.android.server.power.hint.HintManagerService
04-04 13:36:41.853   676   676 D SystemServerTiming: OnBootPhase_600_com.android.server.allowlist.AllowlistService
04-04 13:36:41.853   676   676 D SystemServerTiming: OnBootPhase_600_com.android.role.RoleService
04-04 13:36:41.853   676   676 D SystemServerTiming: OnBootPhase_600_com.android.server.supervision.SupervisionService$Lifecycle
04-04 13:36:41.853   676   676 D SystemServerTiming: OnBootPhase_600_com.android.server.vibrator.VibratorManagerService$Lifecycle
04-04 13:36:41.853   676   676 D SystemServerTiming: OnBootPhase_600_com.android.server.alarm.AlarmManagerService
04-04 13:36:41.853   676   676 D SystemServerTiming: OnBootPhase_600_com.android.server.input.InputManagerService$Lifecycle
04-04 13:36:41.853   676   676 D SystemServerTiming: OnBootPhase_600_com.android.server.devicestate.DeviceStateManagerService
04-04 13:36:41.853   676   676 D SystemServerTiming: OnBootPhase_600_com.android.server.camera.CameraServiceProxy
04-04 13:36:41.853   676   676 D SystemServerTiming: OnBootPhase_600_com.android.server.bluetooth.BluetoothService
04-04 13:36:41.853   676   676 D SystemServerTiming: OnBootPhase_600_com.android.server.connectivity.IpConnectivityMetrics
04-04 13:36:41.853   676   676 D SystemServerTiming: OnBootPhase_600_com.android.server.net.watchlist.NetworkWatchlistService$Lifecycle
04-04 13:36:41.853   676   676 D SystemServerTiming: OnBootPhase_600_com.android.server.pinner.PinnerService
04-04 13:36:41.853   676   676 D SystemServerTiming: OnBootPhase_600_com.android.server.integrity.AppIntegrityManagerService
04-04 13:36:41.853   676   676 D SystemServerTiming: OnBootPhase_600_com.android.server.logcat.LogcatManagerService
04-04 13:36:41.853   676   676 D SystemServerTiming: OnBootPhase_600_com.android.server.security.intrusiondetection.IntrusionDetectionService
04-04 13:36:41.853   676   676 D SystemServerTiming: OnBootPhase_600_com.android.server.appfunctions.AppFunctionManagerService
04-04 13:36:41.853   676   676 D SystemServerTiming: OnBootPhase_600_com.android.server.privatecompute.PccSandboxManagerService
04-04 13:36:41.853   676   676 D SystemServerTiming: OnBootPhase_600_com.android.server.security.advancedprotection.AdvancedProtectionService$Lifecycle
04-04 13:36:41.853   676   676 D SystemServerTiming: OnBootPhase_600_com.android.server.TradeInModeService
04-04 13:36:41.853   676   676 D SystemServerTiming: OnBootPhase_600_com.android.server.inputmethod.InputMethodManagerService$Lifecycle
04-04 13:36:41.853   676   676 D SystemServerTiming: OnBootPhase_600_com.android.server.accessibility.AccessibilityManagerService$Lifecycle
04-04 13:36:41.854   676   676 D SystemServerTiming: OnBootPhase_600_com.android.server.StorageManagerService$Lifecycle
04-04 13:36:41.854   676   676 D SystemServerTiming: OnBootPhase_600_com.android.server.usage.StorageStatsService$Lifecycle
04-04 13:36:41.854   676   676 D SystemServerTiming: OnBootPhase_600_com.android.server.files.FileService
04-04 13:36:41.854   676   676 D SystemServerTiming: OnBootPhase_600_com.android.server.UiModeManagerService
04-04 13:36:41.854   676   676 D SystemServerTiming: OnBootPhase_600_com.android.server.locales.LocaleManagerService
04-04 13:36:41.854   676   676 D SystemServerTiming: OnBootPhase_600_com.android.server.appwindowlayout.AppWindowLayoutSettingsService
04-04 13:36:41.854   676   676 D SystemServerTiming: OnBootPhase_600_com.android.server.grammaticalinflection.GrammaticalInflectionService
04-04 13:36:41.854   676   676 D SystemServerTiming: OnBootPhase_600_com.android.server.apphibernation.AppHibernationService
04-04 13:36:41.854   676   676 D SystemServerTiming: OnBootPhase_600_com.android.server.locksettings.LockSettingsService$Lifecycle
04-04 13:36:41.854   676   676 D SystemServerTiming: OnBootPhase_600_com.android.server.testharness.TestHarnessModeService
04-04 13:36:41.854   676   676 D SystemServerTiming: OnBootPhase_600_com.android.server.DeviceIdleController
04-04 13:36:41.854   676   676 D SystemServerTiming: OnBootPhase_600_com.android.server.devicepolicy.DevicePolicyManagerService$Lifecycle
04-04 13:36:41.854   676   676 D SystemServerTiming: OnBootPhase_600_com.android.server.voiceinteraction.VoiceInteractionManagerService
04-04 13:36:41.854   676   947 D CCodecBuffers: [c2.android.vorbis.decoder#648:Output[N]] grabBuffer failed: -12
04-04 13:36:41.855   676   947 D CCodecBuffers: [c2.android.vorbis.decoder#648:Output[N]] reallocating with linear buffer of size 5888
04-04 13:36:41.855   676   676 D SystemServerTiming: OnBootPhase_600_com.android.server.musicrecognition.MusicRecognitionManagerService
04-04 13:36:41.856   676   676 D SystemServerTiming: OnBootPhase_600_com.android.server.contentcapture.ContentCaptureManagerService
04-04 13:36:41.856   676   676 D SystemServerTiming: OnBootPhase_600_com.android.server.systemcaptions.SystemCaptionsManagerService
04-04 13:36:41.856   676   676 D SystemServerTiming: OnBootPhase_600_com.android.server.texttospeech.TextToSpeechManagerService
04-04 13:36:41.857   676   676 D SystemServerTiming: OnBootPhase_600_com.android.server.wearable.WearableSensingManagerService
04-04 13:36:41.857   676   676 D SystemServerTiming: OnBootPhase_600_com.android.server.ondeviceintelligence.OnDeviceIntelligenceManagerService
04-04 13:36:41.857   676   676 D SystemServerTiming: OnBootPhase_600_com.android.server.contentsafety.ContentSafetyManagerService
04-04 13:36:41.857   676   676 D SystemServerTiming: OnBootPhase_600_com.android.server.ambientcontext.AmbientContextManagerService
04-04 13:36:41.857   676   676 D SystemServerTiming: OnBootPhase_600_com.android.server.speech.SpeechRecognitionManagerService
04-04 13:36:41.857   676   676 D SystemServerTiming: OnBootPhase_600_com.android.server.appprediction.AppPredictionManagerService
04-04 13:36:41.857   676   676 D SystemServerTiming: OnBootPhase_600_com.android.server.contentsuggestions.ContentSuggestionsManagerService
04-04 13:36:41.857   676   676 D SystemServerTiming: OnBootPhase_600_com.android.server.searchui.SearchUiManagerService
04-04 13:36:41.858   676   676 D SystemServerTiming: OnBootPhase_600_com.android.server.smartspace.SmartspaceManagerService
04-04 13:36:41.858   676   676 D SystemServerTiming: OnBootPhase_600_com.android.server.graphics.fonts.FontManagerService$Lifecycle
04-04 13:36:41.858   676   676 D SystemServerTiming: OnBootPhase_600_com.android.server.textservices.TextServicesManagerService$Lifecycle
04-04 13:36:41.858   676   676 D SystemServerTiming: OnBootPhase_600_com.android.server.textclassifier.TextClassificationManagerService$Lifecycle
04-04 13:36:41.858   676   676 D SystemServerTiming: OnBootPhase_600_com.android.server.NetworkScoreService$Lifecycle
04-04 13:36:41.858   676   676 D SystemServerTiming: OnBootPhase_600_com.android.server.NetworkStatsServiceInitializer
04-04 13:36:41.858   676   676 D SystemServerTiming: OnBootPhase_600_com.android.server.wifi.WifiService
04-04 13:36:41.858   676   676 D SystemServerTiming: OnBootPhase_600_com.android.server.wifi.scanner.WifiScanningService
04-04 13:36:41.858   676   676 D SystemServerTiming: OnBootPhase_600_com.android.server.wifi.p2p.WifiP2pService
04-04 13:36:41.858   676   676 D SystemServerTiming: OnBootPhase_600_com.android.server.ConnectivityServiceInitializer
04-04 13:36:41.858   676   676 D SystemServerTiming: OnBootPhase_600_com.android.server.bitmapoffload.BitmapOffloadService
04-04 13:36:41.858   676   676 D SystemServerTiming: OnBootPhase_600_com.android.server.modes.ContextualModeManagerService
04-04 13:36:41.858   676   676 D SystemServerTiming: OnBootPhase_600_com.android.server.notification.NotificationManagerService
04-04 13:36:41.864   456   456 D Zygote  : Forked child process 970
04-04 13:36:41.864   676   715 W ActivityManager: Slow operation: 251ms so far, now at startProcess: returned from zygote!
04-04 13:36:41.866   676   715 W ActivityManager: Slow operation: 253ms so far, now at startProcess: done updating battery stats
04-04 13:36:41.866   676   715 W ActivityManager: Slow operation: 253ms so far, now at startProcess: building log message
04-04 13:36:41.866   676   715 I ActivityManager: Start proc 970:WebViewLoader-x86_64/1037 [android.webkit.WebViewLibraryLoader$RelroFileCreator] for 
04-04 13:36:41.866   676   715 W ActivityManager: Slow operation: 253ms so far, now at startProcess: starting to update pids map
04-04 13:36:41.866   676   715 W ActivityManager: Slow operation: 253ms so far, now at startProcess: done updating pids map
04-04 13:36:41.868   676   942 D CCodecBufferChannel: [c2.android.vorbis.decoder#917] MediaCodec discarded an unknown buffer
04-04 13:36:41.870   676   942 D CCodecBufferChannel: [c2.android.vorbis.decoder#917] MediaCodec discarded an unknown buffer
04-04 13:36:41.875   676   972 D CCodec  : hold CodecLooper(1) until release
04-04 13:36:41.876   676   971 D CCodec  : hold CodecLooper(1) until release
04-04 13:36:41.880   594   973 I libbinder.BpBinder: onLastStrongRef automatically unlinking death recipients for binder (0x72afbb00e260) with descriptor: 'android.hardware.media.bufferpool2.IClientManager'
04-04 13:36:41.883   594   660 D AidlBufferPool: Destruction - bufferpool2 0x72b02b0390a8 cached: 0/0M, 0/0% in use; allocs: 0, 0% recycled; transfers: 0, 0% unfetched
04-04 13:36:41.884   594   973 D AidlBufferPool: Destruction - bufferpool2 0x72b02b03b108 cached: 0/0M, 0/0% in use; allocs: 0, 0% recycled; transfers: 0, 0% unfetched
04-04 13:36:41.896   676   676 D SystemServerTiming: OnBootPhase_600_com.android.server.storage.DeviceStorageMonitorService
04-04 13:36:41.898   676   676 D SystemServerTiming: OnBootPhase_600_com.android.server.timedetector.TimeDetectorService$Lifecycle
04-04 13:36:41.899   676   676 D SystemServerTiming: OnBootPhase_600_com.android.server.location.LocationManagerService$Lifecycle
04-04 13:36:41.900   970   970 I Zygote  : Process 970 created for WebViewLoader-x86_64
04-04 13:36:41.900   970   970 I WebViewLoader-x: Using generational CollectorTypeCMC GC.
04-04 13:36:41.902   970   970 W WebViewLoader-x: Unexpected CPU variant for x86: x86_64.
04-04 13:36:41.902   970   970 W WebViewLoader-x: Known variants: atom, sandybridge, silvermont, goldmont, goldmont-plus, goldmont-without-sha-xsaves, tremont, kabylake, alderlake, lunarlake, default
04-04 13:36:41.903   676   676 I ServiceWatcher: [network] chose new implementation null
04-04 13:36:41.913   970   970 D nativeloader: Load libframework-connectivity-tiramisu-jni.so using APEX ns com_android_tethering for caller /apex/com.android.tethering/javalib/framework-connectivity-t.jar: ok
04-04 13:36:41.913   676   676 I ServiceWatcher: [fused] chose new implementation 1000/com.android.location.fused/.FusedLocationService@0
04-04 13:36:41.932   676   938 D MediaCodecList: codecHandlesFormat: no format, so no extra checks
04-04 13:36:41.932   676   938 I MediaCodec: Retry enabled for HDCP failure
04-04 13:36:41.945   676   937 D MediaCodecList: codecHandlesFormat: no format, so no extra checks
04-04 13:36:41.948   676   937 I MediaCodec: Retry enabled for HDCP failure
04-04 13:36:41.956   676   695 D GameManagerService: User ID '0' does not have a Game Mode selected for package: 'android'
04-04 13:36:41.963   970   970 V WebViewLibraryLoader: RelroFileCreator (64bit = true), package: com.google.android.webview library: libmonochrome_64.so
04-04 13:36:41.981   676   938 W system_server: Failed to query component store for system resources: 6
04-04 13:36:41.987   676   937 W system_server: Failed to query component store for system resources: 6
04-04 13:36:41.990   676   988 D CCodec  : allocate(c2.android.vorbis.decoder)
04-04 13:36:41.995   970   970 W WebViewLoader-x: Failed to find entry 'classes.dex': Entry not found
04-04 13:36:41.997   970   970 D nativeloader: Configuring clns-9 for other apk /data/app/~~a2vOlBGLiTNUPpiBsVB6lg==/com.google.android.trichromelibrary_763204538-6Q3-tZNcW0rTSgO80774Jw==/TrichromeLibrary.apk. target_sdk_version=36, uses_libraries=ALL, library_path=/data/app/~~Qh3kN3l_HDDRu3o-3V3REg==/com.google.android.webview-NMjTh5g1LMN1YJOmF4aGCQ==/lib/x86_64:/data/app/~~Qh3kN3l_HDDRu3o-3V3REg==/com.google.android.webview-NMjTh5g1LMN1YJOmF4aGCQ==/WebViewGoogle.apk!/lib/x86_64:/data/app/~~a2vOlBGLiTNUPpiBsVB6lg==/com.google.android.trichromelibrary_763204538-6Q3-tZNcW0rTSgO80774Jw==/TrichromeLibrary.apk!/lib/x86_64, permitted_path=/data:/mnt/expand
04-04 13:36:41.998   970   970 D ApplicationLoaders: Returning zygote-cached class loader: /system_ext/framework/androidx.window.extensions.jar
04-04 13:36:41.998   676   987 D CCodec  : allocate(c2.android.vorbis.decoder)
04-04 13:36:42.003   676   988 I CCodec  : setting up 'default' as default (vendor) store
04-04 13:36:42.015   676   988 W system_server: AIBinder_linkToDeath is being called with a non-null cookie and no onUnlink callback set. Use AIBinder_DeathRecipient_setOnUnlinked to manage the lifetime of the cookie. This will become an abort.
04-04 13:36:42.016   676   988 I CCodec  : Created component [c2.android.vorbis.decoder] for [c2.android.vorbis.decoder]
04-04 13:36:42.016   676   987 I CCodec  : setting up 'default' as default (vendor) store
04-04 13:36:42.017   676   988 D CCodecConfig: read media type: audio/vorbis
04-04 13:36:42.024   676   987 W system_server: AIBinder_linkToDeath is being called with a non-null cookie and no onUnlink callback set. Use AIBinder_DeathRecipient_setOnUnlinked to manage the lifetime of the cookie. This will become an abort.
04-04 13:36:42.024   676   987 I CCodec  : Created component [c2.android.vorbis.decoder] for [c2.android.vorbis.decoder]
04-04 13:36:42.027   676   987 D CCodecConfig: read media type: audio/vorbis
04-04 13:36:42.030   970   970 D nativeloader: Configuring clns-10 for other apk /data/app/~~Qh3kN3l_HDDRu3o-3V3REg==/com.google.android.webview-NMjTh5g1LMN1YJOmF4aGCQ==/WebViewGoogle.apk. target_sdk_version=36, uses_libraries=, library_path=/data/app/~~Qh3kN3l_HDDRu3o-3V3REg==/com.google.android.webview-NMjTh5g1LMN1YJOmF4aGCQ==/lib/x86_64:/data/app/~~Qh3kN3l_HDDRu3o-3V3REg==/com.google.android.webview-NMjTh5g1LMN1YJOmF4aGCQ==/WebViewGoogle.apk!/lib/x86_64:/data/app/~~a2vOlBGLiTNUPpiBsVB6lg==/com.google.android.trichromelibrary_763204538-6Q3-tZNcW0rTSgO80774Jw==/TrichromeLibrary.apk!/lib/x86_64, permitted_path=/data:/mnt/expand
04-04 13:36:42.037   676   695 W PackageManager: Invalid dex load report. loadingPackageName=null, uid=1037
04-04 13:36:42.040   676   987 D ReflectedParamUpdater: extent() != 1 for single value type: algo.buffers.max-count.values
04-04 13:36:42.042   676   987 D ReflectedParamUpdater: extent() != 1 for single value type: output.subscribed-indices.values
04-04 13:36:42.042   676   987 D ReflectedParamUpdater: extent() != 1 for single value type: input.buffers.allocator-ids.values
04-04 13:36:42.042   676   987 D ReflectedParamUpdater: extent() != 1 for single value type: output.buffers.allocator-ids.values
04-04 13:36:42.043   676   987 D ReflectedParamUpdater: extent() != 1 for single value type: algo.buffers.allocator-ids.values
04-04 13:36:42.043   676   987 D ReflectedParamUpdater: extent() != 1 for single value type: output.buffers.pool-ids.values
04-04 13:36:42.044   676   987 D ReflectedParamUpdater: extent() != 1 for single value type: algo.buffers.pool-ids.values
04-04 13:36:42.047   676   987 I CCodecConfig: query failed after returning 8 values (BAD_INDEX)
04-04 13:36:42.047   676   988 D ReflectedParamUpdater: extent() != 1 for single value type: algo.buffers.max-count.values
04-04 13:36:42.048   676   987 D CCodecConfig: c2 config diff is Dict {
04-04 13:36:42.048   676   987 D CCodecConfig:   c2::u32 coded.bitrate.value = 64000
04-04 13:36:42.048   676   987 D CCodecConfig:   c2::u32 input.buffers.max-size.value = 32768
04-04 13:36:42.048   676   987 D CCodecConfig:   c2::u32 input.delay.value = 0
04-04 13:36:42.048   676   987 D CCodecConfig:   string input.media-type.value = "audio/vorbis"
04-04 13:36:42.048   676   987 D CCodecConfig:   c2::u32 output.large-frame.max-size = 0
04-04 13:36:42.048   676   987 D CCodecConfig:   c2::u32 output.large-frame.threshold-size = 0
04-04 13:36:42.048   676   987 D CCodecConfig:   string output.media-type.value = "audio/raw"
04-04 13:36:42.048   676   987 D CCodecConfig:   c2::u32 raw.channel-count.value = 1
04-04 13:36:42.048   676   987 D CCodecConfig:   c2::u32 raw.sample-rate.value = 48000
04-04 13:36:42.048   676   987 D CCodecConfig: }
04-04 13:36:42.049   676   707 W BLASTSyncEngine: Sync group 0 timeout
04-04 13:36:42.049   676   707 W BLASTSyncEngine: Sync group 0 timed-out because not ready. If you see this, please file a bug.
04-04 13:36:42.049   676   707 E Transition: #0 readiness timeout. state=1
04-04 13:36:42.049   676   707 E Transition:    met conditions: [{displayConfig:Display{#0 state=ON size=1280x2856 ROTATION_0}IGNORED}, {displayConfig:Display{#0 state=ON size=1280x2856 ROTATION_0}IGNORED}]
04-04 13:36:42.049   676   707 E Transition:    unmet conditions: [{Legacy: used=false deferDepth=0 group={}}]
04-04 13:36:42.050   676   707 V WindowManager: Playing [FALLBACK] animation for #0 @0
04-04 13:36:42.051   676   938 I MediaCodec: media_quality service unavailable, skipping updatePictureProfile
04-04 13:36:42.052   676   988 D ReflectedParamUpdater: extent() != 1 for single value type: output.subscribed-indices.values
04-04 13:36:42.052   676   988 D ReflectedParamUpdater: extent() != 1 for single value type: input.buffers.allocator-ids.values
04-04 13:36:42.054   676   988 D ReflectedParamUpdater: extent() != 1 for single value type: output.buffers.allocator-ids.values
04-04 13:36:42.054   676   987 D CCodec  : [c2.android.vorbis.decoder] buffers are bound to CCodec for this session
04-04 13:36:42.054   676   987 D CCodecConfig: no c2 equivalents for durationUs
04-04 13:36:42.054   676   987 D CCodecConfig: no c2 equivalents for track-id
04-04 13:36:42.054   676   987 D CCodecConfig: no c2 equivalents for csd-1
04-04 13:36:42.054   676   987 D CCodecConfig: no c2 equivalents for flags
04-04 13:36:42.054   676   987 D CCodecConfig: c2 config diff is   c2::u32 coded.bitrate.value = 140000
04-04 13:36:42.054   676   707 V WindowManager: Transition animation [FALLBACK] finished #0 @0
04-04 13:36:42.054   676   987 D CCodec  : encoding statistics level = 0
04-04 13:36:42.054   676   987 D CCodec  : setup formats input: AMessage(what = 0x00000000) = {
04-04 13:36:42.054   676   987 D CCodec  :   int32_t bitrate = 140000
04-04 13:36:42.054   676   987 D CCodec  :   int32_t channel-count = 1
04-04 13:36:42.054   676   987 D CCodec  :   int32_t max-input-size = 32768
04-04 13:36:42.054   676   987 D CCodec  :   string mime = "audio/vorbis"
04-04 13:36:42.054   676   987 D CCodec  :   int32_t sample-rate = 48000
04-04 13:36:42.054   676   987 D CCodec  : }
04-04 13:36:42.054   676   987 D CCodec  : setup formats output: AMessage(what = 0x00000000) = {
04-04 13:36:42.054   676   987 D CCodec  :   int32_t buffer-batch-max-output-size = 0
04-04 13:36:42.054   676   987 D CCodec  :   int32_t buffer-batch-threshold-output-size = 0
04-04 13:36:42.054   676   987 D CCodec  :   int32_t channel-count = 1
04-04 13:36:42.054   676   987 D CCodec  :   string mime = "audio/raw"
04-04 13:36:42.054   676   987 D CCodec  :   int32_t sample-rate = 48000
04-04 13:36:42.054   676   987 D CCodec  :   int32_t channel-mask = 1
04-04 13:36:42.054   676   987 D CCodec  :   int32_t android._config-pcm-encoding = 2
04-04 13:36:42.054   676   987 D CCodec  : }
04-04 13:36:42.054   676   988 D ReflectedParamUpdater: extent() != 1 for single value type: algo.buffers.allocator-ids.values
04-04 13:36:42.054   676   987 I CCodecConfig: query failed after returning 8 values (BAD_INDEX)
04-04 13:36:42.054   676   988 D ReflectedParamUpdater: extent() != 1 for single value type: output.buffers.pool-ids.values
04-04 13:36:42.055   676   988 D ReflectedParamUpdater: extent() != 1 for single value type: algo.buffers.pool-ids.values
04-04 13:36:42.055   676   704 V WindowManager: Sent Transition (#0) createdAt=04-04 13:36:40.047 via request=TransitionRequestInfo { type = CHANGE, triggerTask = null, pipChange = null, remoteTransitionInfo = null, displayChange = null, requestedLocation = null, userChange = null, windowingLayerChange = null, fullscreenRequestChange = null, flags = 0, debugId = 0 }
04-04 13:36:42.056   676   704 V WindowManager:     startWCT=WindowContainerTransaction { changes= {} hops= [] flags= 0 errorCallbackToken=null taskFragmentOrganizer=null }
04-04 13:36:42.056   676   704 V WindowManager:     info={id=0 t=CHANGE f=0x0 trk=0 r=[] c=[]}
04-04 13:36:42.056   676   704 V WindowManager: Finish Transition (#0): created at 04-04 13:36:40.047 collect-started=0.169ms request-sent=0.25ms started=5.759ms ready=-22046.572ms sent=2002.602ms finished=2007.082ms
04-04 13:36:42.062   676   987 E system_server: Failed to query component interface for required system resources: 6
04-04 13:36:42.070   676   987 D CCodecBufferChannel: [c2.android.vorbis.decoder#648] Created input block pool with allocatorID 16 => poolID 19 - OK (0)
04-04 13:36:42.071   676   987 I CCodecBufferChannel: [c2.android.vorbis.decoder#648] Created output block pool with allocatorID 16 => poolID 23 - OK
04-04 13:36:42.071   676   988 I CCodecConfig: query failed after returning 8 values (BAD_INDEX)
04-04 13:36:42.071   676   988 D CCodecConfig: c2 config diff is Dict {
04-04 13:36:42.071   676   988 D CCodecConfig:   c2::u32 coded.bitrate.value = 64000
04-04 13:36:42.071   676   988 D CCodecConfig:   c2::u32 input.buffers.max-size.value = 32768
04-04 13:36:42.071   676   988 D CCodecConfig:   c2::u32 input.delay.value = 0
04-04 13:36:42.071   676   988 D CCodecConfig:   string input.media-type.value = "audio/vorbis"
04-04 13:36:42.071   676   988 D CCodecConfig:   c2::u32 output.large-frame.max-size = 0
04-04 13:36:42.071   676   988 D CCodecConfig:   c2::u32 output.large-frame.threshold-size = 0
04-04 13:36:42.071   676   988 D CCodecConfig:   string output.media-type.value = "audio/raw"
04-04 13:36:42.071   676   988 D CCodecConfig:   c2::u32 raw.channel-count.value = 1
04-04 13:36:42.071   676   988 D CCodecConfig:   c2::u32 raw.sample-rate.value = 48000
04-04 13:36:42.071   676   988 D CCodecConfig: }
04-04 13:36:42.073   676   987 D CCodecBufferChannel: [c2.android.vorbis.decoder#648] Configured output block pool ids 23 => OK
04-04 13:36:42.073   594   973 E Codec2-ComponentInterface: We have a failed config
04-04 13:36:42.075   676   937 I MediaCodec: media_quality service unavailable, skipping updatePictureProfile
04-04 13:36:42.078   676   988 D CCodec  : [c2.android.vorbis.decoder] buffers are bound to CCodec for this session
04-04 13:36:42.078   676   988 D CCodecConfig: no c2 equivalents for durationUs
04-04 13:36:42.078   676   988 D CCodecConfig: no c2 equivalents for track-id
04-04 13:36:42.078   676   988 D CCodecConfig: no c2 equivalents for csd-1
04-04 13:36:42.078   676   988 D CCodecConfig: no c2 equivalents for flags
04-04 13:36:42.081   992   992 I libbinder.AidlLazyServiceRegistrar: Registering service android.hardware.gnss.IGnss/default
04-04 13:36:42.083   676   988 D CCodecConfig: c2 config diff is   c2::u32 coded.bitrate.value = 140000
04-04 13:36:42.083   594   994 D SimpleC2Component: Using output block pool with poolID 23 => got 23 - 0
04-04 13:36:42.083   594   594 W mediaswcodec: AIBinder_linkToDeath is being called with a non-null cookie and no onUnlink callback set. Use AIBinder_DeathRecipient_setOnUnlinked to manage the lifetime of the cookie. This will become an abort.
04-04 13:36:42.083   676   987 W system_server: AIBinder_linkToDeath is being called with a non-null cookie and no onUnlink callback set. Use AIBinder_DeathRecipient_setOnUnlinked to manage the lifetime of the cookie. This will become an abort.
04-04 13:36:42.084   676   988 D CCodec  : encoding statistics level = 0
04-04 13:36:42.084   676   988 D CCodec  : setup formats input: AMessage(what = 0x00000000) = {
04-04 13:36:42.084   676   988 D CCodec  :   int32_t bitrate = 140000
04-04 13:36:42.084   676   988 D CCodec  :   int32_t channel-count = 1
04-04 13:36:42.084   676   988 D CCodec  :   int32_t max-input-size = 32768
04-04 13:36:42.084   676   988 D CCodec  :   string mime = "audio/vorbis"
04-04 13:36:42.084   676   988 D CCodec  :   int32_t sample-rate = 48000
04-04 13:36:42.084   676   988 D CCodec  : }
04-04 13:36:42.084   676   988 D CCodec  : setup formats output: AMessage(what = 0x00000000) = {
04-04 13:36:42.084   676   988 D CCodec  :   int32_t buffer-batch-max-output-size = 0
04-04 13:36:42.084   676   988 D CCodec  :   int32_t buffer-batch-threshold-output-size = 0
04-04 13:36:42.084   676   988 D CCodec  :   int32_t channel-count = 1
04-04 13:36:42.084   676   988 D CCodec  :   string mime = "audio/raw"
04-04 13:36:42.084   676   988 D CCodec  :   int32_t sample-rate = 48000
04-04 13:36:42.084   676   988 D CCodec  :   int32_t channel-mask = 1
04-04 13:36:42.084   676   988 D CCodec  :   int32_t android._config-pcm-encoding = 2
04-04 13:36:42.084   676   988 D CCodec  : }
04-04 13:36:42.086   676   988 I CCodecConfig: query failed after returning 8 values (BAD_INDEX)
04-04 13:36:42.086   676   988 E system_server: Failed to query component interface for required system resources: 6
04-04 13:36:42.099   676   988 D CCodecBufferChannel: [c2.android.vorbis.decoder#547] Created input block pool with allocatorID 16 => poolID 20 - OK (0)
04-04 13:36:42.111   612   657 D BootAnimation: Playing files = /product/media/bootanimation.zip/part3, Requested repeat = 0, playUntilComplete = false
04-04 13:36:42.115   992   996 I libbinder.AidlLazyServiceRegistrar: Process has 1 (of 1 available) client(s) in use after notification android.hardware.gnss.IGnss/default has clients: 1
04-04 13:36:42.118   676   988 I CCodecBufferChannel: [c2.android.vorbis.decoder#547] Created output block pool with allocatorID 16 => poolID 24 - OK
04-04 13:36:42.120   676   988 D CCodecBufferChannel: [c2.android.vorbis.decoder#547] Configured output block pool ids 24 => OK
04-04 13:36:42.120   594   634 E Codec2-ComponentInterface: We have a failed config
04-04 13:36:42.124   542   642 I adbd    : host-15: connection terminated: read failed
04-04 13:36:42.132   676   676 D GnssJni : Successfully got GNSS AIDL handle. Version=2.
04-04 13:36:42.132   676   978 W system_server: AIBinder_linkToDeath is being called with a non-null cookie and no onUnlink callback set. Use AIBinder_DeathRecipient_setOnUnlinked to manage the lifetime of the cookie. This will become an abort.
