04-04 13:36:42.134   594   994 W mediaswcodec: AIBinder_linkToDeath is being called with a non-null cookie and no onUnlink callback set. Use AIBinder_DeathRecipient_setOnUnlinked to manage the lifetime of the cookie. This will become an abort.
04-04 13:36:42.135   594   634 W mediaswcodec: AIBinder_linkToDeath is being called with a non-null cookie and no onUnlink callback set. Use AIBinder_DeathRecipient_setOnUnlinked to manage the lifetime of the cookie. This will become an abort.
04-04 13:36:42.135   676   988 W system_server: AIBinder_linkToDeath is being called with a non-null cookie and no onUnlink callback set. Use AIBinder_DeathRecipient_setOnUnlinked to manage the lifetime of the cookie. This will become an abort.
04-04 13:36:42.134   594   993 D SimpleC2Component: Using output block pool with poolID 24 => got 24 - 0
04-04 13:36:42.151   676   695 W system_server: AIBinder_linkToDeath is being called with a non-null cookie and no onUnlink callback set. Use AIBinder_DeathRecipient_setOnUnlinked to manage the lifetime of the cookie. This will become an abort.
04-04 13:36:42.152   594   993 W mediaswcodec: AIBinder_linkToDeath is being called with a non-null cookie and no onUnlink callback set. Use AIBinder_DeathRecipient_setOnUnlinked to manage the lifetime of the cookie. This will become an abort.
04-04 13:36:42.158   676   676 D GnssJni : Successfully linked to GNSS AIDL HAl death notification
04-04 13:36:42.170   676   676 D GnssCallbackJni: gnssSetCapabilitiesCb: 65u
04-04 13:36:42.171   676   676 I GnssManager: gnss capabilities changed to [SCHEDULING ACCUMULATED_DELTA_RANGE(unknown)]
04-04 13:36:42.172   676   676 D GnssCallbackJni: gnssSetSystemInfoCb: yearOfHw=2023, name=Android Studio Emulator GPS
04-04 13:36:42.173   676   704 D GnssLocationProvider: onCapabilitiesChanged
04-04 13:36:42.173   676   704 W AlarmManager: Unrecognized alarm listener com.android.server.location.gnss.GnssLocationProvider$$ExternalSyntheticLambda14@2833551
04-04 13:36:42.173   676   704 W AlarmManager: Unrecognized alarm listener com.android.server.location.gnss.GnssLocationProvider$$ExternalSyntheticLambda13@9c291b6
04-04 13:36:42.179   676   676 D GnssLocationProviderJni: GnssPowerIndicationCallback::setCapabilitiesCb: 63u
04-04 13:36:42.179   676   676 I GnssManager: gnss capabilities changed to [SCHEDULING ACCUMULATED_DELTA_RANGE(unknown) TOTAL_POWER SINGLEBAND_TRACKING_POWER MULTIBAND_TRACKING_POWER SINGLEBAND_ACQUISITION_POWER MULTIBAND_ACQUISITION_POWER OTHER_MODES_POWER]
04-04 13:36:42.180   676   704 D GnssLocationProvider: onCapabilitiesChanged
04-04 13:36:42.182   676   676 I GnssManager: gnss hal initialized
04-04 13:36:42.182   676   676 I GnssManager: gnss hal started
04-04 13:36:42.182   676   987 D CCodecBuffers: [c2.android.vorbis.decoder#648:Output[N]] grabBuffer failed: -12
04-04 13:36:42.182   676   987 D CCodecBuffers: [c2.android.vorbis.decoder#648:Output[N]] reallocating with linear buffer of size 512
04-04 13:36:42.182   676   704 W AlarmManager: Unrecognized alarm listener com.android.server.location.gnss.GnssLocationProvider$$ExternalSyntheticLambda14@2833551
04-04 13:36:42.182   676   704 W AlarmManager: Unrecognized alarm listener com.android.server.location.gnss.GnssLocationProvider$$ExternalSyntheticLambda13@9c291b6
04-04 13:36:42.184   676   676 I ServiceWatcher: [GnssAssistanceProxy] chose new implementation null
04-04 13:36:42.187   676   676 I ServiceWatcher: [GeocoderProxy] chose new implementation null
04-04 13:36:42.188   676   676 E LocationManagerService: no population density provider found
04-04 13:36:42.188   676   676 E ActivityRecognitionHardware: activity_recognition HAL is deprecated. is_supported is effectively a no-op
04-04 13:36:42.188   676   676 I ServiceWatcher: [HardwareActivityRecognitionProxy] chose new implementation null
04-04 13:36:42.189   676   676 I ServiceWatcher: [GeofenceProxy] chose new implementation null
04-04 13:36:42.190   676   676 W SystemServiceManager: Service com.android.server.location.LocationManagerService$Lifecycle took 291 ms in onBootPhase
04-04 13:36:42.190   676   676 D SystemServerTiming: OnBootPhase_600_com.android.server.timezonedetector.TimeZoneDetectorService$Lifecycle
04-04 13:36:42.190   676   676 D SystemServerTiming: OnBootPhase_600_com.android.server.location.altitude.AltitudeService$Lifecycle
04-04 13:36:42.190   676   676 D SystemServerTiming: OnBootPhase_600_com.android.server.timezonedetector.location.LocationTimeZoneManagerService$Lifecycle
04-04 13:36:42.190   676   676 D SystemServerTiming: OnBootPhase_600_com.android.server.search.SearchManagerService$Lifecycle
04-04 13:36:42.190   676   676 D SystemServerTiming: OnBootPhase_600_com.android.server.wallpaper.WallpaperManagerService$Lifecycle
04-04 13:36:42.191   676   676 D WallpaperManagerService: Wallpaper_switch-user-0
04-04 13:36:42.191   676   676 V WallpaperManagerService: bindWallpaperComponentLocked: componentName=ComponentInfo{com.android.systemui/com.android.systemui.wallpapers.ImageWallpaper}
04-04 13:36:42.191   676   676 D WallpaperManagerService: WPMS.bindWallpaperComponentLocked-ComponentInfo{com.android.systemui/com.android.systemui.wallpapers.ImageWallpaper}
04-04 13:36:42.193   676   676 D SystemServerTiming: OnBootPhase_600_com.android.server.wallpapereffectsgeneration.WallpaperEffectsGenerationManagerService
04-04 13:36:42.194   676   676 D SystemServerTiming: OnBootPhase_600_com.android.server.audio.AudioService$Lifecycle
04-04 13:36:42.194   676   676 D SystemServerTiming: OnBootPhase_600_com.android.server.soundtrigger_middleware.SoundTriggerMiddlewareService$Lifecycle
04-04 13:36:42.194   676   676 D SystemServerTiming: OnBootPhase_600_com.android.server.DockObserver
04-04 13:36:42.194   676   676 D SystemServerTiming: OnBootPhase_600_com.android.server.midi.MidiService$Lifecycle
04-04 13:36:42.194   676   676 D SystemServerTiming: OnBootPhase_600_com.android.server.adb.AdbService$Lifecycle
04-04 13:36:42.194   676   676 D SystemServerTiming: OnBootPhase_600_com.android.server.usb.UsbService$Lifecycle
04-04 13:36:42.194   676   676 D SystemServerTiming: OnBootPhase_600_com.android.server.serial.SerialManagerService$Lifecycle
04-04 13:36:42.194   676   676 D SystemServerTiming: OnBootPhase_600_com.android.server.twilight.TwilightService
04-04 13:36:42.194   676   676 D SystemServerTiming: OnBootPhase_600_com.android.server.display.color.ColorDisplayService
04-04 13:36:42.194   676   676 D SystemServerTiming: OnBootPhase_600_com.android.server.job.JobSchedulerService
04-04 13:36:42.195   676   987 D CCodecBuffers: [c2.android.vorbis.decoder#648:Output[N]] grabBuffer failed: -12
04-04 13:36:42.195   676   987 D CCodecBuffers: [c2.android.vorbis.decoder#648:Output[N]] reallocating with linear buffer of size 2304
04-04 13:36:42.197   676   988 D CCodecBufferChannel: [c2.android.vorbis.decoder#547] MediaCodec discarded an unknown buffer
04-04 13:36:42.198   676   988 D CCodecBufferChannel: [c2.android.vorbis.decoder#547] MediaCodec discarded an unknown buffer
04-04 13:36:42.198   676   676 D ConnectivityService: requestNetwork for uid/pid:1000/676 asUid: 10222 activeRequest: null callbackRequest: 19 [NetworkRequest [ REQUEST id=20, [ Capabilities: INTERNET&NOT_RESTRICTED&TRUSTED&NOT_VCN_MANAGED&NOT_BANDWIDTH_CONSTRAINED Uid: 10222 RequestorUid: 1000 RequestorPkg: android UnderlyingNetworks: Null] ]] callback flags: 0 order: 2147483647 isUidTracked: false declaredMethods: AVAIL|LOST|BLK
04-04 13:36:42.198   676   988 D CCodecBufferChannel: [c2.android.vorbis.decoder#547] MediaCodec discarded an unknown buffer
04-04 13:36:42.199   676   837 D ConnectivityService: NetReassign [no changes] [c 0] [a 0] [i 0]
04-04 13:36:42.203   676   997 D CCodec  : hold CodecLooper(1) until release
04-04 13:36:42.204   676   676 D ConnectivityService: requestNetwork for uid/pid:1000/676 asUid: 10172 activeRequest: null callbackRequest: 21 [NetworkRequest [ REQUEST id=22, [ Capabilities: INTERNET&NOT_RESTRICTED&TRUSTED&NOT_VCN_MANAGED&NOT_BANDWIDTH_CONSTRAINED Uid: 10172 RequestorUid: 1000 RequestorPkg: android UnderlyingNetworks: Null] ]] callback flags: 0 order: 2147483647 isUidTracked: false declaredMethods: AVAIL|LOST|BLK
04-04 13:36:42.205   676   837 D ConnectivityService: NetReassign [no changes] [c 1] [a 0] [i 0]
04-04 13:36:42.205   676   676 D ConnectivityService: requestNetwork for uid/pid:1000/676 asUid: 10154 activeRequest: null callbackRequest: 23 [NetworkRequest [ REQUEST id=24, [ Capabilities: INTERNET&NOT_RESTRICTED&TRUSTED&NOT_VCN_MANAGED&NOT_BANDWIDTH_CONSTRAINED Uid: 10154 RequestorUid: 1000 RequestorPkg: android UnderlyingNetworks: Null] ]] callback flags: 0 order: 2147483647 isUidTracked: false declaredMethods: AVAIL|LOST|BLK
04-04 13:36:42.206   676   676 D ConnectivityService: requestNetwork for uid/pid:1000/676 asUid: 10148 activeRequest: null callbackRequest: 25 [NetworkRequest [ REQUEST id=26, [ Capabilities: INTERNET&NOT_RESTRICTED&TRUSTED&NOT_VCN_MANAGED&NOT_BANDWIDTH_CONSTRAINED Uid: 10148 RequestorUid: 1000 RequestorPkg: android UnderlyingNetworks: Null] ]] callback flags: 0 order: 2147483647 isUidTracked: false declaredMethods: AVAIL|LOST|BLK
04-04 13:36:42.210   676   837 D ConnectivityService: NetReassign [no changes] [c 0] [a 4] [i 0]
04-04 13:36:42.211   676   837 D ConnectivityService: NetReassign [no changes] [c 0] [a 0] [i 0]
04-04 13:36:42.211   594   634 D AidlBufferPool: Destruction - bufferpool2 0x72b02b03d858 cached: 0/0M, 0/0% in use; allocs: 0, 0% recycled; transfers: 0, 0% unfetched
04-04 13:36:42.212   676   676 D ConnectivityService: requestNetwork for uid/pid:1000/676 asUid: 10147 activeRequest: null callbackRequest: 27 [NetworkRequest [ REQUEST id=28, [ Capabilities: INTERNET&NOT_RESTRICTED&TRUSTED&NOT_VCN_MANAGED&NOT_BANDWIDTH_CONSTRAINED Uid: 10147 RequestorUid: 1000 RequestorPkg: android UnderlyingNetworks: Null] ]] callback flags: 0 order: 2147483647 isUidTracked: false declaredMethods: AVAIL|LOST|BLK
04-04 13:36:42.213   676   837 D ConnectivityService: NetReassign [no changes] [c 0] [a 0] [i 0]
04-04 13:36:42.221   676   837 D ConnectivityService: NetReassign [no changes] [c 0] [a 0] [i 0]
04-04 13:36:42.223   676   676 D SystemServerTiming: OnBootPhase_600_com.android.server.soundtrigger.SoundTriggerService
04-04 13:36:42.223   676   676 D SoundTriggerService: onBootPhase: 600 : false
04-04 13:36:42.225   676   676 D SystemServerTiming: OnBootPhase_600_com.android.server.trust.TrustManagerService
04-04 13:36:42.229   327   327 I keystore2: system/security/keystore2/src/authorization.rs:253 - add LockStateNotification { user: AndroidUserId(0), state: DeviceUnlocked { password: None } } to notification queue
04-04 13:36:42.230   327   998 I keystore2: system/security/keystore2/src/authorization.rs:255 - process LockStateNotification { user: AndroidUserId(0), state: DeviceUnlocked { password: None } } from notification queue
04-04 13:36:42.230   327   998 I keystore2: system/security/keystore2/src/authorization.rs:163 - on_device_unlocked(AndroidUserId(0), password.is_some()=false)
04-04 13:36:42.231   327   998 I keystore2: system/security/keystore2/src/database.rs:1201 - Setting synchronous=EXTRA
04-04 13:36:42.231   676   676 I ServiceWatcher: [TrustManagerService] chose new implementation null
04-04 13:36:42.231   676   676 D SystemServerTiming: OnBootPhase_600_com.android.server.backup.BackupManagerService$Lifecycle
04-04 13:36:42.231   676   676 D SystemServerTiming: OnBootPhase_600_com.android.server.appwidget.AppWidgetService
04-04 13:36:42.231   676   676 D SystemServerTiming: OnBootPhase_600_com.android.server.GestureLauncherService
04-04 13:36:42.232   676   676 D SystemServerTiming: OnBootPhase_600_com.android.server.SensorNotificationService
04-04 13:36:42.232   676   676 W SensorService: Failed to linkToDeath for listener (pid=676, uid=1000), error=-38. Aborting registration.
04-04 13:36:42.233   676   676 D SystemServerTiming: OnBootPhase_600_com.android.server.ContextHubSystemService
04-04 13:36:42.233   676   676 D SystemServerTiming: OnBootPhase_600_com.android.server.emergency.EmergencyAffordanceService
04-04 13:36:42.235   676   676 D SystemServerTiming: OnBootPhase_600_com.android.server.blob.BlobStoreManagerService
04-04 13:36:42.239   676   987 D CCodecBufferChannel: [c2.android.vorbis.decoder#648] MediaCodec discarded an unknown buffer
04-04 13:36:42.240   676   676 D SystemServerTiming: OnBootPhase_600_com.android.server.dreams.DreamManagerService
04-04 13:36:42.241   676   676 D SystemServerTiming: OnBootPhase_600_com.android.server.personalcontext.PersonalContextManagerService
04-04 13:36:42.241   676   676 D SystemServerTiming: OnBootPhase_600_com.android.server.print.PrintManagerService
04-04 13:36:42.241   676   676 D SystemServerTiming: OnBootPhase_600_com.android.server.security.AttestationVerificationManagerService
04-04 13:36:42.241   676   676 D SystemServerTiming: OnBootPhase_600_com.android.server.companion.CompanionDeviceManagerService
04-04 13:36:42.242   676   676 D SystemServerTiming: OnBootPhase_600_com.android.server.companion.datatransfer.continuity.TaskContinuityManagerService
04-04 13:36:42.242   676   676 D SystemServerTiming: OnBootPhase_600_com.android.server.companion.virtual.VirtualDeviceManagerService
04-04 13:36:42.242   676   676 D SystemServerTiming: OnBootPhase_600_com.android.server.restrictions.RestrictionsManagerService
04-04 13:36:42.242   676   676 D SystemServerTiming: OnBootPhase_600_com.android.server.media.MediaSessionService
04-04 13:36:42.242   676   676 D SystemServerTiming: OnBootPhase_600_com.android.server.media.MediaResourceMonitorService
04-04 13:36:42.242   676   676 D SystemServerTiming: OnBootPhase_600_com.android.server.biometrics.sensors.fingerprint.FingerprintService
04-04 13:36:42.242   676   676 D SystemServerTiming: OnBootPhase_600_com.android.server.biometrics.BiometricService
04-04 13:36:42.242   676   676 D SystemServerTiming: OnBootPhase_600_com.android.server.biometrics.AuthService
04-04 13:36:42.242   676   676 D SystemServerTiming: OnBootPhase_600_com.android.server.security.authenticationpolicy.SecureLockDeviceService$Lifecycle
04-04 13:36:42.242   676   676 D SystemServerTiming: OnBootPhase_600_com.android.server.security.authenticationpolicy.WatchRangingService$Lifecycle
04-04 13:36:42.242   676   676 D SystemServerTiming: OnBootPhase_600_com.android.server.security.authenticationpolicy.agent.AgentAuthService$Lifecycle
04-04 13:36:42.242   676   676 D SystemServerTiming: OnBootPhase_600_com.android.server.security.authenticationpolicy.AuthenticationPolicyService
04-04 13:36:42.242   676   676 D SystemServerTiming: OnBootPhase_600_com.android.server.pm.ShortcutService$Lifecycle
04-04 13:36:42.242   676   676 D SystemServerTiming: OnBootPhase_600_com.android.server.pm.LauncherAppsService
04-04 13:36:42.242   676   676 D SystemServerTiming: OnBootPhase_600_com.android.server.pm.CrossProfileAppsService
04-04 13:36:42.242   676   676 D SystemServerTiming: OnBootPhase_600_com.android.server.people.PeopleService
04-04 13:36:42.242   676   676 D SystemServerTiming: OnBootPhase_600_com.android.server.media.metrics.MediaMetricsManagerService
04-04 13:36:42.242   676   676 D SystemServerTiming: OnBootPhase_600_com.android.server.pm.BackgroundInstallControlService
04-04 13:36:42.242   676   676 D SystemServerTiming: OnBootPhase_600_com.android.server.media.projection.MediaProjectionManagerService
04-04 13:36:42.242   676   676 D SystemServerTiming: OnBootPhase_600_com.android.server.slice.SliceManagerService$Lifecycle
04-04 13:36:42.242   676   676 D SystemServerTiming: OnBootPhase_600_com.android.server.stats.StatsCompanion$Lifecycle
04-04 13:36:42.242   676   676 W AlarmManager: Unrecognized alarm listener com.android.server.stats.StatsCompanionService$PullingAlarmListener@f7ea10
04-04 13:36:42.242   676   676 W AlarmManager: Unrecognized alarm listener com.android.server.stats.StatsCompanionService$PeriodicAlarmListener@b3fb909
04-04 13:36:42.243   456   456 W Zygote  : forkRepeatedly terminated due to non-simple command
04-04 13:36:42.243   676   937 D MediaCodecList: codecHandlesFormat: no format, so no extra checks
04-04 13:36:42.243   456   456 D Zygote  : mbuffer starts with 16, nice name is webview_zygote, mEnd = 443, mNext = 183, mLinesLeft = 7, mFd = 5
04-04 13:36:42.244   676   937 I MediaCodec: Retry enabled for HDCP failure
04-04 13:36:42.245   970   970 I WebViewLoader-x: System.exit called, status: 0
04-04 13:36:42.245   970   970 I AndroidRuntime: VM exiting with result code 0, cleanup skipped.
04-04 13:36:42.245   676   704 D GnssCallbackJni: gnssSetCapabilitiesCb: 65u
04-04 13:36:42.245   676   704 D GnssCallbackJni: gnssSetSystemInfoCb: yearOfHw=2023, name=Android Studio Emulator GPS
04-04 13:36:42.247   455   459 W statsd  : AIBinder_linkToDeath is being called with a non-null cookie and no onUnlink callback set. Use AIBinder_DeathRecipient_setOnUnlinked to manage the lifetime of the cookie. This will become an abort.
04-04 13:36:42.248   676   704 D GnssLocationProviderJni: GnssPowerIndicationCallback::setCapabilitiesCb: 63u
04-04 13:36:42.253   456   456 W Zygote  : Resorting to Java fork code; multipleOK = true
04-04 13:36:42.253   676   704 I GnssVisibilityControl: Updating non-framework location access proxy apps in the GNSS HAL to: []
04-04 13:36:42.253   676   676 I StatsCompanionService: Told statsd that StatsCompanionService is alive.
04-04 13:36:42.254   676   676 D SystemServerTiming: OnBootPhase_600_com.android.server.scheduling.RebootReadinessManagerService$Lifecycle
04-04 13:36:42.254   676   676 D SystemServerTiming: OnBootPhase_600_com.android.server.stats.pull.StatsPullAtomService
04-04 13:36:42.254   676   676 D SystemServerTiming: OnBootPhase_600_com.android.server.stats.bootstrap.StatsBootstrapAtomService$Lifecycle
04-04 13:36:42.254   676   676 D SystemServerTiming: OnBootPhase_600_com.android.server.stats.binder.BinderStatsConsumerService$Lifecycle
04-04 13:36:42.254   676  1011 D CCodec  : hold CodecLooper(1) until release
04-04 13:36:42.254   676   676 D SystemServerTiming: OnBootPhase_600_com.android.server.incident.IncidentCompanionService
04-04 13:36:42.254   676   676 D SystemServerTiming: OnBootPhase_600_com.android.server.sdksandbox.SdkSandboxManagerService$Lifecycle
04-04 13:36:42.254   676   676 D SystemServerTiming: OnBootPhase_600_com.android.server.adservices.AdServicesManagerService$Lifecycle
04-04 13:36:42.254   676   676 D SystemServerTiming: OnBootPhase_600_com.android.server.ondevicepersonalization.OnDevicePersonalizationSystemService$Lifecycle
04-04 13:36:42.254   676   676 D SystemServerTiming: OnBootPhase_600_android.os.profiling.ProfilingService$Lifecycle
04-04 13:36:42.254   676   676 D SystemServerTiming: OnBootPhase_600_com.android.os.profiling.anomaly.AnomalyDetectorService
04-04 13:36:42.254   676   676 D SystemServerTiming: OnBootPhase_600_com.android.server.signalcollector.SignalCollectorService
04-04 13:36:42.254   676   676 D SystemServerTiming: OnBootPhase_600_com.android.uprobestats.UprobeStatsBridgeService
04-04 13:36:42.254   676   676 D SystemServerTiming: OnBootPhase_600_com.android.server.MmsServiceBroker
04-04 13:36:42.254   676   676 D SystemServerTiming: OnBootPhase_600_com.android.server.autofill.AutofillManagerService
04-04 13:36:42.255   676   704 I GnssBlocklistHelper: Update GNSS satellite blocklist: 
04-04 13:36:42.255   456   456 I Zygote  : Process 970 exited cleanly (0)
04-04 13:36:42.255   676   978 I ActivityManager: Process WebViewLoader-x86_64 (pid 970) has died: psvc PER 
04-04 13:36:42.255   676   704 W AlarmManager: Unrecognized alarm listener com.android.server.location.gnss.GnssLocationProvider$$ExternalSyntheticLambda14@2833551
04-04 13:36:42.256   676   704 W AlarmManager: Unrecognized alarm listener com.android.server.location.gnss.GnssLocationProvider$$ExternalSyntheticLambda13@9c291b6
04-04 13:36:42.256   594   634 I libbinder.BpBinder: onLastStrongRef automatically unlinking death recipients for binder (0x72afbb00d6b0) with descriptor: 'android.hardware.media.bufferpool2.IClientManager'
04-04 13:36:42.260   676   676 D SystemServerTiming: OnBootPhase_600_com.android.server.credentials.CredentialManagerService
04-04 13:36:42.261   676   716 I libprocessgroup: Removed cgroup /sys/fs/cgroup/system/uid_1037/pid_970
04-04 13:36:42.264   594   634 D AidlBufferPool: Destruction - bufferpool2 0x72b02b03a578 cached: 0/0M, 0/0% in use; allocs: 0, 0% recycled; transfers: 0, 0% unfetched
04-04 13:36:42.265   676   937 W system_server: Failed to query component store for system resources: 6
04-04 13:36:42.266   676   676 D SystemServerTiming: OnBootPhase_600_com.android.server.translation.TranslationManagerService
04-04 13:36:42.267   676  1000 D CCodec  : allocate(c2.android.vorbis.decoder)
04-04 13:36:42.267   676   676 D SystemServerTiming: OnBootPhase_600_com.android.server.clipboard.ClipboardService
04-04 13:36:42.268   676   676 D SystemServerTiming: OnBootPhase_600_com.android.server.selectiontoolbar.SelectionToolbarManagerService
04-04 13:36:42.268   676   676 D SystemServerTiming: OnBootPhase_600_com.android.server.appbinding.AppBindingService$Lifecycle
04-04 13:36:42.268   676   676 D SystemServerTiming: OnBootPhase_600_com.android.server.tracing.TracingServiceProxy
04-04 13:36:42.268   676   676 D SystemServerTiming: OnBootPhase_600_com.android.server.os.instrumentation.DynamicInstrumentationManagerService
04-04 13:36:42.268   676   676 D SystemServerTiming: OnBootPhase_600_com.android.server.policy.PermissionPolicyService
04-04 13:36:42.268   676   676 D SystemServerTiming: OnBootPhase_600_com.android.server.pm.StagingManager$Lifecycle
04-04 13:36:42.268   676   676 D SystemServerTiming: OnBootPhase_600_com.android.server.crashrecovery.CrashRecoveryModule$Lifecycle
04-04 13:36:42.271   676   676 I ExplicitHealthCheckController: Explicit health checks enabled.
04-04 13:36:42.271   676   676 I PackageWatchdog: Syncing state, reason: health check state enabled
04-04 13:36:42.271   676   676 D SystemServerTiming: OnBootPhase_600_com.android.server.app.GameManagerService$Lifecycle
04-04 13:36:42.271   676   676 D SystemServerTiming: OnBootPhase_600_com.android.server.uwb.UwbService
04-04 13:36:42.271   676   676 D SystemServerTiming: OnBootPhase_600_com.android.server.ranging.RangingService
04-04 13:36:42.271   676   676 D SystemServerTiming: OnBootPhase_600_com.android.safetycenter.SafetyCenterService
04-04 13:36:42.271   676   676 D SystemServerTiming: OnBootPhase_600_com.android.server.appsearch.AppSearchModule$Lifecycle
04-04 13:36:42.271   676   676 D SystemServerTiming: OnBootPhase_600_com.android.server.media.MediaCommunicationService
04-04 13:36:42.271   676   676 D SystemServerTiming: OnBootPhase_600_com.android.server.compat.overrides.AppCompatOverridesService$Lifecycle
04-04 13:36:42.271   676   676 D SystemServerTiming: OnBootPhase_600_com.android.server.healthconnect.HealthConnectManagerService
04-04 13:36:42.271   676   676 D SystemServerTiming: OnBootPhase_600_com.android.server.devicelock.DeviceLockService
04-04 13:36:42.271   676   676 D DeviceLockService: onBootPhase: 600
04-04 13:36:42.271   676   676 D SystemServerTiming: OnBootPhase_600_com.android.server.SensitiveContentProtectionManagerService
04-04 13:36:42.271   676   676 D SystemServerTiming: StartNetworkStack
04-04 13:36:42.272   676   676 D ConnectivityModuleConnector: Starting networking module android.net.INetworkStackConnector
04-04 13:36:42.273   676   676 D ConnectivityModuleConnector: Starting networking module in network_stack process
04-04 13:36:42.275   676   676 V GrammaticalInflectionUtils: AttributionSource: android.content.AttributionSource@d4a1b16 does not have READ_SYSTEM_GRAMMATICAL_GENDER permission.
04-04 13:36:42.276   676   676 D ConnectivityModuleConnector: Networking module service start requested
04-04 13:36:42.276   676   676 D NetworkStackClient: Network stack service start requested
04-04 13:36:42.276   676   676 D SystemServerTiming: StartTethering
04-04 13:36:42.277   676   676 D ConnectivityModuleConnector: Starting networking module android.net.ITetheringConnector
04-04 13:36:42.277   676   676 D ConnectivityModuleConnector: Starting networking module in network_stack process
04-04 13:36:42.279   676   723 I PackageWatchdog: Saving observer state to file
04-04 13:36:42.279   676   676 D ConnectivityModuleConnector: Networking module service start requested
04-04 13:36:42.279   676   676 D SystemServerTiming: MakeCountryDetectionServiceReady
04-04 13:36:42.279   676   676 D SystemServerTiming: MakeNetworkTimeUpdateReady
04-04 13:36:42.280   676   676 D ConnectivityService: requestNetwork for uid/pid:1000/676 activeRequest: null callbackRequest: 30 [NetworkRequest [ REQUEST id=31, [ Capabilities: INTERNET&NOT_RESTRICTED&TRUSTED&NOT_VCN_MANAGED&NOT_BANDWIDTH_CONSTRAINED Uid: 1000 RequestorUid: 1000 RequestorPkg: android UnderlyingNetworks: Null] ]] callback flags: 0 order: 2147483647 isUidTracked: false declaredMethods: AVAIL|LOST
04-04 13:36:42.280   676  1000 I CCodec  : setting up 'default' as default (vendor) store
04-04 13:36:42.280   676   676 D SystemServerTiming: MakeTelephonyRegistryReady
04-04 13:36:42.282   676   837 D ConnectivityService: NetReassign [no changes] [c 0] [a 0] [i 0]
04-04 13:36:42.282   676   676 D SystemServerTiming: MakeMediaRouterServiceReady
04-04 13:36:42.282   676   676 I MR2ServiceImpl: switchUser | user: 0
04-04 13:36:42.282   676   676 D SystemServerTiming: MakeMmsServiceReady
04-04 13:36:42.282   676   676 I MmsServiceBroker: Delay connecting to MmsService until an API is called
04-04 13:36:42.282   676   676 D SystemServerTiming: IncidentDaemonReady
04-04 13:36:42.286   676   676 D SystemServerTiming: MakeIncrementalServiceReady
04-04 13:36:42.286   676   676 D SystemServerTiming: OdsignStatsLogger
04-04 13:36:42.286   676   676 D SystemServerTiming: getCurrentUser
04-04 13:36:42.286   676   676 I ActivityManager: Current user:0
04-04 13:36:42.286   676   676 D SystemServerTiming: ActivityManagerStartApps
04-04 13:36:42.287   676   713 W BestClock: java.time.DateTimeException: No network time available
04-04 13:36:42.288   676   704 D LocationManagerService: allowedPackages=null
04-04 13:36:42.290   676  1000 W system_server: AIBinder_linkToDeath is being called with a non-null cookie and no onUnlink callback set. Use AIBinder_DeathRecipient_setOnUnlinked to manage the lifetime of the cookie. This will become an abort.
04-04 13:36:42.290   676  1000 I CCodec  : Created component [c2.android.vorbis.decoder] for [c2.android.vorbis.decoder]
04-04 13:36:42.295   676  1000 D CCodecConfig: read media type: audio/vorbis
04-04 13:36:42.295   456   456 D Zygote  : Forked child process 1014
04-04 13:36:42.296   676   676 D SystemServerTimingAsync: ssm.StartUser-0
04-04 13:36:42.296   676   676 I SystemServiceManager: Calling onStartUser 0
04-04 13:36:42.296   676   676 D SystemServerTimingAsync: ssm.onStartUser-0_com.android.server.security.FileIntegrityService
04-04 13:36:42.296   676   676 D SystemServerTimingAsync: ssm.onStartUser-0_com.android.server.pm.Installer
04-04 13:36:42.296   676   676 D SystemServerTimingAsync: ssm.onStartUser-0_com.android.server.os.DeviceIdentifiersPolicyService
04-04 13:36:42.296   676   676 D SystemServerTimingAsync: ssm.onStartUser-0_com.android.server.flags.FeatureFlagsService
04-04 13:36:42.296   676   676 D SystemServerTimingAsync: ssm.onStartUser-0_com.android.server.uri.UriGrantsManagerService$Lifecycle
04-04 13:36:42.296   676   676 D SystemServerTimingAsync: ssm.onStartUser-0_com.android.server.powerstats.PowerStatsService
04-04 13:36:42.296   676   676 D SystemServerTimingAsync: ssm.onStartUser-0_com.android.server.permission.access.AccessCheckingService
04-04 13:36:42.296   676   676 D SystemServerTimingAsync: ssm.onStartUser-0_com.android.server.wm.ActivityTaskManagerService$Lifecycle
04-04 13:36:42.296   676   676 D SystemServerTimingAsync: ssm.onStartUser-0_com.android.server.am.ActivityManagerService$Lifecycle
04-04 13:36:42.296   676   676 D SystemServerTimingAsync: ssm.onStartUser-0_com.android.server.pm.DataLoaderManagerService
04-04 13:36:42.296   676   676 D SystemServerTimingAsync: ssm.onStartUser-0_com.android.server.power.PowerManagerService
04-04 13:36:42.296   676   676 D SystemServerTimingAsync: ssm.onStartUser-0_com.android.server.power.thermal.ThermalManagerService
04-04 13:36:42.296   676   676 D SystemServerTimingAsync: ssm.onStartUser-0_com.android.server.recoverysystem.RecoverySystemService$Lifecycle
04-04 13:36:42.296   676   676 D SystemServerTimingAsync: ssm.onStartUser-0_com.android.server.lights.LightsService
04-04 13:36:42.296   676   676 D SystemServerTimingAsync: ssm.onStartUser-0_com.android.server.display.DisplayManagerService
04-04 13:36:42.296   676   676 D SystemServerTimingAsync: ssm.onStartUser-0_com.android.server.pm.verify.domain.DomainVerificationService
04-04 13:36:42.296   676   676 D SystemServerTimingAsync: ssm.onStartUser-0_com.android.server.pm.PackageInstallerService$Lifecycle
04-04 13:36:42.296   676   676 D SystemServerTimingAsync: ssm.onStartUser-0_com.android.server.pm.UserManagerService$LifeCycle
04-04 13:36:42.296   676   676 D SystemServerTimingAsync: ssm.onStartUser-0_com.android.server.om.OverlayManagerService
04-04 13:36:42.296   676   676 D SystemServerTimingAsync: ssm.onStartUser-0_com.android.server.resources.ResourcesManagerService
04-04 13:36:42.296   676   676 D SystemServerTimingAsync: ssm.onStartUser-0_com.android.server.sensorprivacy.SensorPrivacyService
04-04 13:36:42.298   676   676 D SystemServerTimingAsync: ssm.onStartUser-0_com.android.server.sensors.SensorService
04-04 13:36:42.298   676   676 D SystemServerTimingAsync: ssm.onStartUser-0_com.android.server.SystemConfigService
04-04 13:36:42.298   676   676 D SystemServerTimingAsync: ssm.onStartUser-0_com.android.server.BatteryService
04-04 13:36:42.298   676   676 D SystemServerTimingAsync: ssm.onStartUser-0_com.android.server.usage.UsageStatsService
04-04 13:36:42.298   676   676 D SystemServerTimingAsync: ssm.onStartUser-0_com.android.server.webkit.WebViewUpdateService
04-04 13:36:42.298   676   676 D SystemServerTimingAsync: ssm.onStartUser-0_com.android.server.CachedDeviceStateService
04-04 13:36:42.298   676   676 D SystemServerTimingAsync: ssm.onStartUser-0_com.android.server.BinderCallsStatsService$LifeCycle
04-04 13:36:42.298   676   676 D SystemServerTimingAsync: ssm.onStartUser-0_com.android.server.LooperStatsService$Lifecycle
04-04 13:36:42.298   676   676 D SystemServerTimingAsync: ssm.onStartUser-0_com.android.server.rollback.RollbackManagerService
04-04 13:36:42.298   676   676 D SystemServerTimingAsync: ssm.onStartUser-0_com.android.server.os.NativeTombstoneManagerService
04-04 13:36:42.298   676   676 D SystemServerTimingAsync: ssm.onStartUser-0_com.android.server.os.BugreportManagerService
04-04 13:36:42.298   676   676 D SystemServerTimingAsync: ssm.onStartUser-0_com.android.server.gpu.GpuService
04-04 13:36:42.298   676   676 D SystemServerTimingAsync: ssm.onStartUser-0_com.android.server.security.rkp.RemoteProvisioningService
04-04 13:36:42.298   676   676 D SystemServerTimingAsync: ssm.onStartUser-0_com.android.server.security.KeyChainSystemService
04-04 13:36:42.298   676   676 D SystemServerTimingAsync: ssm.onStartUser-0_com.android.server.BinaryTransparencyService
04-04 13:36:42.298   676   676 D SystemServerTimingAsync: ssm.onStartUser-0_com.android.server.telecom.TelecomLoaderService
04-04 13:36:42.298   676   676 D SystemServerTimingAsync: ssm.onStartUser-0_com.android.server.accounts.AccountManagerService$Lifecycle
04-04 13:36:42.298   676   676 D SystemServerTimingAsync: ssm.onStartUser-0_com.android.server.content.ContentService$Lifecycle
04-04 13:36:42.298   676   676 D SystemServerTimingAsync: ssm.onStartUser-0_com.android.server.deviceconfig.DeviceConfigInit$Lifecycle
04-04 13:36:42.298   676   676 D SystemServerTimingAsync: ssm.onStartUser-0_com.android.server.DropBoxManagerService
04-04 13:36:42.298   676   676 D SystemServerTimingAsync: ssm.onStartUser-0_com.android.ecm.EnhancedConfirmationService
04-04 13:36:42.298   676   676 D SystemServerTimingAsync: ssm.onStartUser-0_com.android.server.power.hint.HintManagerService
04-04 13:36:42.298   676   676 D SystemServerTimingAsync: ssm.onStartUser-0_com.android.server.allowlist.AllowlistService
04-04 13:36:42.298   676   676 D SystemServerTimingAsync: ssm.onStartUser-0_com.android.role.RoleService
04-04 13:36:42.299   676   724 W MobileRadioPowerStatsCollector: error reading modem stats:ERROR_PHONE_NOT_AVAILABLE
04-04 13:36:42.302   676   676 D SystemServerTimingAsync: ssm.onStartUser-0_com.android.server.supervision.SupervisionService$Lifecycle
04-04 13:36:42.303   676   676 D SystemServerTimingAsync: ssm.onStartUser-0_com.android.server.vibrator.VibratorManagerService$Lifecycle
04-04 13:36:42.303   676   676 D SystemServerTimingAsync: ssm.onStartUser-0_com.android.server.alarm.AlarmManagerService
04-04 13:36:42.303   676   676 D SystemServerTimingAsync: ssm.onStartUser-0_com.android.server.input.InputManagerService$Lifecycle
04-04 13:36:42.303   676   676 D SystemServerTimingAsync: ssm.onStartUser-0_com.android.server.devicestate.DeviceStateManagerService
04-04 13:36:42.303   676   676 D SystemServerTimingAsync: ssm.onStartUser-0_com.android.server.camera.CameraServiceProxy
04-04 13:36:42.303   676   676 D SystemServerTimingAsync: ssm.onStartUser-0_com.android.server.bluetooth.BluetoothService
04-04 13:36:42.303   676   782 D SupervisionService: Writing supervision state
04-04 13:36:42.304   676   676 I BluetoothSystemServer: BluetoothService: onUserStarting(0): Initializing for visible user
04-04 13:36:42.306   676   676 D SystemServerTimingAsync: ssm.onStartUser-0_com.android.server.connectivity.IpConnectivityMetrics
04-04 13:36:42.306   676   676 D SystemServerTimingAsync: ssm.onStartUser-0_com.android.server.net.watchlist.NetworkWatchlistService$Lifecycle
04-04 13:36:42.306   676   676 D SystemServerTimingAsync: ssm.onStartUser-0_com.android.server.pinner.PinnerService
04-04 13:36:42.306   676   676 D SystemServerTimingAsync: ssm.onStartUser-0_com.android.server.integrity.AppIntegrityManagerService
04-04 13:36:42.306   676   676 D SystemServerTimingAsync: ssm.onStartUser-0_com.android.server.logcat.LogcatManagerService
04-04 13:36:42.306   676   676 D SystemServerTimingAsync: ssm.onStartUser-0_com.android.server.security.intrusiondetection.IntrusionDetectionService
04-04 13:36:42.306   676   676 D SystemServerTimingAsync: ssm.onStartUser-0_com.android.server.appfunctions.AppFunctionManagerService
04-04 13:36:42.306   676   676 D SystemServerTimingAsync: ssm.onStartUser-0_com.android.server.privatecompute.PccSandboxManagerService
04-04 13:36:42.306   676   676 D SystemServerTimingAsync: ssm.onStartUser-0_com.android.server.security.advancedprotection.AdvancedProtectionService$Lifecycle
04-04 13:36:42.307   676   676 D SystemServerTimingAsync: ssm.onStartUser-0_com.android.server.TradeInModeService
04-04 13:36:42.307   676   676 D SystemServerTimingAsync: ssm.onStartUser-0_com.android.server.inputmethod.InputMethodManagerService$Lifecycle
04-04 13:36:42.308   676   792 I BluetoothSystemServer: AirplaneModeController: Init completed. isOnForUser=false
04-04 13:36:42.310   676   676 D SystemServerTimingAsync: ssm.onStartUser-0_com.android.server.accessibility.AccessibilityManagerService$Lifecycle
04-04 13:36:42.310   676   676 D SystemServerTimingAsync: ssm.onStartUser-0_com.android.server.StorageManagerService$Lifecycle
04-04 13:36:42.312   676  1000 D ReflectedParamUpdater: extent() != 1 for single value type: algo.buffers.max-count.values
04-04 13:36:42.314   676   792 V BluetoothSystemServer: SharingRestriction: Enabling sharing
04-04 13:36:42.314   676   792 I BluetoothSystemServer: SharingRestriction: Updating sharing state for UserHandle{0}: 0 -> 1
04-04 13:36:42.314   676  1009 E StatsCompanionService: Could not get installer for package: com.google.android.trichromelibrary
04-04 13:36:42.314   676  1009 E StatsCompanionService: android.content.pm.PackageManager$NameNotFoundException: com.google.android.trichromelibrary
04-04 13:36:42.314   676  1009 E StatsCompanionService: 	at android.app.ApplicationPackageManager.getInstallSourceInfo(ApplicationPackageManager.java:2737)
04-04 13:36:42.314   676  1009 E StatsCompanionService: 	at com.android.server.stats.StatsCompanionService.getInstallerPackageName(StatsCompanionService.java:153)
04-04 13:36:42.314   676  1009 E StatsCompanionService: 	at com.android.server.stats.StatsCompanionService.$r8$lambda$MBPStrBhgnmbybdtzkoTAe-YOYw(StatsCompanionService.java:229)
04-04 13:36:42.314   676  1009 E StatsCompanionService: 	at com.android.server.stats.StatsCompanionService$$ExternalSyntheticLambda1.run(R8$$SyntheticClass:0)
04-04 13:36:42.314   676  1009 E StatsCompanionService: 	at android.os.Handler.handleCallback(Handler.java:1095)
04-04 13:36:42.314   676  1009 E StatsCompanionService: 	at android.os.Handler.dispatchMessageImpl(Handler.java:135)
04-04 13:36:42.314   676  1009 E StatsCompanionService: 	at android.os.Handler.dispatchMessage(Handler.java:125)
04-04 13:36:42.314   676  1009 E StatsCompanionService: 	at android.os.Looper.loopOnce(Looper.java:292)
04-04 13:36:42.314   676  1009 E StatsCompanionService: 	at android.os.Looper.loop(Looper.java:393)
04-04 13:36:42.314   676  1009 E StatsCompanionService: 	at android.os.HandlerThread.run(HandlerThread.java:139)
04-04 13:36:42.306   676   704 I ServiceWatcher: [RealLocationTimeZoneProviderProxy] chose new implementation null
04-04 13:36:42.316   676  1000 D ReflectedParamUpdater: extent() != 1 for single value type: output.subscribed-indices.values
04-04 13:36:42.317   676  1000 D ReflectedParamUpdater: extent() != 1 for single value type: input.buffers.allocator-ids.values
04-04 13:36:42.319   676  1000 D ReflectedParamUpdater: extent() != 1 for single value type: output.buffers.allocator-ids.values
04-04 13:36:42.320  1014  1014 I Zygote  : Process 1014 created for webview_zygote
04-04 13:36:42.320   676  1000 D ReflectedParamUpdater: extent() != 1 for single value type: algo.buffers.allocator-ids.values
04-04 13:36:42.321   676  1000 D ReflectedParamUpdater: extent() != 1 for single value type: output.buffers.pool-ids.values
04-04 13:36:42.321  1014  1014 I webview_zygote: Using generational CollectorTypeCMC GC.
04-04 13:36:42.323   676   704 W LocationTZDetector: onProviderStateChange: Ignoring provider state change because both providers have not yet completed initialization. providerState=ProviderState{stateEnum=Perm failure (5), event=null, currentUserConfiguration=null, mStateEntryTimeMillis=24320, mDebugInfo=Failed to initialize: onInitialize() returned false}
04-04 13:36:42.323   676  1000 D ReflectedParamUpdater: extent() != 1 for single value type: algo.buffers.pool-ids.values
04-04 13:36:42.323   676   792 V BluetoothSystemServer: BluetoothManagerService: isBluetoothPersistedStateOnBluetooth: 1
04-04 13:36:42.324   676   792 I BluetoothSystemServer: BluetoothManagerService: handleOnBootPhase: Auto-enabling Bluetooth for UserHandle{0}
04-04 13:36:42.324   676   792 D BluetoothSystemServer: ActiveLogs: 04-04 13:36:42.324 	Package [android] requested to [Enable]. 	Reason is SYSTEM_BOOT
04-04 13:36:42.324   676   792 I BluetoothSystemServer: BluetoothServerProxy: setBluetoothPersistedState(1)
04-04 13:36:42.326   676   782 I DevicePolicyManager: Changing user restriction no_factory_reset on user 0 to: false caller: CallerIdentity[uid=1000]
04-04 13:36:42.327   676   792 D BluetoothSystemServer: BluetoothManagerService: broadcastIntentStateChange: action=BLE_STATE_CHANGED prevState=OFF newState=BLE_TURNING_ON
04-04 13:36:42.328   676   792 W BroadcastLoopers: Found previously unknown looper Thread[BluetoothSystemServer,5,main]
04-04 13:36:42.330   676   969 W ZygoteProcess: Got error connecting to zygote, retrying. msg= Connection refused
04-04 13:36:42.330   676   792 I BluetoothSystemServer: RolePermissionListener: Role holder: [com.google.android.bluetooth]
04-04 13:36:42.331   456   456 I Zygote  : Entering forkRepeatedly native zygote loop
04-04 13:36:42.332   676   792 I BluetoothSystemServer: RolePermissionListener: Bluetooth already holds android.app.role.SYSTEM_BLUETOOTH_STACK. Starting immediately
04-04 13:36:42.332   676   792 D BluetoothSystemServer: BluetoothManagerService: Start binding to the Bluetooth service with intent=Intent { act=android.bluetooth.IAdapter cmp=com.google.android.bluetooth/com.android.bluetooth.btservice.AdapterService (has extras) }
04-04 13:36:42.334   676  1000 I CCodecConfig: query failed after returning 8 values (BAD_INDEX)
04-04 13:36:42.334   676  1000 D CCodecConfig: c2 config diff is Dict {
04-04 13:36:42.334   676  1000 D CCodecConfig:   c2::u32 coded.bitrate.value = 64000
04-04 13:36:42.334   676  1000 D CCodecConfig:   c2::u32 input.buffers.max-size.value = 32768
04-04 13:36:42.334   676  1000 D CCodecConfig:   c2::u32 input.delay.value = 0
04-04 13:36:42.334   676  1000 D CCodecConfig:   string input.media-type.value = "audio/vorbis"
04-04 13:36:42.334   676  1000 D CCodecConfig:   c2::u32 output.large-frame.max-size = 0
04-04 13:36:42.334   676  1000 D CCodecConfig:   c2::u32 output.large-frame.threshold-size = 0
04-04 13:36:42.334   676  1000 D CCodecConfig:   string output.media-type.value = "audio/raw"
04-04 13:36:42.334   676  1000 D CCodecConfig:   c2::u32 raw.channel-count.value = 1
04-04 13:36:42.334   676  1000 D CCodecConfig:   c2::u32 raw.sample-rate.value = 48000
04-04 13:36:42.334   676  1000 D CCodecConfig: }
04-04 13:36:42.338   676   792 V GrammaticalInflectionUtils: AttributionSource: android.content.AttributionSource@942206fd does not have READ_SYSTEM_GRAMMATICAL_GENDER permission.
04-04 13:36:42.340   676   969 W ZygoteProcess: Got error connecting to zygote, retrying. msg= Connection refused
04-04 13:36:42.346   676   969 W ZygoteProcess: Got error connecting to zygote, retrying. msg= Connection refused
04-04 13:36:42.346   939  1016 D CompatChangeReporter: Compat change id reported: 458413887; UID 10196; state: ENABLED
04-04 13:36:42.348   676   676 V StorageManagerService: Package com.google.android.networkstack.tethering does not have legacy storage
04-04 13:36:42.348   676   676 V StorageManagerService: Package com.android.cts.priv.ctsshim does not have legacy storage
04-04 13:36:42.348   676   676 V StorageManagerService: Package com.google.android.youtube does not have legacy storage
04-04 13:36:42.348   676   676 V StorageManagerService: Package com.android.internal.display.cutout.emulation.corner does not have legacy storage
04-04 13:36:42.348   676   676 V StorageManagerService: Package com.google.android.ext.services does not have legacy storage
04-04 13:36:42.348   676   676 V StorageManagerService: Package com.android.internal.display.cutout.emulation.double does not have legacy storage
04-04 13:36:42.348   676   676 V StorageManagerService: Package com.android.providers.telephony does not have legacy storage
04-04 13:36:42.348   676   676 V StorageManagerService: Package com.android.dynsystem has legacy storage
04-04 13:36:42.348   676   676 V StorageManagerService: Package com.google.android.googlequicksearchbox does not have legacy storage
04-04 13:36:42.348   676   676 V StorageManagerService: Package com.google.android.cellbroadcastservice does not have legacy storage
04-04 13:36:42.348   676   676 V StorageManagerService: Package com.android.providers.calendar does not have legacy storage
04-04 13:36:42.348   676   676 V StorageManagerService: Package com.google.android.ext.shared does not have legacy storage
04-04 13:36:42.348   676   676 V StorageManagerService: Package com.android.virtualmachine.res does not have legacy storage
04-04 13:36:42.348   676   676 V StorageManagerService: Package com.android.wallpapercropper does not have legacy storage
04-04 13:36:42.348   676   676 V StorageManagerService: Package com.google.android.federatedcompute does not have legacy storage
04-04 13:36:42.348   676   676 V StorageManagerService: Package com.android.managedprovisioning.auto_generated_rro_product__ does not have legacy storage
04-04 13:36:42.348   676   676 V StorageManagerService: Package com.android.internal.emulation.pixel_10_pro_fold does not have legacy storage
04-04 13:36:42.348   676   676 V StorageManagerService: Package com.android.carrierconfig.auto_generated_rro_vendor__ does not have legacy storage
04-04 13:36:42.350  1014  1014 I WebViewZygoteInit: Starting WebViewZygoteInit
04-04 13:36:42.352   676   937 I MediaCodec: media_quality service unavailable, skipping updatePictureProfile
04-04 13:36:42.353   676  1000 D CCodec  : [c2.android.vorbis.decoder] buffers are bound to CCodec for this session
04-04 13:36:42.353   676  1000 D CCodecConfig: no c2 equivalents for durationUs
04-04 13:36:42.353   676  1000 D CCodecConfig: no c2 equivalents for track-id
04-04 13:36:42.353   676  1000 D CCodecConfig: no c2 equivalents for csd-1
04-04 13:36:42.353   676  1000 D CCodecConfig: no c2 equivalents for flags
04-04 13:36:42.354   676   676 V StorageManagerService: Package com.google.android.server.deviceconfig.resources does not have legacy storage
04-04 13:36:42.355   676   676 V StorageManagerService: Package com.android.systemui.emulation.pixel_3_xl does not have legacy storage
04-04 13:36:42.355   676   676 V StorageManagerService: Package com.android.systemui.emulation.pixel_4_xl does not have legacy storage
04-04 13:36:42.355   676   676 V StorageManagerService: Package com.android.systemui.emulation.pixel_fold does not have legacy storage
04-04 13:36:42.355   676   676 V StorageManagerService: Package com.android.providers.telephony.auto_generated_characteristics_rro does not have legacy storage
04-04 13:36:42.355   676   676 V StorageManagerService: Package com.android.simappdialog.auto_generated_rro_product__ does not have legacy storage
04-04 13:36:42.355   676   676 V StorageManagerService: Package com.android.externalstorage does not have legacy storage
04-04 13:36:42.355   676   676 V StorageManagerService: Package com.android.htmlviewer does not have legacy storage
04-04 13:36:42.355   676   676 V StorageManagerService: Package com.google.android.telecomui does not have legacy storage
04-04 13:36:42.355   676   676 V StorageManagerService: Package com.google.android.glasses.companion does not have legacy storage
04-04 13:36:42.355   676   676 V StorageManagerService: Package com.android.companiondevicemanager does not have legacy storage
04-04 13:36:42.356   676   676 V StorageManagerService: Package com.android.mms.service does not have legacy storage
04-04 13:36:42.356   676  1000 D CCodecConfig: c2 config diff is   c2::u32 coded.bitrate.value = 140000
04-04 13:36:42.356   676   676 V StorageManagerService: Package com.android.providers.downloads does not have legacy storage
04-04 13:36:42.356   676   676 V StorageManagerService: Package com.google.android.overlay.largescreenconfig does not have legacy storage
04-04 13:36:42.356   676   676 V StorageManagerService: Package com.google.android.health.connect.backuprestore does not have legacy storage
04-04 13:36:42.356   676   676 V StorageManagerService: Package com.android.systemui.auto_generated_rro_product__ does not have legacy storage
04-04 13:36:42.356   676   676 V StorageManagerService: Package com.google.android.apps.messaging does not have legacy storage
04-04 13:36:42.356   676   676 V StorageManagerService: Package com.google.android.soundpicker does not have legacy storage
04-04 13:36:42.356   676   676 V StorageManagerService: Package com.google.android.marvin.talkbackoverlay does not have legacy storage
04-04 13:36:42.356   676   676 V StorageManagerService: Package com.google.android.configupdater does not have legacy storage
04-04 13:36:42.356   676   676 V StorageManagerService: Package com.android.internal.emulation.pixel_3a_xl does not have legacy storage
04-04 13:36:42.356   676   676 V StorageManagerService: Package com.android.internal.emulation.pixel_6_pro does not have legacy storage
04-04 13:36:42.356   676   676 V StorageManagerService: Package com.android.internal.emulation.pixel_7_pro does not have legacy storage
04-04 13:36:42.356   676   676 V StorageManagerService: Package com.android.internal.emulation.pixel_8_pro does not have legacy storage
04-04 13:36:42.356   676   676 V StorageManagerService: Package com.android.internal.emulation.pixel_9_pro does not have legacy storage
04-04 13:36:42.356   676   676 V StorageManagerService: Package com.google.android.providers.media.module does not have legacy storage
04-04 13:36:42.356   676   676 V StorageManagerService: Package com.android.contactspicker does not have legacy storage
04-04 13:36:42.356   676   676 V StorageManagerService: Package com.android.systemui.emulation.pixel_10_pro does not have legacy storage
04-04 13:36:42.356   676   676 V StorageManagerService: Package com.android.internal.emulation.pixel_10 does not have legacy storage
04-04 13:36:42.356   676   676 V StorageManagerService: Package com.android.internal.emulation.pixel_3a does not have legacy storage
04-04 13:36:42.356   676   676 V StorageManagerService: Package com.android.internal.emulation.pixel_4a does not have legacy storage
04-04 13:36:42.356   676   676 V StorageManagerService: Package com.android.internal.emulation.pixel_6a does not have legacy storage
04-04 13:36:42.356   676   676 V StorageManagerService: Package com.android.internal.emulation.pixel_7a does not have legacy storage
04-04 13:36:42.356   676   676 V StorageManagerService: Package com.android.internal.emulation.pixel_8a does not have legacy storage
04-04 13:36:42.356   676   676 V StorageManagerService: Package com.android.internal.emulation.pixel_9a does not have legacy storage
