04-04 13:36:33.670   676   676 W PackageSettings: Missing permission state for package com.google.android.trichromelibrary_763204538 on user 0
04-04 13:36:33.670   676   676 W PackageSettings: Missing permission state for package com.google.android.inputmethod.latin on user 0
04-04 13:36:33.670   676   676 W PackageSettings: Missing permission state for package android.auto_generated_rro_vendor__ on user 0
04-04 13:36:33.670   676   676 W PackageSettings: Missing permission state for package com.google.android.apps.restore on user 0
04-04 13:36:33.670   676   676 W PackageSettings: Missing permission state for shared user: android.uid.log
04-04 13:36:33.670   676   676 W PackageSettings: Missing permission state for shared user: android.uid.uwb
04-04 13:36:33.745   676   676 D PackageManager: Directories scanned as system partitions: [/system:0, /vendor:524288, /odm:4194304, /oem:262144, /product:1048576, /system_ext:2097152, /apex/com.android.extservices:41943040, /apex/com.android.hardware.gatekeeper:42467328, /apex/com.android.conscrypt:41943040, /apex/com.android.appsearch:41943040, /apex/com.android.configinfrastructure:41943040, /apex/com.android.hardware.thermal:42467328, /apex/com.android.ipsec:41943040, /apex/com.android.hardware.contexthub:42467328, /apex/com.android.devicelock:41943040, /apex/com.android.npumanager:41943040, /apex/com.android.adbd:41943040, /apex/com.android.media.swcodec:41943040, /apex/com.android.os.statsd:41943040, /apex/com.android.tzdata:41943040, /apex/com.android.hardware.authsecret:42467328, /apex/com.android.wifi:41943040, /apex/com.android.adservices:41943040, /apex/com.android.neuralnetworks:41943040, /apex/com.android.i18n:41943040, /apex/com.android.bt:41943040, /apex/com.android.sdkext:41943040, /apex/com.android.apex.cts.shim:41943040, /apex/com.android.hardware.cas:42467328, /apex/com.android.hardware.rebootescrow:42467328, /apex/com.android.hardware.power:42467328, /apex/com.android.resolv:41943040, /apex/com.android.tethering:41943040, /apex/com.android.profiling:41943040, /apex/com.android.crashrecovery:41943040, /apex/com.android.uwb:41943040, /apex/com.android.runtime:41943040, /apex/com.android.scheduling:41943040, /apex/com.google.android.widevine:42467328, /apex/com.android.cellbroadcast:41943040, /apex/com.android.hardware.biometrics.fingerprint.virtual:44040192, /apex/com.android.hardware.threadnetwork:42467328, /apex/com.android.hardware.vibrator:42467328, /apex/com.android.healthfitness:41943040, /apex/com.android.ondevicepersonalization:41943040, /apex/com.android.hardware.dumpstate:42467328, /apex/com.android.virt:41943040, /apex/com.android.webapp:41943040, /apex/com.android.uprobestats:41943040, /apex/com.android.mediaprovider:41943040, /apex/com.android.art:41943040, /apex/com.android.permission:41943040, /apex/com.android.media:41943040, /apex/com.android.hardware.uwb:42467328, /apex/com.android.nfcservices:41943040, /apex/com.android.telephonycore:41943040, /apex/com.android.hardware.neuralnetworks:42467328, /apex/com.google.android.gmssystem:42991616, /apex/com.android.rkpd:41943040]
04-04 13:36:33.746   676   676 D PackageManager: Keeping known cache 808d606e70f8dfd6d32fe3984c3acf065aaee208
04-04 13:36:33.891   676   676 I PackageManager: /system/apex/com.google.android.adservices.apex changed; collecting certs
04-04 13:36:33.914   676   676 I PackageManager: /system/apex/com.google.android.adbd.apex changed; collecting certs
04-04 13:36:33.920   676   676 I PackageManager: /system/apex/com.android.apex.cts.shim.apex changed; collecting certs
04-04 13:36:33.927   676   676 I PackageManager: /system/apex/com.google.android.appsearch.apex changed; collecting certs
04-04 13:36:33.933   676   676 I PackageManager: /system/apex/com.google.android.art.apex changed; collecting certs
04-04 13:36:33.938   676   676 I PackageManager: /system/apex/com.google.android.cellbroadcast.apex changed; collecting certs
04-04 13:36:33.944   676   676 I PackageManager: /system/apex/com.google.android.configinfrastructure.apex changed; collecting certs
04-04 13:36:33.950   676   676 I PackageManager: /system/apex/com.google.android.conscrypt.apex changed; collecting certs
04-04 13:36:33.955   676   676 I PackageManager: /system/apex/com.google.android.crashrecovery.apex changed; collecting certs
04-04 13:36:33.960   676   676 I PackageManager: /system/apex/com.android.devicelock.apex changed; collecting certs
04-04 13:36:33.967   676   676 I PackageManager: /system/apex/com.google.android.bt.apex changed; collecting certs
04-04 13:36:33.973   676   676 I PackageManager: /vendor/apex/com.android.hardware.authsecret.apex changed; collecting certs
04-04 13:36:33.980   676   676 I PackageManager: /system_ext/apex/com.android.hardware.biometrics.fingerprint.virtual.apex changed; collecting certs
04-04 13:36:33.986   676   676 I PackageManager: /system/apex/com.google.android.extservices.apex changed; collecting certs
04-04 13:36:33.991   676   676 I PackageManager: /vendor/apex/com.android.hardware.dumpstate.apex changed; collecting certs
04-04 13:36:33.999   676   676 I PackageManager: /vendor/apex/com.android.hardware.cas.apex changed; collecting certs
04-04 13:36:34.003   676   676 I PackageManager: /vendor/apex/com.android.hardware.contexthub.apex changed; collecting certs
04-04 13:36:34.009   676   676 I PackageManager: /vendor/apex/com.android.hardware.neuralnetworks.apex changed; collecting certs
04-04 13:36:34.017   676   676 I PackageManager: /vendor/apex/com.android.hardware.power.apex changed; collecting certs
04-04 13:36:34.023   676   676 I PackageManager: /vendor/apex/com.android.hardware.gatekeeper.nonsecure.apex changed; collecting certs
04-04 13:36:34.028   676   676 I PackageManager: /vendor/apex/com.android.hardware.rebootescrow.apex changed; collecting certs
04-04 13:36:34.033   676   676 I PackageManager: /vendor/apex/com.android.hardware.thermal.apex changed; collecting certs
04-04 13:36:34.037   676   676 I PackageManager: /vendor/apex/com.android.hardware.threadnetwork-simulation-rcp.apex changed; collecting certs
04-04 13:36:34.042   676   676 I PackageManager: /vendor/apex/com.android.hardware.uwb.apex changed; collecting certs
04-04 13:36:34.051   676   676 I PackageManager: /system/apex/com.google.android.healthfitness.apex changed; collecting certs
04-04 13:36:34.056   676   676 I PackageManager: /vendor/apex/com.android.hardware.vibrator.apex changed; collecting certs
04-04 13:36:34.061   676   676 I PackageManager: /system/apex/com.google.android.ipsec.apex changed; collecting certs
04-04 13:36:34.067   676   676 I PackageManager: /system/apex/com.android.i18n.apex changed; collecting certs
04-04 13:36:34.072   676   676 I PackageManager: /system/apex/com.google.android.media.apex changed; collecting certs
04-04 13:36:34.076   676   676 I PackageManager: /system/apex/com.google.android.mediaprovider.apex changed; collecting certs
04-04 13:36:34.080   676   676 I PackageManager: /system/apex/com.google.android.media.swcodec.apex changed; collecting certs
04-04 13:36:34.085   676   676 I PackageManager: /system/apex/com.google.android.nfcservices.apex changed; collecting certs
04-04 13:36:34.088   676   676 I PackageManager: /system/apex/com.google.android.neuralnetworks.apex changed; collecting certs
04-04 13:36:34.092   676   676 I PackageManager: /system/apex/com.android.npumanager.apex changed; collecting certs
04-04 13:36:34.096   676   676 I PackageManager: /system/apex/com.google.android.os.statsd.apex changed; collecting certs
04-04 13:36:34.100   676   676 I PackageManager: /system/apex/com.google.android.ondevicepersonalization.apex changed; collecting certs
04-04 13:36:34.102   676   676 I PackageManager: /system/apex/com.google.android.permission.apex changed; collecting certs
04-04 13:36:34.105   676   676 I PackageManager: /system/apex/com.google.android.profiling.apex changed; collecting certs
04-04 13:36:34.110   676   676 I PackageManager: /system/apex/com.android.runtime.apex changed; collecting certs
04-04 13:36:34.116   676   676 I PackageManager: /system/apex/com.google.android.rkpd.apex changed; collecting certs
04-04 13:36:34.121   676   676 I PackageManager: /system/apex/com.google.android.resolv.apex changed; collecting certs
04-04 13:36:34.131   676   676 I PackageManager: /system/apex/com.google.android.sdkext.apex changed; collecting certs
04-04 13:36:34.141   676   676 I PackageManager: /system/apex/com.google.android.scheduling.apex changed; collecting certs
04-04 13:36:34.149   676   676 I PackageManager: /system/apex/com.google.android.telephonycore.apex changed; collecting certs
04-04 13:36:34.157   676   676 I PackageManager: /system/apex/com.google.android.tethering.apex changed; collecting certs
04-04 13:36:34.163   676   676 I PackageManager: /system/apex/com.google.android.uprobestats.apex changed; collecting certs
04-04 13:36:34.171   676   676 I PackageManager: /system/apex/com.google.android.tzdata6.apex changed; collecting certs
04-04 13:36:34.176   676   676 I PackageManager: /system/apex/com.android.virt.apex changed; collecting certs
04-04 13:36:34.183   676   676 I PackageManager: /system/apex/com.google.android.webapp.apex changed; collecting certs
04-04 13:36:34.188   676   676 I PackageManager: /product/apex/com.google.android.gmssystem.prodvic.apex changed; collecting certs
04-04 13:36:34.194   676   676 I PackageManager: /vendor/apex/com.google.android.widevine-14847918-cp2a.apex changed; collecting certs
04-04 13:36:34.198   676   676 I PackageManager: /system/apex/com.google.android.wifi.apex changed; collecting certs
04-04 13:36:34.202   676   676 I PackageManager: /system/apex/com.google.android.uwb.apex changed; collecting certs
04-04 13:36:34.481   676   676 D CompatChangeReporter: Compat change id reported: 168782947; UID -1; state: ENABLED
04-04 13:36:34.506   676   676 W PackageManager: Failed to parse /system/framework/oat: Missing base APK in /system/framework/oat/x86_64
04-04 13:36:34.506   676   676 W PackageManager: Failed to parse /system/framework/x86_64: Missing base APK in /system/framework/x86_64
04-04 13:36:34.687   676   676 W PackageManager: Failed to scan /product/priv-app/Phonesky: Package com.android.vending at /product/priv-app/Phonesky ignored: updated version 85072430 better than this 85013330
04-04 13:36:34.690   676   676 W PackageManager: Skipping provider name com.google.android.apps.messaging.photopicker_images (in package com.google.android.apps.messaging): name already used by com.google.android.apps.messaging
04-04 13:36:34.691   676   676 W PackageManager: Failed to parse /product/priv-app/PrebuiltGmsCore: Missing base APK in /product/priv-app/PrebuiltGmsCore/app_chimera/m
04-04 13:36:34.698   676   676 W PackageManager: Skipping provider name com.google.android.settings.intelligence (in package com.google.android.settings.intelligence): name already used by com.google.android.settings.intelligence
04-04 13:36:34.714   676   676 W PackageManager: Failed to parse /product/app/Chrome: Missing base APK in /product/app/Chrome
04-04 13:36:34.714   676   676 W PackageManager: Failed to scan /product/app/Chrome-Stub: Package com.android.chrome at /product/app/Chrome-Stub ignored: updated version 763204538 better than this 763204538
04-04 13:36:34.764   676   676 W PackageManager: Failed to parse /product/app/TrichromeLibrary: Missing base APK in /product/app/TrichromeLibrary
04-04 13:36:34.765   676   676 W PackageManager: Failed to scan /product/app/TrichromeLibrary-Stub: Package com.google.android.trichromelibrary_763204538 at /product/app/TrichromeLibrary-Stub ignored: updated version 763204538 better than this 763204538
04-04 13:36:34.769   676   676 W PackageManager: Failed to parse /product/app/WebViewGoogle: Missing base APK in /product/app/WebViewGoogle
04-04 13:36:34.769   676   676 W PackageManager: Failed to scan /product/app/WebViewGoogle-Stub: Package com.google.android.webview at /product/app/WebViewGoogle-Stub ignored: updated version 763204538 better than this 763204538
04-04 13:36:34.911   676   676 I ApexManager: Registering com.google.android.ext.services as apk-in-apex of com.android.extservices
04-04 13:36:34.913   676   676 I ApexManager: Registering com.google.android.appsearch.apk as apk-in-apex of com.android.appsearch
04-04 13:36:34.914   676   676 I ApexManager: Registering com.google.android.server.deviceconfig.resources as apk-in-apex of com.android.configinfrastructure
04-04 13:36:34.914   676   676 I ApexManager: Registering com.android.devicelockcontroller as apk-in-apex of com.android.devicelock
04-04 13:36:34.915   676   676 I ApexManager: Registering com.google.android.wifi.resources as apk-in-apex of com.android.wifi
04-04 13:36:34.916   676   676 I ApexManager: Registering com.google.android.wifi.dialog as apk-in-apex of com.android.wifi
04-04 13:36:34.916   676   676 I ApexManager: Registering com.google.android.hotspot2.osulogin as apk-in-apex of com.android.wifi
04-04 13:36:34.917   676   676 I ApexManager: Registering com.google.android.adservices.api as apk-in-apex of com.android.adservices
04-04 13:36:34.918   676   676 I ApexManager: Registering com.google.android.sdksandbox as apk-in-apex of com.android.adservices
04-04 13:36:34.918   676   676 I ApexManager: Registering com.google.android.bluetooth as apk-in-apex of com.android.bt
04-04 13:36:34.919   676   676 I ApexManager: Registering com.android.cts.priv.ctsshim as apk-in-apex of com.android.apex.cts.shim
04-04 13:36:34.919   676   676 I ApexManager: Registering com.android.cts.ctsshim as apk-in-apex of com.android.apex.cts.shim
04-04 13:36:34.920   676   676 I ApexManager: Registering com.google.android.networkstack.tethering as apk-in-apex of com.android.tethering
04-04 13:36:34.920   676   676 I ApexManager: Registering com.google.android.connectivity.resources as apk-in-apex of com.android.tethering
04-04 13:36:34.921   676   676 I ApexManager: Registering com.google.android.uwb.resources as apk-in-apex of com.android.uwb
04-04 13:36:34.922   676   676 I ApexManager: Registering com.google.android.cellbroadcastservice as apk-in-apex of com.android.cellbroadcast
04-04 13:36:34.922   676   676 I ApexManager: Registering com.google.android.cellbroadcastreceiver as apk-in-apex of com.android.cellbroadcast
04-04 13:36:34.923   676   676 I ApexManager: Registering com.google.android.healthconnect.controller as apk-in-apex of com.android.healthfitness
04-04 13:36:34.924   676   676 I ApexManager: Registering com.google.android.health.connect.backuprestore as apk-in-apex of com.android.healthfitness
04-04 13:36:34.926   676   676 I ApexManager: Registering com.google.android.ondevicepersonalization.services as apk-in-apex of com.android.ondevicepersonalization
04-04 13:36:34.926   676   676 I ApexManager: Registering com.google.android.federatedcompute as apk-in-apex of com.android.ondevicepersonalization
04-04 13:36:34.927   676   676 I ApexManager: Registering com.android.virtualmachine.res as apk-in-apex of com.android.virt
04-04 13:36:34.927   676   676 I ApexManager: Registering com.google.android.webapp.service as apk-in-apex of com.android.webapp
04-04 13:36:34.928   676   676 I ApexManager: Registering com.google.android.photopicker as apk-in-apex of com.android.mediaprovider
04-04 13:36:34.929   676   676 I ApexManager: Registering com.google.android.providers.media.module as apk-in-apex of com.android.mediaprovider
04-04 13:36:34.930   676   676 I ApexManager: Registering com.google.android.safetycenter.resources as apk-in-apex of com.android.permission
04-04 13:36:34.930   676   676 I ApexManager: Registering com.google.android.permissioncontroller as apk-in-apex of com.android.permission
04-04 13:36:34.931   676   676 I ApexManager: Registering com.android.nfc as apk-in-apex of com.android.nfcservices
04-04 13:36:34.932   676   676 I ApexManager: Registering com.google.android.nfc as apk-in-apex of com.android.nfcservices
04-04 13:36:34.933   676   676 I ApexManager: Registering com.google.android.telecomui as apk-in-apex of com.android.telephonycore
04-04 13:36:34.933   676   676 I PackageManager: /apex/com.google.android.gmssystem/priv-app/PrebuiltGmsCoreVic@CP21.260306.017.A1 changed; collecting certs
04-04 13:36:34.937   676   676 I PackageManager: Update system package com.google.android.gms code path from /data/app/~~eUw7WTYRl8H1DzHBcnQlFQ==/com.google.android.gms-AsEDbfgEqMrocx7hZ4k27w== to /apex/com.google.android.gmssystem/priv-app/PrebuiltGmsCoreVic@CP21.260306.017.A1; Retain data and using new
04-04 13:36:34.937   676   676 I ApexManager: Registering com.google.android.gms as apk-in-apex of com.google.android.gmssystem
04-04 13:36:34.946   676   676 I ApexManager: Registering com.google.android.rkpdapp as apk-in-apex of com.android.rkpd
04-04 13:36:34.955   676   676 W PackageManager: Expecting better updated system app for com.google.android.gms; removing system app.  Last known codePath=/apex/com.google.android.gmssystem/priv-app/PrebuiltGmsCoreVic@CP21.260306.017.A1, versionCode=260235038; scanned versionCode=260235038
04-04 13:36:34.963   676   676 I PackageManager: Finished scanning system apps. Time: 1220 ms, packageCount: 308 , timePerPackage: 3 , cached: 313
04-04 13:36:34.967   676   676 W PackageManager: Relax SCAN_REQUIRE_KNOWN requirement for package com.google.android.trichromelibrary_763204538
04-04 13:36:34.970   676   676 W PackageManager: Relax SCAN_REQUIRE_KNOWN requirement for package com.google.android.webview
04-04 13:36:34.984   676   676 W PackageManager: Relax SCAN_REQUIRE_KNOWN requirement for package com.android.chrome
04-04 13:36:34.987   676   676 W PackageManager: Relax SCAN_REQUIRE_KNOWN requirement for package com.android.vending
04-04 13:36:34.990   676   676 I PackageManager: /data/app/~~eUw7WTYRl8H1DzHBcnQlFQ==/com.google.android.gms-AsEDbfgEqMrocx7hZ4k27w== changed; collecting certs
04-04 13:36:36.611   676   676 W PackageManager: Relax SCAN_REQUIRE_KNOWN requirement for package com.google.android.gms
04-04 13:36:36.612   676   676 W SharedLibrariesImpl: Package com.google.android.gms declares library com.google.android.gms that already exists; skipping
04-04 13:36:36.612   676   676 W SharedLibrariesImpl: Package com.google.android.gms declares library com.google.android.gms that already exists; skipping
04-04 13:36:36.612   676   676 I PackageManager: Update system package com.google.android.gms code path from /apex/com.google.android.gmssystem/priv-app/PrebuiltGmsCoreVic@CP21.260306.017.A1 to /data/app/~~eUw7WTYRl8H1DzHBcnQlFQ==/com.google.android.gms-AsEDbfgEqMrocx7hZ4k27w==; Retain data and using new
04-04 13:36:36.620   676   676 I PackageManager: Finished scanning non-system apps. Time: 1658 ms, packageCount: 6 , timePerPackage: 276 , cached: 6
04-04 13:36:36.627   676   676 I PackageManager: Time to scan packages: 2.884 seconds
04-04 13:36:36.661   676   676 W AppIdPermissionPolicy: Ignoring permission com.google.android.apps.wallpaper.DYNAMIC_RECEIVER_NOT_EXPORTED_PERMISSION declared in system package com.google.android.apps.wallpaper: already declared in another system package com.android.wallpaper
04-04 13:36:36.661   676   676 W AppIdPermissionPolicy: Ignoring permission android.permission.ACCESS_ADSERVICES_TOPICS declared in system package com.google.android.ext.services: already declared in another system package com.google.android.adservices.api
04-04 13:36:36.662   676   676 W AppIdPermissionPolicy: Ignoring permission android.permission.ACCESS_ADSERVICES_ATTRIBUTION declared in system package com.google.android.ext.services: already declared in another system package com.google.android.adservices.api
04-04 13:36:36.662   676   676 W AppIdPermissionPolicy: Ignoring permission android.permission.ACCESS_ADSERVICES_CUSTOM_AUDIENCE declared in system package com.google.android.ext.services: already declared in another system package com.google.android.adservices.api
04-04 13:36:36.662   676   676 W AppIdPermissionPolicy: Ignoring permission android.permission.ACCESS_ADSERVICES_AD_SELECTION declared in system package com.google.android.ext.services: already declared in another system package com.google.android.adservices.api
04-04 13:36:36.662   676   676 W AppIdPermissionPolicy: Ignoring permission android.permission.ACCESS_ADSERVICES_PROTECTED_SIGNALS declared in system package com.google.android.ext.services: already declared in another system package com.google.android.adservices.api
04-04 13:36:36.662   676   676 W AppIdPermissionPolicy: Ignoring permission android.permission.ACCESS_ADSERVICES_AD_ID declared in system package com.google.android.ext.services: already declared in another system package com.google.android.adservices.api
04-04 13:36:36.666   676   676 W AppIdPermissionPolicy: Ignoring permission com.google.android.c2dm.permission.RECEIVE declared in system package com.google.android.gms: already declared in another system package com.google.android.gsf
04-04 13:36:36.666   676   676 W AppIdPermissionPolicy: Ignoring permission com.google.android.c2dm.permission.SEND declared in system package com.google.android.gms: already declared in another system package com.google.android.gsf
04-04 13:36:36.666   676   676 W AppIdPermissionPolicy: Ignoring permission com.google.android.providers.settings.permission.WRITE_GSETTINGS declared in system package com.google.android.gms: already declared in another system package com.google.android.gsf
04-04 13:36:36.666   676   676 W AppIdPermissionPolicy: Ignoring permission com.google.android.gtalkservice.permission.GTALK_SERVICE declared in system package com.google.android.gms: already declared in another system package com.google.android.gsf
04-04 13:36:36.666   676   676 W AppIdPermissionPolicy: Ignoring permission com.google.android.providers.gsf.permission.READ_GSERVICES declared in system package com.google.android.gms: already declared in another system package com.google.android.gsf
04-04 13:36:36.666   676   676 W AppIdPermissionPolicy: Ignoring permission com.google.android.providers.gsf.permission.WRITE_GSERVICES declared in system package com.google.android.gms: already declared in another system package com.google.android.gsf
04-04 13:36:36.666   676   676 W AppIdPermissionPolicy: Ignoring permission com.android.vending.INTENT_VENDING_ONLY declared in system package com.google.android.gms: already declared in another system package com.google.android.gsf
04-04 13:36:36.667   676   676 W AppIdPermissionPolicy: Ignoring permission com.google.android.c2dm.permission.RECEIVE declared in system package com.google.android.gms: already declared in another system package com.google.android.gsf
04-04 13:36:36.667   676   676 W AppIdPermissionPolicy: Ignoring permission com.google.android.c2dm.permission.SEND declared in system package com.google.android.gms: already declared in another system package com.google.android.gsf
04-04 13:36:36.667   676   676 W AppIdPermissionPolicy: Ignoring permission com.google.android.providers.settings.permission.WRITE_GSETTINGS declared in system package com.google.android.gms: already declared in another system package com.google.android.gsf
04-04 13:36:36.667   676   676 W AppIdPermissionPolicy: Ignoring permission com.google.android.gtalkservice.permission.GTALK_SERVICE declared in system package com.google.android.gms: already declared in another system package com.google.android.gsf
04-04 13:36:36.667   676   676 W AppIdPermissionPolicy: Ignoring permission com.google.android.providers.gsf.permission.READ_GSERVICES declared in system package com.google.android.gms: already declared in another system package com.google.android.gsf
04-04 13:36:36.667   676   676 W AppIdPermissionPolicy: Ignoring permission com.google.android.providers.gsf.permission.WRITE_GSERVICES declared in system package com.google.android.gms: already declared in another system package com.google.android.gsf
04-04 13:36:36.667   676   676 W AppIdPermissionPolicy: Ignoring permission com.android.vending.INTENT_VENDING_ONLY declared in system package com.google.android.gms: already declared in another system package com.google.android.gsf
04-04 13:36:36.695   676   676 V PackageManager: reconcileAppsData for null u0 0x1 migrateAppData=true
04-04 13:36:36.757   676   676 V PackageManager: reconcileAppsData finished 28 packages
04-04 13:36:36.759   676   676 D PackageManagerTiming: write settings
04-04 13:36:36.759   676   755 D SystemServerTimingAsync: InitThreadPoolExec:prepareAppData
04-04 13:36:36.840   676   676 I PackageManager: Fix for b/169414761 is applied
04-04 13:36:36.840   676   676 V UserSystemPackageInstaller: Checking that all system packages are allowlisted.
04-04 13:36:36.842   676   676 W UserSystemPackageInstaller: checkAllowlistedSystemPackages(mode=d) has 71 warnings:
04-04 13:36:36.842   676   676 W UserSystemPackageInstaller: com.android.theme.color.amethyst is allowlisted but not present.
04-04 13:36:36.842   676   676 W UserSystemPackageInstaller: com.android.theme.icon.pebble is allowlisted but not present.
04-04 13:36:36.842   676   676 W UserSystemPackageInstaller: com.android.internal.systemui.navbar.gestural_wide_back is allowlisted but not present.
04-04 13:36:36.842   676   676 W UserSystemPackageInstaller: com.android.theme.color.sand is allowlisted but not present.
04-04 13:36:36.842   676   676 W UserSystemPackageInstaller: com.android.theme.icon.vessel is allowlisted but not present.
04-04 13:36:36.842   676   676 W UserSystemPackageInstaller: com.android.theme.color.cinnamon is allowlisted but not present.
04-04 13:36:36.842   676   676 W UserSystemPackageInstaller: com.android.theme.icon_pack.victor.settings is allowlisted but not present.
04-04 13:36:36.842   676   676 W UserSystemPackageInstaller: com.android.virtualdevicemanager is allowlisted but not present.
04-04 13:36:36.842   676   676 W UserSystemPackageInstaller: com.android.theme.icon_pack.rounded.systemui is allowlisted but not present.
04-04 13:36:36.842   676   676 W UserSystemPackageInstaller: com.android.theme.icon.taperedrect is allowlisted but not present.
04-04 13:36:36.842   676   676 W UserSystemPackageInstaller: com.android.documentsui is allowlisted but not present.
04-04 13:36:36.842   676   676 W UserSystemPackageInstaller: com.android.crossdevicesync is allowlisted but not present.
04-04 13:36:36.842   676   676 W UserSystemPackageInstaller: com.android.quicksearchbox is allowlisted but not present.
04-04 13:36:36.842   676   676 W UserSystemPackageInstaller: com.android.messaging is allowlisted but not present.
04-04 13:36:36.842   676   676 W UserSystemPackageInstaller: com.android.theme.icon_pack.rounded.android is allowlisted but not present.
04-04 13:36:36.842   676   676 W UserSystemPackageInstaller: com.android.internal.systemui.onehanded.gestural is allowlisted but not present.
04-04 13:36:36.842   676   676 W UserSystemPackageInstaller: com.android.multiuser is allowlisted but not present.
04-04 13:36:36.842   676   676 W UserSystemPackageInstaller: com.android.theme.icon_pack.victor.systemui is allowlisted but not present.
04-04 13:36:36.842   676   676 W UserSystemPackageInstaller: com.android.theme.icon_pack.circular.themepicker is allowlisted but not present.
04-04 13:36:36.842   676   676 W UserSystemPackageInstaller: com.android.avatarpicker is allowlisted but not present.
04-04 13:36:36.842   676   676 W UserSystemPackageInstaller: com.android.theme.color.tangerine is allowlisted but not present.
04-04 13:36:36.842   676   676 W UserSystemPackageInstaller: com.android.theme.color.aquamarine is allowlisted but not present.
04-04 13:36:36.842   676   676 W UserSystemPackageInstaller: com.android.theme.color.black is allowlisted but not present.
04-04 13:36:36.842   676   676 W UserSystemPackageInstaller: com.android.theme.color.green is allowlisted but not present.
04-04 13:36:36.842   676   676 W UserSystemPackageInstaller: com.android.theme.color.ocean is allowlisted but not present.
04-04 13:36:36.842   676   676 W UserSystemPackageInstaller: com.android.theme.color.space is allowlisted but not present.
04-04 13:36:36.842   676   676 W UserSystemPackageInstaller: com.android.hotwordenrollment.xgoogle is allowlisted but not present.
04-04 13:36:36.842   676   676 W UserSystemPackageInstaller: com.android.contacts is allowlisted but not present.
04-04 13:36:36.842   676   676 W UserSystemPackageInstaller: com.android.theme.icon_pack.rounded.launcher is allowlisted but not present.
04-04 13:36:36.842   676   676 W UserSystemPackageInstaller: com.android.theme.icon_pack.kai.settings is allowlisted but not present.
04-04 13:36:36.842   676   676 W UserSystemPackageInstaller: com.android.theme.icon_pack.sam.settings is allowlisted but not present.
04-04 13:36:36.842   676   676 W UserSystemPackageInstaller: com.android.calendar is allowlisted but not present.
04-04 13:36:36.842   676   676 W UserSystemPackageInstaller: com.android.internal.systemui.navbar.gestural_extra_wide_back is allowlisted but not present.
04-04 13:36:36.842   676   676 W UserSystemPackageInstaller: com.android.theme.icon_pack.kai.themepicker is allowlisted but not present.
04-04 13:36:36.842   676   676 W UserSystemPackageInstaller: com.android.theme.icon_pack.victor.launcher is allowlisted but not present.
04-04 13:36:36.842   676   676 W UserSystemPackageInstaller: com.android.hotwordenrollment.okgoogle is allowlisted but not present.
04-04 13:36:36.842   676   676 W UserSystemPackageInstaller: com.android.theme.icon_pack.filled.settings is allowlisted but not present.
04-04 13:36:36.842   676   676 W UserSystemPackageInstaller: com.android.theme.icon_pack.kai.systemui is allowlisted but not present.
04-04 13:36:36.842   676   676 W UserSystemPackageInstaller: com.android.theme.icon_pack.circular.settings is allowlisted but not present.
04-04 13:36:36.842   676   676 W UserSystemPackageInstaller: com.android.theme.icon_pack.sam.systemui is allowlisted but not present.
04-04 13:36:36.842   676   676 W UserSystemPackageInstaller: com.android.theme.icon.teardrop is allowlisted but not present.
04-04 13:36:36.842   676   676 W UserSystemPackageInstaller: com.android.theme.icon_pack.rounded.themepicker is allowlisted but not present.
04-04 13:36:36.842   676   676 W UserSystemPackageInstaller: com.android.printservice.recommendation is allowlisted but not present.
04-04 13:36:36.842   676   676 W UserSystemPackageInstaller: com.android.dialer is allowlisted but not present.
04-04 13:36:36.842   676   676 W UserSystemPackageInstaller: com.android.gallery3d is allowlisted but not present.
04-04 13:36:36.842   676   676 W UserSystemPackageInstaller: com.android.theme.icon_pack.filled.systemui is allowlisted but not present.
04-04 13:36:36.842   676   676 W UserSystemPackageInstaller: com.android.theme.icon_pack.sam.android is allowlisted but not present.
04-04 13:36:36.842   676   676 W UserSystemPackageInstaller: com.android.theme.icon_pack.filled.android is allowlisted but not present.
04-04 13:36:36.842   676   676 W UserSystemPackageInstaller: com.android.theme.icon_pack.circular.systemui is allowlisted but not present.
04-04 13:36:36.842   676   676 W UserSystemPackageInstaller: com.android.inputmethod.latin is allowlisted but not present.
04-04 13:36:36.842   676   676 W UserSystemPackageInstaller: com.android.theme.icon_pack.kai.android is allowlisted but not present.
04-04 13:36:36.842   676   676 W UserSystemPackageInstaller: com.android.theme.icon_pack.kai.launcher is allowlisted but not present.
04-04 13:36:36.842   676   676 W UserSystemPackageInstaller: com.android.theme.icon_pack.sam.launcher is allowlisted but not present.
04-04 13:36:36.842   676   676 W UserSystemPackageInstaller: com.android.theme.icon.squircle is allowlisted but not present.
04-04 13:36:36.842   676   676 W UserSystemPackageInstaller: com.android.theme.icon_pack.victor.android is allowlisted but not present.
04-04 13:36:36.842   676   676 W UserSystemPackageInstaller: com.android.theme.color.palette is allowlisted but not present.
04-04 13:36:36.842   676   676 W UserSystemPackageInstaller: com.android.theme.icon_pack.filled.launcher is allowlisted but not present.
04-04 13:36:36.842   676   676 W UserSystemPackageInstaller: com.android.theme.color.carbon is allowlisted but not present.
04-04 13:36:36.842   676   676 W UserSystemPackageInstaller: com.android.theme.icon_pack.circular.launcher is allowlisted but not present.
04-04 13:36:36.842   676   676 W UserSystemPackageInstaller: com.android.theme.icon_pack.filled.themepicker is allowlisted but not present.
04-04 13:36:36.842   676   676 W UserSystemPackageInstaller: com.android.theme.icon_pack.victor.themepicker is allowlisted but not present.
04-04 13:36:36.842   676   676 W UserSystemPackageInstaller: com.android.theme.color.orchid is allowlisted but not present.
04-04 13:36:36.842   676   676 W UserSystemPackageInstaller: com.android.deskclock is allowlisted but not present.
04-04 13:36:36.842   676   676 W UserSystemPackageInstaller: com.android.theme.color.purple is allowlisted but not present.
04-04 13:36:36.842   676   676 W UserSystemPackageInstaller: com.android.theme.icon_pack.sam.themepicker is allowlisted but not present.
04-04 13:36:36.842   676   676 W UserSystemPackageInstaller: com.android.bluetooth is allowlisted but not present.
04-04 13:36:36.842   676   676 W UserSystemPackageInstaller: com.android.wallpaperpicker is allowlisted but not present.
04-04 13:36:36.842   676   676 W UserSystemPackageInstaller: com.android.theme.icon.roundedrect is allowlisted but not present.
04-04 13:36:36.842   676   676 W UserSystemPackageInstaller: com.android.internal.systemui.navbar.gestural_narrow_back is allowlisted but not present.
04-04 13:36:36.842   676   676 W UserSystemPackageInstaller: com.android.theme.icon_pack.rounded.settings is allowlisted but not present.
04-04 13:36:36.842   676   676 W UserSystemPackageInstaller: com.android.theme.icon_pack.circular.android is allowlisted but not present.
04-04 13:36:36.846   676   676 I Watchdog: Resuming HandlerChecker: main thread for reason: packagemanagermain. Pause count: 0
04-04 13:36:36.846   676   676 D SystemServerTiming: DexUseManagerLocal
04-04 13:36:36.870   676   676 D SystemServerTiming: StartUserManagerService
04-04 13:36:36.870   676   676 I SystemServiceManager: Starting com.android.server.pm.UserManagerService$LifeCycle
04-04 13:36:36.870   676   676 D SystemServerTiming: InitAttributerCache
04-04 13:36:36.871   676   676 D SystemServerTiming: SetSystemProcess
04-04 13:36:36.904   676   676 D ActivityManager: StatsPullAtomService not ready yet
04-04 13:36:36.906   676   716 I ActivityManager: Connection with lmkd established
04-04 13:36:36.915   676   676 D ActivityManager: StatsPullAtomService not ready yet
04-04 13:36:36.924   676   676 D SystemServerTiming: InitWatchdog
04-04 13:36:36.952   676   676 D SystemServerTiming: StartOverlayManagerService
04-04 13:36:37.117   676   676 I OverlayManager: Updating overlays for starting user 0
04-04 13:36:37.313   676   755 W PackageManager: Skipping preparing app data for com.google.android.tzdata6
04-04 13:36:37.313   676   755 W PackageManager: Skipping preparing app data for com.google.android.ondevicepersonalization
04-04 13:36:37.313   676   755 W PackageManager: Skipping preparing app data for com.android.hardware.authsecret
04-04 13:36:37.313   676   755 W PackageManager: Skipping preparing app data for com.android.hardware.power
04-04 13:36:37.313   676   755 W PackageManager: Skipping preparing app data for com.google.android.media.swcodec
04-04 13:36:37.313   676   755 W PackageManager: Skipping preparing app data for com.google.android.os.statsd
04-04 13:36:37.314   676   755 W PackageManager: Skipping preparing app data for com.google.android.widevine.nonupdatable
04-04 13:36:37.314   676   755 W PackageManager: Skipping preparing app data for com.android.hardware.threadnetwork
04-04 13:36:37.314   676   755 W PackageManager: Skipping preparing app data for com.google.android.extservices
04-04 13:36:37.314   676   755 W PackageManager: Skipping preparing app data for com.android.hardware.rebootescrow
04-04 13:36:37.314   676   755 W PackageManager: Skipping preparing app data for com.google.android.sdksandbox
04-04 13:36:37.314   676   755 W PackageManager: Skipping preparing app data for com.google.android.bt
04-04 13:36:37.314   676   755 W PackageManager: Skipping preparing app data for com.google.android.healthfitness
04-04 13:36:37.314   676   755 W PackageManager: Skipping preparing app data for com.google.android.gmssystem
04-04 13:36:37.314   676   755 W PackageManager: Skipping preparing app data for com.google.android.ipsec
04-04 13:36:37.314   676   755 W PackageManager: Skipping preparing app data for com.google.android.media
04-04 13:36:37.314   676   755 W PackageManager: Skipping preparing app data for com.google.android.uprobestats
04-04 13:36:37.314   676   755 W PackageManager: Skipping preparing app data for com.android.i18n
04-04 13:36:37.314   676   755 W PackageManager: Skipping preparing app data for com.android.virt
04-04 13:36:37.314   676   755 W PackageManager: Skipping preparing app data for com.android.hardware.contexthub
04-04 13:36:37.314   676   755 W PackageManager: Skipping preparing app data for com.google.android.nfcservices
04-04 13:36:37.315   676   755 W PackageManager: Skipping preparing app data for com.android.hardware.dumpstate
04-04 13:36:37.315   676   755 W PackageManager: Skipping preparing app data for com.google.android.appsearch
04-04 13:36:37.315   676   755 W PackageManager: Skipping preparing app data for com.google.android.configinfrastructure
04-04 13:36:37.315   676   755 W PackageManager: Skipping preparing app data for com.android.devicelock
04-04 13:36:37.315   676   755 W PackageManager: Skipping preparing app data for com.google.android.cellbroadcast
04-04 13:36:37.315   676   755 W PackageManager: Skipping preparing app data for com.android.apex.cts.shim
04-04 13:36:37.315   676   755 W PackageManager: Skipping preparing app data for com.android.hardware.gatekeeper
04-04 13:36:37.315   676   755 W PackageManager: Skipping preparing app data for com.google.android.resolv
04-04 13:36:37.315   676   755 W PackageManager: Skipping preparing app data for com.google.android.sdkext
04-04 13:36:37.315   676   755 W PackageManager: Skipping preparing app data for com.google.android.art
04-04 13:36:37.315   676   755 W PackageManager: Skipping preparing app data for com.google.android.uwb
04-04 13:36:37.315   676   755 W PackageManager: Skipping preparing app data for com.google.android.webapp
04-04 13:36:37.315   676   755 W PackageManager: Skipping preparing app data for com.android.hardware.biometrics.fingerprint.virtual
04-04 13:36:37.315   676   755 W PackageManager: Skipping preparing app data for com.google.android.runtime
04-04 13:36:37.315   676   755 W PackageManager: Skipping preparing app data for com.android.hardware.cas
04-04 13:36:37.315   676   755 W PackageManager: Skipping preparing app data for com.android.hardware.uwb
04-04 13:36:37.315   676   755 W PackageManager: Skipping preparing app data for com.google.android.adservices
04-04 13:36:37.315   676   755 W PackageManager: Skipping preparing app data for com.google.android.crashrecovery
04-04 13:36:37.315   676   755 W PackageManager: Skipping preparing app data for com.google.android.scheduling
04-04 13:36:37.315   676   755 W PackageManager: Skipping preparing app data for com.android.hardware.thermal
04-04 13:36:37.315   676   755 W PackageManager: Skipping preparing app data for com.google.android.mediaprovider
04-04 13:36:37.315   676   755 W PackageManager: Skipping preparing app data for com.android.hardware.neuralnetworks
04-04 13:36:37.315   676   755 W PackageManager: Skipping preparing app data for com.google.android.permission
04-04 13:36:37.315   676   755 W PackageManager: Skipping preparing app data for com.google.android.profiling
04-04 13:36:37.315   676   755 W PackageManager: Skipping preparing app data for com.google.android.neuralnetworks
04-04 13:36:37.315   676   755 W PackageManager: Skipping preparing app data for com.google.android.tethering
04-04 13:36:37.315   676   755 W PackageManager: Skipping preparing app data for com.google.android.adbd
04-04 13:36:37.315   676   755 W PackageManager: Skipping preparing app data for com.google.android.rkpd
04-04 13:36:37.315   676   755 W PackageManager: Skipping preparing app data for com.google.android.wifi
04-04 13:36:37.315   676   755 W PackageManager: Skipping preparing app data for com.google.android.telephonycore
04-04 13:36:37.315   676   755 W PackageManager: Skipping preparing app data for com.android.npumanager
04-04 13:36:37.315   676   755 W PackageManager: Skipping preparing app data for com.google.android.conscrypt
04-04 13:36:37.315   676   755 W PackageManager: Skipping preparing app data for com.android.hardware.vibrator
04-04 13:36:37.394   676   755 I PackageManager: Deferred reconcileAppsData finished 285 packages
04-04 13:36:37.542   676   676 D SystemServerTiming: StartResourcesManagerService
04-04 13:36:37.544   676   676 D SystemServerTiming: StartSensorPrivacyService
04-04 13:36:37.552   676   704 W ActivityTaskManager: Skip updateConfiguration because mWindowManager isn't set
04-04 13:36:37.556   676   704 W BroadcastLoopers: Found previously unknown looper Thread[android.fg,5,main]
04-04 13:36:37.562   676   676 D SystemServerTiming: StartSensorService
04-04 13:36:37.562   676   676 I SystemServiceManager: Starting com.android.server.sensors.SensorService
04-04 13:36:37.564   676   676 D SystemServerTiming: startCoreServices
04-04 13:36:37.564   676   676 D SystemServerTiming: StartSystemConfigService
04-04 13:36:37.564   676   676 I SystemServiceManager: Starting com.android.server.SystemConfigService
04-04 13:36:37.565   676   765 D SystemServerTimingAsync: InitThreadPoolExec:StartNativeSensorService
04-04 13:36:37.565   676   765 D SystemServerTimingAsync: StartNativeSensorService
04-04 13:36:37.570   676   676 D SystemServerTiming: StartBatteryService
04-04 13:36:37.571   676   676 I SystemServiceManager: Starting com.android.server.BatteryService
04-04 13:36:37.573   520   520 I audioserver_main: main: AudioPolicy created
04-04 13:36:37.576   520   520 I audioserver_main: main: AudioSystem ready
04-04 13:36:37.590   520   520 I audioserver_main: main: Do not init aaudio service, status 0, policy info size 1
04-04 13:36:37.590   520   520 I audioserver_main: main: initialization done in 10573.918 ms, joining thread pool
04-04 13:36:37.607   676   676 I HealthServiceWrapperAidl: health: HealthServiceWrapper listening to AIDL HAL
04-04 13:36:37.607   676   676 I BatteryService: health: Waited 0ms and received the update.
04-04 13:36:37.612   676   676 D SystemServerTiming: StartUsageService
04-04 13:36:37.613   676   676 I SystemServiceManager: Starting com.android.server.usage.UsageStatsService
04-04 13:36:37.620   676   676 D SystemServerTiming: StartWebViewUpdateService
04-04 13:36:37.620   676   676 I SystemServiceManager: Starting com.android.server.webkit.WebViewUpdateService
04-04 13:36:37.625   676   676 D SystemServerTiming: StartCachedDeviceStateService
04-04 13:36:37.626   676   676 I SystemServiceManager: Starting com.android.server.CachedDeviceStateService
04-04 13:36:37.626   676   676 D SystemServerTiming: StartBinderCallsStatsService
04-04 13:36:37.626   676   676 I SystemServiceManager: Starting com.android.server.BinderCallsStatsService$LifeCycle
04-04 13:36:37.628   676   676 D SystemServerTiming: StartLooperStatsService
04-04 13:36:37.628   676   676 I SystemServiceManager: Starting com.android.server.LooperStatsService$Lifecycle
04-04 13:36:37.630   676   676 D SystemServerTiming: StartRollbackManagerService
04-04 13:36:37.630   676   676 I SystemServiceManager: Starting com.android.server.rollback.RollbackManagerService
04-04 13:36:37.636   676   676 I PackageWatchdog: Syncing state, reason: added new observer
04-04 13:36:37.636   676   676 I PackageWatchdog: Not pruning observers, elapsed time: 0ms
04-04 13:36:37.637   676   723 I PackageWatchdog: Saving observer state to file
04-04 13:36:37.645   676   676 D SystemServerTiming: StartNativeTombstoneManagerService
04-04 13:36:37.646   676   676 I SystemServiceManager: Starting com.android.server.os.NativeTombstoneManagerService
04-04 13:36:37.647   676   676 D SystemServerTiming: StartBugreportManagerService
04-04 13:36:37.647   676   676 I SystemServiceManager: Starting com.android.server.os.BugreportManagerService
04-04 13:36:37.649   676   676 D SystemServerTiming: GpuService
04-04 13:36:37.649   676   676 I SystemServiceManager: Starting com.android.server.gpu.GpuService
04-04 13:36:37.649   676   676 D SystemServerTiming: StartRemoteProvisioningService
04-04 13:36:37.649   676   676 I SystemServiceManager: Starting com.android.server.security.rkp.RemoteProvisioningService
04-04 13:36:37.651   676   676 D SystemServerTiming: startOtherServices
04-04 13:36:37.652   676   676 D SystemServerTiming: StartKeyAttestationApplicationIdProviderService
04-04 13:36:37.653   676   776 D SystemServerTimingAsync: InitThreadPoolExec:SecondaryZygotePreload
04-04 13:36:37.653   676   776 I SystemServer: SecondaryZygotePreload
04-04 13:36:37.653   676   776 D SystemServerTimingAsync: SecondaryZygotePreload
04-04 13:36:37.653   676   676 D SystemServerTiming: StartKeyChainSystemService
04-04 13:36:37.653   676   676 I SystemServiceManager: Starting com.android.server.security.KeyChainSystemService
04-04 13:36:37.654   676   676 D SystemServerTiming: StartBinaryTransparencyService
04-04 13:36:37.654   676   676 I SystemServiceManager: Starting com.android.server.BinaryTransparencyService
04-04 13:36:37.655   676   676 I TransparencyService: Started BinaryTransparencyService
04-04 13:36:37.655   676   676 D SystemServerTiming: StartSchedulingPolicyService
04-04 13:36:37.656   676   698 D SystemServerTimingAsync: InitThreadPoolExec:SchedulingPolicyService.<init>
04-04 13:36:37.656   676   676 D SystemServerTiming: StartTelecomLoaderService
04-04 13:36:37.656   676   676 I SystemServiceManager: Starting com.android.server.telecom.TelecomLoaderService
04-04 13:36:37.657   676   676 D SystemServerTiming: StartTelephonyRegistry
04-04 13:36:37.660   676   676 D SystemServerTiming: StartEntropyMixer
04-04 13:36:37.662   676   676 I EntropyMixer: Loaded existing seed file
04-04 13:36:37.666   676   676 I EntropyMixer: Updated seed file
04-04 13:36:37.667   676   676 D SystemServerTiming: StartAccountManagerService
04-04 13:36:37.667   676   676 I SystemServiceManager: Starting com.android.server.accounts.AccountManagerService$Lifecycle
04-04 13:36:37.671   676   676 D SystemServerTiming: StartContentService
04-04 13:36:37.671   676   676 I SystemServiceManager: Starting com.android.server.content.ContentService$Lifecycle
04-04 13:36:37.672   676   676 D SystemServerTiming: InstallSystemProviders
04-04 13:36:38.067   676   676 E SystemServiceRegistry: Manager wrapper not available: supervision
04-04 13:36:38.067   676   676 W PackageManager: Failed to get SupervisionManager.
04-04 13:36:38.067   676   714 E SystemServiceRegistry: Manager wrapper not available: dropbox
04-04 13:36:38.069   676   714 E SystemServiceRegistry: Manager wrapper not available: dropbox
04-04 13:36:38.071   676   714 E SystemServiceRegistry: Manager wrapper not available: dropbox
04-04 13:36:38.072   676   714 E SystemServiceRegistry: Manager wrapper not available: dropbox
04-04 13:36:38.073   676   676 D ActivityManager: Freezer timeout set to 10000
04-04 13:36:38.073   676   676 D ActivityManager: Freezer exemption set to false
04-04 13:36:38.075   676   676 I SystemServiceManager: Starting com.android.server.deviceconfig.DeviceConfigInit$Lifecycle
04-04 13:36:38.076   676   676 I DeviceConfig: Bootstrap values not found
04-04 13:36:38.077   676   714 E SystemServiceRegistry: Manager wrapper not available: dropbox
04-04 13:36:38.078   676   676 D SystemServerTiming: StartDropBoxManager
04-04 13:36:38.079   676   676 I SystemServiceManager: Starting com.android.server.DropBoxManagerService
04-04 13:36:38.079   676   676 D SystemServerTiming: StartEnhancedConfirmationService
04-04 13:36:38.080   676   676 I SystemServiceManager: Starting com.android.ecm.EnhancedConfirmationService
04-04 13:36:38.080   676   714 E SystemServiceRegistry: Manager wrapper not available: dropbox
04-04 13:36:38.080   676   714 D ActivityManager: Freezer enabled
04-04 13:36:38.080   676   714 D ActivityManager: freezer override set to false
04-04 13:36:38.085   676   676 D SystemServerTiming: StartHintManager
04-04 13:36:38.085   676   676 I SystemServiceManager: Starting com.android.server.power.hint.HintManagerService
04-04 13:36:38.091   676   676 D SystemServerTiming: StartAllowlistService
04-04 13:36:38.092   676   676 I SystemServiceManager: Starting com.android.server.allowlist.AllowlistService
04-04 13:36:38.093   676   676 D SystemServerTiming: StartRoleManagerService
04-04 13:36:38.094   676   676 I SystemServiceManager: Starting com.android.role.RoleService
04-04 13:36:38.098   676   676 D SystemServerTiming: StartSupervisionService
04-04 13:36:38.098   676   676 I SystemServiceManager: Starting com.android.server.supervision.SupervisionService$Lifecycle
04-04 13:36:38.098   676   676 D SupervisionService: Restoring supervision state
04-04 13:36:38.100   676   676 D SupervisionService: Retrieving recovery info
04-04 13:36:38.100   676   676 D SupervisionService: Recovery info file does not exist
04-04 13:36:38.102   676   676 D SystemServerTiming: StartVibratorManagerService
04-04 13:36:38.102   676   676 I SystemServiceManager: Starting com.android.server.vibrator.VibratorManagerService$Lifecycle
