04-04 13:36:39.932   676   737 D WindowManager: Remove non-existent sleep token: Display-off from com.android.server.wm.DisplayPolicy.screenTurningOn:924 com.android.server.policy.PhoneWindowManager.screenTurningOn:5617 com.android.server.display.DisplayPowerController.setScreenState:2144 com.android.server.display.DisplayPowerController.setScreenState:2060 com.android.server.display.DisplayPowerController.animateScreenStateChange:2261 com.android.server.display.DisplayPowerController.updatePowerStateInternal:1394 
04-04 13:36:39.933   676   737 W KeyguardServiceDelegate: onScreenTurningOn(): no keyguard service!
04-04 13:36:39.933   676   737 I DisplayPowerController: Window Manager Policy screenTurningOn complete
04-04 13:36:39.933   676   737 I DisplayBrightnessStrategySelector: Changing the DisplayBrightnessStrategy from InvalidBrightnessStrategy to OverrideBrightnessStrategy for display 0
04-04 13:36:39.934   676   737 V DisplayPowerController[0]: Brightness [0.39763778] reason changing to: 'override(boot)', previous reason: '0'.
04-04 13:36:39.934   676   676 E DeviceConfig: Parsing int failed for location_mode
04-04 13:36:39.934   676   737 I DisplayPowerController[0]: BrightnessEvent: brt=0.39763778(83.0%), nits=-1.0, lux=-1.0, reason=override(boot), strat=OverrideBrightnessStrategy, state=ON, stateReason=DEFAULT_POLICY, policy=BRIGHT, flags=, initBrt=NaN, rcmdBrt=NaN, preBrt=NaN, preLux=0.0, wasShortTermModelActive=false, autoBrightness=false (default), unclampedBrt=0.39763778, hbmMax=1.0, hbmMode=off, thrmMax=1.0, rbcStrength=0, powerFactor=1.0, physDisp=Built-in Screen(local:4619827259835644672), logicalId=0, slowChange=false, rampSpeed=0.70472443
04-04 13:36:39.935   676   676 I FaceDownDetector: readValuesFromDeviceConfig():
04-04 13:36:39.935   676   676 I FaceDownDetector: mAccelerationThreshold=0.2
04-04 13:36:39.935   676   676 I FaceDownDetector: mZAccelerationThreshold=-9.5
04-04 13:36:39.935   676   676 I FaceDownDetector: mTimeThreshold=PT1S
04-04 13:36:39.935   676   676 I FaceDownDetector: mIsEnabled=true
04-04 13:36:39.935   676   676 I ScreenUndimDetector: readValuesFromDeviceConfig():
04-04 13:36:39.935   676   676 I ScreenUndimDetector: mKeepScreenOnForMillis=300000
04-04 13:36:39.935   676   676 I ScreenUndimDetector: mKeepScreenOnEnabled=false
04-04 13:36:39.935   676   676 I ScreenUndimDetector: mUndimsRequired=2
04-04 13:36:39.935   676   676 I ScreenUndimDetector: mMaxDurationBetweenUndimsMillis=600000
04-04 13:36:39.937   676   707 I DisplayDeviceRepository: Display device changed state: "Built-in Screen", ON
04-04 13:36:39.937   676   676 D SystemServerTiming: OnBootPhase_500_com.android.server.power.thermal.ThermalManagerService
04-04 13:36:39.937   676   676 D SystemServerTiming: OnBootPhase_500_com.android.server.recoverysystem.RecoverySystemService$Lifecycle
04-04 13:36:39.937   676   676 D SystemServerTiming: OnBootPhase_500_com.android.server.lights.LightsService
04-04 13:36:39.937   676   676 D SystemServerTiming: OnBootPhase_500_com.android.server.display.DisplayManagerService
04-04 13:36:39.937   676   676 D SystemServerTiming: OnBootPhase_500_com.android.server.pm.verify.domain.DomainVerificationService
04-04 13:36:39.937   676   676 D SystemServerTiming: OnBootPhase_500_com.android.server.pm.PackageInstallerService$Lifecycle
04-04 13:36:39.937   676   676 D SystemServerTiming: OnBootPhase_500_com.android.server.pm.UserManagerService$LifeCycle
04-04 13:36:39.937   676   676 D SystemServerTiming: OnBootPhase_500_com.android.server.om.OverlayManagerService
04-04 13:36:39.937   676   676 D SystemServerTiming: OnBootPhase_500_com.android.server.resources.ResourcesManagerService
04-04 13:36:39.937   676   676 D SystemServerTiming: OnBootPhase_500_com.android.server.sensorprivacy.SensorPrivacyService
04-04 13:36:39.939   676   903 I LocalDisplayAdapter: SF.setDisplayPowerMode took 3ms
04-04 13:36:39.940   676   737 D BrightnessThermalClamper: Thermal status observer already started
04-04 13:36:39.943   676   705 D WindowManager: DeferredDisplayUpdater: applying DisplayInfo(1280 x 2856) immediately
04-04 13:36:39.966   676   676 D SystemServerTiming: OnBootPhase_500_com.android.server.sensors.SensorService
04-04 13:36:39.966   676   676 D SystemServerTiming: OnBootPhase_500_com.android.server.SystemConfigService
04-04 13:36:39.966   676   676 D SystemServerTiming: OnBootPhase_500_com.android.server.BatteryService
04-04 13:36:39.966   676   676 D SystemServerTiming: OnBootPhase_500_com.android.server.usage.UsageStatsService
04-04 13:36:39.966   676   676 D AppStandbyController: Setting app idle enabled state
04-04 13:36:39.974   676   676 D SystemServerTiming: OnBootPhase_500_com.android.server.webkit.WebViewUpdateService
04-04 13:36:39.974   676   676 D SystemServerTiming: OnBootPhase_500_com.android.server.CachedDeviceStateService
04-04 13:36:39.974   676   676 D SystemServerTiming: OnBootPhase_500_com.android.server.BinderCallsStatsService$LifeCycle
04-04 13:36:39.977   676   676 I NativeBinderStats: Native binder stats settings changed: false, 50, 10, 20, 10,  50, 100
04-04 13:36:39.977   676   676 D SystemServerTiming: OnBootPhase_500_com.android.server.LooperStatsService$Lifecycle
04-04 13:36:39.978   676   676 D SystemServerTiming: OnBootPhase_500_com.android.server.rollback.RollbackManagerService
04-04 13:36:39.978   676   676 D SystemServerTiming: OnBootPhase_500_com.android.server.os.NativeTombstoneManagerService
04-04 13:36:39.978   676   676 D SystemServerTiming: OnBootPhase_500_com.android.server.os.BugreportManagerService
04-04 13:36:39.978   676   676 D SystemServerTiming: OnBootPhase_500_com.android.server.gpu.GpuService
04-04 13:36:39.978   676   676 D SystemServerTiming: OnBootPhase_500_com.android.server.security.rkp.RemoteProvisioningService
04-04 13:36:39.978   676   676 D SystemServerTiming: OnBootPhase_500_com.android.server.security.KeyChainSystemService
04-04 13:36:39.978   676   676 D SystemServerTiming: OnBootPhase_500_com.android.server.BinaryTransparencyService
04-04 13:36:39.978   676   676 D SystemServerTiming: OnBootPhase_500_com.android.server.telecom.TelecomLoaderService
04-04 13:36:39.978   676   676 D SystemServerTiming: OnBootPhase_500_com.android.server.accounts.AccountManagerService$Lifecycle
04-04 13:36:39.978   676   676 D SystemServerTiming: OnBootPhase_500_com.android.server.content.ContentService$Lifecycle
04-04 13:36:39.978   676   676 D SystemServerTiming: OnBootPhase_500_com.android.server.deviceconfig.DeviceConfigInit$Lifecycle
04-04 13:36:39.978   676   676 D SystemServerTiming: OnBootPhase_500_com.android.server.DropBoxManagerService
04-04 13:36:39.978   676   676 D SystemServerTiming: OnBootPhase_500_com.android.ecm.EnhancedConfirmationService
04-04 13:36:39.978   676   676 D SystemServerTiming: OnBootPhase_500_com.android.server.power.hint.HintManagerService
04-04 13:36:39.978   676   676 V HintManagerService: Initializing HintManager service...
04-04 13:36:39.978   676   676 D SystemServerTiming: OnBootPhase_500_com.android.server.allowlist.AllowlistService
04-04 13:36:39.978   676   676 D SystemServerTiming: OnBootPhase_500_com.android.role.RoleService
04-04 13:36:39.978   676   676 D SystemServerTiming: OnBootPhase_500_com.android.server.supervision.SupervisionService$Lifecycle
04-04 13:36:39.978   676   676 D SystemServerTiming: OnBootPhase_500_com.android.server.vibrator.VibratorManagerService$Lifecycle
04-04 13:36:39.978   676   676 V VibratorManagerService: Initializing VibratorManager service...
04-04 13:36:39.978   676   676 E VibratorInfo: Invalid frequency profile received from HAL. resonantFrequencyHz=NaN, frequenciesHz=null, outputAccelerationsGs=null
04-04 13:36:39.985   676   676 V VibratorManagerService: VibratorManager service initialized
04-04 13:36:39.985   676   676 D SystemServerTiming: OnBootPhase_500_com.android.server.alarm.AlarmManagerService
04-04 13:36:40.030   676   676 D AlarmManager-TimeZoneOffsetHelper: No upcoming time zone offset change for Asia/Calcutta
04-04 13:36:40.030   676   676 D SystemServerTiming: OnBootPhase_500_com.android.server.input.InputManagerService$Lifecycle
04-04 13:36:40.030   676   676 D SystemServerTiming: OnBootPhase_500_com.android.server.devicestate.DeviceStateManagerService
04-04 13:36:40.030   676   676 D SystemServerTiming: OnBootPhase_500_com.android.server.camera.CameraServiceProxy
04-04 13:36:40.030   676   676 D SystemServerTiming: OnBootPhase_500_com.android.server.bluetooth.BluetoothService
04-04 13:36:40.030   676   676 D SystemServerTiming: OnBootPhase_500_com.android.server.connectivity.IpConnectivityMetrics
04-04 13:36:40.032   676   676 D SystemServerTiming: OnBootPhase_500_com.android.server.net.watchlist.NetworkWatchlistService$Lifecycle
04-04 13:36:40.032   676   676 D SystemServerTiming: OnBootPhase_500_com.android.server.pinner.PinnerService
04-04 13:36:40.032   676   676 D SystemServerTiming: OnBootPhase_500_com.android.server.integrity.AppIntegrityManagerService
04-04 13:36:40.032   676   676 D SystemServerTiming: OnBootPhase_500_com.android.server.logcat.LogcatManagerService
04-04 13:36:40.032   676   676 D SystemServerTiming: OnBootPhase_500_com.android.server.security.intrusiondetection.IntrusionDetectionService
04-04 13:36:40.032   676   676 D SystemServerTiming: OnBootPhase_500_com.android.server.appfunctions.AppFunctionManagerService
04-04 13:36:40.032   676   676 D SystemServerTiming: OnBootPhase_500_com.android.server.privatecompute.PccSandboxManagerService
04-04 13:36:40.032   676   676 D SystemServerTiming: OnBootPhase_500_com.android.server.security.advancedprotection.AdvancedProtectionService$Lifecycle
04-04 13:36:40.032   676   676 D AdvancedProtectionDisallowInstallUnknown: Clearing DISALLOW_INSTALL_UNKNOWN_SOURCES_GLOBALLY restriction
04-04 13:36:40.036   676   724 W BatteryExternalStatsWorker: error reading Bluetooth stats: 9
04-04 13:36:40.036   676   724 W BatteryExternalStatsWorker: error reading modem stats:ERROR_PHONE_NOT_AVAILABLE
04-04 13:36:40.037   676   676 I DevicePolicyManager: Changing user restriction no_install_unknown_sources_globally on all users to: false caller: CallerIdentity[uid=1000]
04-04 13:36:40.037   676   676 I AdvancedProtectionMTE: MTE unavailable on device, skipping.
04-04 13:36:40.037   676   676 D AdvancedProtectionDisallowCellular2G: Clearing DISALLOW_CELLULAR_2G_GLOBALLY restriction
04-04 13:36:40.039   676   724 W KernelCpuUidFreqTimeBpfMapReader: Failed to start tracking
04-04 13:36:40.039   676   724 W KernelCpuProcStringReader: File not found. It's normal if not implemented: /proc/uid_time_in_state
04-04 13:36:40.040   676   724 W KernelCpuUidActiveTimeBpfMapReader: Failed to start tracking
04-04 13:36:40.040   676   724 W KernelCpuProcStringReader: File not found. It's normal if not implemented: /proc/uid_concurrent_active_time
04-04 13:36:40.040   676   724 W KernelCpuUidClusterTimeBpfMapReader: Failed to start tracking
04-04 13:36:40.040   676   724 W KernelCpuProcStringReader: File not found. It's normal if not implemented: /proc/uid_concurrent_policy_time
04-04 13:36:40.043   676   676 I DevicePolicyManager: Changing user restriction no_cellular_2g on all users to: false caller: CallerIdentity[uid=1000]
04-04 13:36:40.044   676   676 D SystemServerTiming: OnBootPhase_500_com.android.server.TradeInModeService
04-04 13:36:40.044   676   676 D SystemServerTiming: OnBootPhase_500_com.android.server.inputmethod.InputMethodManagerService$Lifecycle
04-04 13:36:40.044   676   676 D SystemServerTiming: OnBootPhase_500_com.android.server.accessibility.AccessibilityManagerService$Lifecycle
04-04 13:36:40.044   676   676 D SystemServerTiming: OnBootPhase_500_com.android.server.StorageManagerService$Lifecycle
04-04 13:36:40.045   676   676 D SystemServerTiming: OnBootPhase_500_com.android.server.usage.StorageStatsService$Lifecycle
04-04 13:36:40.045   676   676 D SystemServerTiming: OnBootPhase_500_com.android.server.files.FileService
04-04 13:36:40.045   676   676 D SystemServerTiming: OnBootPhase_500_com.android.server.UiModeManagerService
04-04 13:36:40.048   676   676 V WindowManager: Transition requested [FALLBACK] (#0): com.android.server.wm.Transition$Token@52e8f1f TransitionRequestInfo { type = CHANGE, triggerTask = null, pipChange = null, remoteTransitionInfo = null, displayChange = null, requestedLocation = null, userChange = null, windowingLayerChange = null, fullscreenRequestChange = null, flags = 0, debugId = 0 }
04-04 13:36:40.048   676   707 V WindowManager: Starting transition [FALLBACK] (#0): com.android.server.wm.Transition$Token@52e8f1f TransitionRequestInfo { type = CHANGE, triggerTask = null, pipChange = null, remoteTransitionInfo = null, displayChange = null, requestedLocation = null, userChange = null, windowingLayerChange = null, fullscreenRequestChange = null, flags = 0, debugId = 0 }
04-04 13:36:40.048   676   676 I ActivityTaskManager: Config changes=200 {1.0 ?mcc0mnc [en_US] ldltr sw427dp w427dp h952dp 480dpi nrml long compactNeeded port finger qwerty/v/v dpad/v winConfig={ mBounds=Rect(0, 0 - 1280, 2856) mAppBounds=Rect(0, 0 - 1280, 2856) mMaxBounds=Rect(0, 0 - 1280, 2856) mDisplayRotation=ROTATION_0 mWindowingMode=fullscreen mActivityType=undefined mAlwaysOnTop=undefined mRotation=ROTATION_0} s.4 ?fontWeightAdjustment}
04-04 13:36:40.049   676   676 I WindowManager: Override config changes=200 {1.0 ?mcc0mnc [en_US] ldltr sw427dp w427dp h952dp 480dpi nrml long compactNeeded port finger qwerty/v/v dpad/v winConfig={ mBounds=Rect(0, 0 - 1280, 2856) mAppBounds=Rect(0, 0 - 1280, 2856) mMaxBounds=Rect(0, 0 - 1280, 2856) mDisplayRotation=ROTATION_0 mWindowingMode=fullscreen mActivityType=undefined mAlwaysOnTop=undefined mRotation=ROTATION_0} s.4 ?fontWeightAdjustment} for displayId=0
04-04 13:36:40.049   676   676 W TransitionChain: Combining dispOverCfg into #0(CHANGE|R|0x0) from updateGlobalConfig
04-04 13:36:40.049   676   724 W KernelMemoryBandwidthStats: No kernel memory bandwidth stats available
04-04 13:36:40.050   676   676 D SystemServerTiming: OnBootPhase_500_com.android.server.locales.LocaleManagerService
04-04 13:36:40.050   676   676 D SystemServerTiming: OnBootPhase_500_com.android.server.appwindowlayout.AppWindowLayoutSettingsService
04-04 13:36:40.050   676   676 D SystemServerTiming: OnBootPhase_500_com.android.server.grammaticalinflection.GrammaticalInflectionService
04-04 13:36:40.050   676   676 D SystemServerTiming: OnBootPhase_500_com.android.server.apphibernation.AppHibernationService
04-04 13:36:40.052   676   676 D SystemServerTiming: OnBootPhase_500_com.android.server.locksettings.LockSettingsService$Lifecycle
04-04 13:36:40.052   676   676 D SystemServerTiming: OnBootPhase_500_com.android.server.testharness.TestHarnessModeService
04-04 13:36:40.052   676   676 D TestHarnessModeService: Setting up test harness mode
04-04 13:36:40.052   676   676 D TestHarnessModeService: Getting PersistentDataBlockManagerInternal from LocalServices
04-04 13:36:40.052   676   676 E TestHarnessModeService: Failed to start Test Harness Mode; no implementation of PersistentDataBlockManagerInternal was bound!
04-04 13:36:40.052   676   676 D SystemServerTiming: OnBootPhase_500_com.android.server.DeviceIdleController
04-04 13:36:40.055   676   676 D SystemServerTiming: OnBootPhase_500_com.android.server.devicepolicy.DevicePolicyManagerService$Lifecycle
04-04 13:36:40.056   676   676 D SystemServerTiming: OnBootPhase_500_com.android.server.voiceinteraction.VoiceInteractionManagerService
04-04 13:36:40.056   676   676 D SystemServerTiming: OnBootPhase_500_com.android.server.musicrecognition.MusicRecognitionManagerService
04-04 13:36:40.056   676   676 D SystemServerTiming: OnBootPhase_500_com.android.server.contentcapture.ContentCaptureManagerService
04-04 13:36:40.056   676   676 D SystemServerTiming: OnBootPhase_500_com.android.server.systemcaptions.SystemCaptionsManagerService
04-04 13:36:40.056   676   676 D SystemServerTiming: OnBootPhase_500_com.android.server.texttospeech.TextToSpeechManagerService
04-04 13:36:40.056   676   676 D SystemServerTiming: OnBootPhase_500_com.android.server.wearable.WearableSensingManagerService
04-04 13:36:40.059   676   724 W BroadcastLoopers: Found previously unknown looper Thread[batterystats-handler,5,main]
04-04 13:36:40.059   676   676 D SystemServerTiming: OnBootPhase_500_com.android.server.ondeviceintelligence.OnDeviceIntelligenceManagerService
04-04 13:36:40.063   676   676 D SystemServerTiming: OnBootPhase_500_com.android.server.contentsafety.ContentSafetyManagerService
04-04 13:36:40.064   676   676 D SystemServerTiming: OnBootPhase_500_com.android.server.ambientcontext.AmbientContextManagerService
04-04 13:36:40.066   676   676 D SystemServerTiming: OnBootPhase_500_com.android.server.speech.SpeechRecognitionManagerService
04-04 13:36:40.066   676   676 D SystemServerTiming: OnBootPhase_500_com.android.server.appprediction.AppPredictionManagerService
04-04 13:36:40.066   676   676 D SystemServerTiming: OnBootPhase_500_com.android.server.contentsuggestions.ContentSuggestionsManagerService
04-04 13:36:40.066   676   676 D SystemServerTiming: OnBootPhase_500_com.android.server.searchui.SearchUiManagerService
04-04 13:36:40.066   676   676 D SystemServerTiming: OnBootPhase_500_com.android.server.smartspace.SmartspaceManagerService
04-04 13:36:40.066   676   676 D SystemServerTiming: OnBootPhase_500_com.android.server.graphics.fonts.FontManagerService$Lifecycle
04-04 13:36:40.066   676   676 D SystemServerTiming: OnBootPhase_500_com.android.server.textservices.TextServicesManagerService$Lifecycle
04-04 13:36:40.066   676   676 D SystemServerTiming: OnBootPhase_500_com.android.server.textclassifier.TextClassificationManagerService$Lifecycle
04-04 13:36:40.066   676   676 D SystemServerTiming: OnBootPhase_500_com.android.server.NetworkScoreService$Lifecycle
04-04 13:36:40.066   676   676 D SystemServerTiming: OnBootPhase_500_com.android.server.NetworkStatsServiceInitializer
04-04 13:36:40.066   676   676 D SystemServerTiming: OnBootPhase_500_com.android.server.wifi.WifiService
04-04 13:36:40.067   676   676 D SystemServerTiming: OnBootPhase_500_com.android.server.wifi.scanner.WifiScanningService
04-04 13:36:40.068   676   676 D SystemServerTiming: OnBootPhase_500_com.android.server.wifi.p2p.WifiP2pService
04-04 13:36:40.068   676   676 D SystemServerTiming: OnBootPhase_500_com.android.server.ConnectivityServiceInitializer
04-04 13:36:40.084   676   825 W BroadcastLoopers: Found previously unknown looper Thread[WifiHandlerThread,5,main]
04-04 13:36:40.087   676   676 D SystemServerTiming: OnBootPhase_500_com.android.server.bitmapoffload.BitmapOffloadService
04-04 13:36:40.087   676   676 D SystemServerTiming: OnBootPhase_500_com.android.server.modes.ContextualModeManagerService
04-04 13:36:40.087   676   676 D SystemServerTiming: OnBootPhase_500_com.android.server.notification.NotificationManagerService
04-04 13:36:40.091   676   676 D SystemServerTiming: OnBootPhase_500_com.android.server.storage.DeviceStorageMonitorService
04-04 13:36:40.091   676   676 D SystemServerTiming: OnBootPhase_500_com.android.server.timedetector.TimeDetectorService$Lifecycle
04-04 13:36:40.091   676   676 D SystemServerTiming: OnBootPhase_500_com.android.server.location.LocationManagerService$Lifecycle
04-04 13:36:40.098   676   676 D SystemServerTiming: OnBootPhase_500_com.android.server.timezonedetector.TimeZoneDetectorService$Lifecycle
04-04 13:36:40.098   676   676 D SystemServerTiming: OnBootPhase_500_com.android.server.location.altitude.AltitudeService$Lifecycle
04-04 13:36:40.098   676   676 D SystemServerTiming: OnBootPhase_500_com.android.server.timezonedetector.location.LocationTimeZoneManagerService$Lifecycle
04-04 13:36:40.098   676   676 D SystemServerTiming: OnBootPhase_500_com.android.server.search.SearchManagerService$Lifecycle
04-04 13:36:40.098   676   676 D SystemServerTiming: OnBootPhase_500_com.android.server.wallpaper.WallpaperManagerService$Lifecycle
04-04 13:36:40.098   676   676 D SystemServerTiming: OnBootPhase_500_com.android.server.wallpapereffectsgeneration.WallpaperEffectsGenerationManagerService
04-04 13:36:40.098   676   676 D SystemServerTiming: OnBootPhase_500_com.android.server.audio.AudioService$Lifecycle
04-04 13:36:40.098   676   676 D SystemServerTiming: OnBootPhase_500_com.android.server.soundtrigger_middleware.SoundTriggerMiddlewareService$Lifecycle
04-04 13:36:40.098   676   676 D SystemServerTiming: OnBootPhase_500_com.android.server.DockObserver
04-04 13:36:40.098   676   676 D SystemServerTiming: OnBootPhase_500_com.android.server.midi.MidiService$Lifecycle
04-04 13:36:40.098   676   676 D SystemServerTiming: OnBootPhase_500_com.android.server.adb.AdbService$Lifecycle
04-04 13:36:40.098   676   676 D SystemServerTiming: OnBootPhase_500_com.android.server.usb.UsbService$Lifecycle
04-04 13:36:40.098   676   676 D SystemServerTiming: OnBootPhase_500_com.android.server.serial.SerialManagerService$Lifecycle
04-04 13:36:40.098   676   676 D SystemServerTiming: OnBootPhase_500_com.android.server.twilight.TwilightService
04-04 13:36:40.098   676   676 D SystemServerTiming: OnBootPhase_500_com.android.server.display.color.ColorDisplayService
04-04 13:36:40.098   676   676 D SystemServerTiming: OnBootPhase_500_com.android.server.job.JobSchedulerService
04-04 13:36:40.154   676   676 W SystemServiceManager: Service com.android.server.job.JobSchedulerService took 56 ms in onBootPhase
04-04 13:36:40.154   676   676 D SystemServerTiming: OnBootPhase_500_com.android.server.soundtrigger.SoundTriggerService
04-04 13:36:40.154   676   676 D SoundTriggerService: onBootPhase: 500 : false
04-04 13:36:40.154   676   676 D SystemServerTiming: OnBootPhase_500_com.android.server.trust.TrustManagerService
04-04 13:36:40.157   676   676 E SystemServiceRegistry: Manager wrapper not available: face
04-04 13:36:40.158   676   676 D SystemServerTiming: OnBootPhase_500_com.android.server.backup.BackupManagerService$Lifecycle
04-04 13:36:40.158   676   676 D SystemServerTiming: OnBootPhase_500_com.android.server.appwidget.AppWidgetService
04-04 13:36:40.158   676   676 D SystemServerTiming: OnBootPhase_500_com.android.server.GestureLauncherService
04-04 13:36:40.158   676   676 D SystemServerTiming: OnBootPhase_500_com.android.server.SensorNotificationService
04-04 13:36:40.158   676   676 D SystemServerTiming: OnBootPhase_500_com.android.server.ContextHubSystemService
04-04 13:36:40.158   474   498 I android.hardware.wifi-service: Setting min callback version to 4
04-04 13:36:40.159   676   676 D SystemServerTiming: OnBootPhase_500_com.android.server.emergency.EmergencyAffordanceService
04-04 13:36:40.160   676   676 D SystemServerTiming: OnBootPhase_500_com.android.server.blob.BlobStoreManagerService
04-04 13:36:40.160   676   676 D SystemServerTiming: OnBootPhase_500_com.android.server.dreams.DreamManagerService
04-04 13:36:40.160   676   676 D SystemServerTiming: OnBootPhase_500_com.android.server.personalcontext.PersonalContextManagerService
04-04 13:36:40.160   676   676 D SystemServerTiming: OnBootPhase_500_com.android.server.print.PrintManagerService
04-04 13:36:40.160   676   676 D SystemServerTiming: OnBootPhase_500_com.android.server.security.AttestationVerificationManagerService
04-04 13:36:40.160   676   676 D SystemServerTiming: OnBootPhase_500_com.android.server.companion.CompanionDeviceManagerService
04-04 13:36:40.160   676   676 D SystemServerTiming: OnBootPhase_500_com.android.server.companion.datatransfer.continuity.TaskContinuityManagerService
04-04 13:36:40.160   676   676 D SystemServerTiming: OnBootPhase_500_com.android.server.companion.virtual.VirtualDeviceManagerService
04-04 13:36:40.160   676   676 D SystemServerTiming: OnBootPhase_500_com.android.server.restrictions.RestrictionsManagerService
04-04 13:36:40.160   676   676 D SystemServerTiming: OnBootPhase_500_com.android.server.media.MediaSessionService
04-04 13:36:40.160   676   676 D SystemServerTiming: OnBootPhase_500_com.android.server.media.MediaResourceMonitorService
04-04 13:36:40.160   676   676 D SystemServerTiming: OnBootPhase_500_com.android.server.biometrics.sensors.fingerprint.FingerprintService
04-04 13:36:40.160   676   676 D SystemServerTiming: OnBootPhase_500_com.android.server.biometrics.BiometricService
04-04 13:36:40.160   676   676 D SystemServerTiming: OnBootPhase_500_com.android.server.biometrics.AuthService
04-04 13:36:40.160   676   676 D SystemServerTiming: OnBootPhase_500_com.android.server.security.authenticationpolicy.SecureLockDeviceService$Lifecycle
04-04 13:36:40.160   676   676 D SystemServerTiming: OnBootPhase_500_com.android.server.security.authenticationpolicy.WatchRangingService$Lifecycle
04-04 13:36:40.160   676   676 D SystemServerTiming: OnBootPhase_500_com.android.server.security.authenticationpolicy.agent.AgentAuthService$Lifecycle
04-04 13:36:40.160   676   676 D SystemServerTiming: OnBootPhase_500_com.android.server.security.authenticationpolicy.AuthenticationPolicyService
04-04 13:36:40.161   676   676 D SystemServerTiming: OnBootPhase_500_com.android.server.pm.ShortcutService$Lifecycle
04-04 13:36:40.162   676   676 D SystemServerTiming: OnBootPhase_500_com.android.server.pm.LauncherAppsService
04-04 13:36:40.162   676   676 D SystemServerTiming: OnBootPhase_500_com.android.server.pm.CrossProfileAppsService
04-04 13:36:40.162   676   676 D SystemServerTiming: OnBootPhase_500_com.android.server.people.PeopleService
04-04 13:36:40.162   676   676 D SystemServerTiming: OnBootPhase_500_com.android.server.media.metrics.MediaMetricsManagerService
04-04 13:36:40.162   676   676 D SystemServerTiming: OnBootPhase_500_com.android.server.pm.BackgroundInstallControlService
04-04 13:36:40.162   676   676 D SystemServerTiming: OnBootPhase_500_com.android.server.media.projection.MediaProjectionManagerService
04-04 13:36:40.162   676   676 D SystemServerTiming: OnBootPhase_500_com.android.server.slice.SliceManagerService$Lifecycle
04-04 13:36:40.162   676   676 D SystemServerTiming: OnBootPhase_500_com.android.server.stats.StatsCompanion$Lifecycle
04-04 13:36:40.162   676   676 D SystemServerTiming: OnBootPhase_500_com.android.server.scheduling.RebootReadinessManagerService$Lifecycle
04-04 13:36:40.162   676   676 D SystemServerTiming: OnBootPhase_500_com.android.server.stats.pull.StatsPullAtomService
04-04 13:36:40.162   676   676 D SystemServerTiming: OnBootPhase_500_com.android.server.stats.bootstrap.StatsBootstrapAtomService$Lifecycle
04-04 13:36:40.162   676   676 D SystemServerTiming: OnBootPhase_500_com.android.server.stats.binder.BinderStatsConsumerService$Lifecycle
04-04 13:36:40.162   676   676 D SystemServerTiming: OnBootPhase_500_com.android.server.incident.IncidentCompanionService
04-04 13:36:40.162   676   676 D SystemServerTiming: OnBootPhase_500_com.android.server.sdksandbox.SdkSandboxManagerService$Lifecycle
04-04 13:36:40.162   676   676 D SystemServerTiming: OnBootPhase_500_com.android.server.adservices.AdServicesManagerService$Lifecycle
04-04 13:36:40.162   676   676 D SystemServerTiming: OnBootPhase_500_com.android.server.ondevicepersonalization.OnDevicePersonalizationSystemService$Lifecycle
04-04 13:36:40.162   676   676 D SystemServerTiming: OnBootPhase_500_android.os.profiling.ProfilingService$Lifecycle
04-04 13:36:40.162   676   676 D SystemServerTiming: OnBootPhase_500_com.android.os.profiling.anomaly.AnomalyDetectorService
04-04 13:36:40.166   474   498 W android.hardware.wifi-service: Duplicate death notification registration
04-04 13:36:40.166   676   676 D SystemServerTiming: OnBootPhase_500_com.android.server.signalcollector.SignalCollectorService
04-04 13:36:40.166   676   676 D SystemServerTiming: OnBootPhase_500_com.android.uprobestats.UprobeStatsBridgeService
04-04 13:36:40.166   676   676 D SystemServerTiming: OnBootPhase_500_com.android.server.MmsServiceBroker
04-04 13:36:40.166   676   676 D SystemServerTiming: OnBootPhase_500_com.android.server.autofill.AutofillManagerService
04-04 13:36:40.167   676   676 D SystemServerTiming: OnBootPhase_500_com.android.server.credentials.CredentialManagerService
04-04 13:36:40.167   676   713 W KernelCpuThreadReader: KernelCpuThreadReader not supported: /sys/devices/system/cpu/cpu0/cpufreq/stats/time_in_state missing
04-04 13:36:40.167   676   676 D SystemServerTiming: OnBootPhase_500_com.android.server.translation.TranslationManagerService
04-04 13:36:40.167   676   676 D SystemServerTiming: OnBootPhase_500_com.android.server.clipboard.ClipboardService
04-04 13:36:40.167   676   676 D SystemServerTiming: OnBootPhase_500_com.android.server.selectiontoolbar.SelectionToolbarManagerService
04-04 13:36:40.167   676   676 D SystemServerTiming: OnBootPhase_500_com.android.server.appbinding.AppBindingService$Lifecycle
04-04 13:36:40.167   676   676 D SystemServerTiming: OnBootPhase_500_com.android.server.tracing.TracingServiceProxy
04-04 13:36:40.167   676   676 D SystemServerTiming: OnBootPhase_500_com.android.server.os.instrumentation.DynamicInstrumentationManagerService
04-04 13:36:40.167   676   676 D SystemServerTiming: MakeWindowManagerServiceReady
04-04 13:36:40.169   676   899 I AnomalyDetectorController: Rules loaded from storage.
04-04 13:36:40.172   676   676 D SystemServerTiming: RegisterLogMteState
04-04 13:36:40.173   676   676 D SystemServerTiming: StartPermissionPolicyService
04-04 13:36:40.173   676   676 I SystemServiceManager: Starting com.android.server.policy.PermissionPolicyService
04-04 13:36:40.180   676   676 D SystemServerTiming: MakePackageManagerServiceReady
04-04 13:36:40.185   676   676 E UserManagerService: Auto-lock preference updated but private space user not found
04-04 13:36:40.198   676   713 I HealthServiceWrapperAidl: health: HealthServiceWrapper listening to AIDL HAL
04-04 13:36:40.204   474   498 I android.hardware.wifi-service: Wifi HAL started
04-04 13:36:40.211   676   676 V UserDataPreparer: Found /data/user_de/0 with serial number 0
04-04 13:36:40.211   676   676 V UserDataPreparer: Found /data/user/0 with serial number 0
04-04 13:36:40.211   676   676 V UserDataPreparer: Found /data/system_de/0 with serial number 0
04-04 13:36:40.211   676   676 V UserDataPreparer: Found /data/system_ce/0 with serial number 0
04-04 13:36:40.211   676   676 V UserDataPreparer: Found /data/misc_ce/0 with serial number 0
04-04 13:36:40.214   676   741 E DefaultPermGrantPolicy: Package not found: com.android.virtualization.terminal
04-04 13:36:40.215   676   741 E DefaultPermGrantPolicy: Package not found: com.android.webapp.service
04-04 13:36:40.215   474   915 W android.hardware.wifi-service: No active wlan interfaces in use! Using default
04-04 13:36:40.215   474   915 E android.hardware.wifi-service: Unknown iface name: wlan0
04-04 13:36:40.215   474   915 E android.hardware.wifi-service: Unknown iface name: wlan0
04-04 13:36:40.221   676   713 I StatsPullAtomService: register thermal listener successfully
04-04 13:36:40.230   676   741 E DefaultPermGrantPolicy: Package not found: com.google.android.apps.pixelmigrate
04-04 13:36:40.230   676   741 E DefaultPermGrantPolicy: Package not found: com.google.android.adservices
04-04 13:36:40.230   676   741 E DefaultPermGrantPolicy: Package not found: com.google.android.apps.mediashell
04-04 13:36:40.231   676   741 E DefaultPermGrantPolicy: Package not found: com.google.android.apps.tips
04-04 13:36:40.231   676   741 E DefaultPermGrantPolicy: Package not found: com.google.android.apps.turbo
04-04 13:36:40.231   676   741 E DefaultPermGrantPolicy: Package not found: com.google.android.euicc
04-04 13:36:40.231   676   741 E DefaultPermGrantPolicy: Package not found: com.google.android.volta
04-04 13:36:40.234   318   318 I Checkpoint: cp_needsCheckpoint called
04-04 13:36:40.238   474   474 W android.hardware.wifi-service: No active wlan interfaces in use! Using default
04-04 13:36:40.238   474   474 E android.hardware.wifi-service: Unknown iface name: wlan0
04-04 13:36:40.238   474   474 E android.hardware.wifi-service: Unknown iface name: wlan0
04-04 13:36:40.240   474   474 I android.hardware.wifi-service: Adding interface handle for wlan0
04-04 13:36:40.240   474   474 W android.hardware.wifi-service: No active wlan interfaces in use! Using default
04-04 13:36:40.240   474   474 E android.hardware.wifi-service: Failed to register radio mode change callback
04-04 13:36:40.240   474   474 W android.hardware.wifi-service: No active wlan interfaces in use! Using default
04-04 13:36:40.243   474   474 E android.hardware.wifi-service: Failed to get SupportedIfaceCombinations matrix from legacy HAL: NOT_SUPPORTED
04-04 13:36:40.243   474   474 I android.hardware.wifi-service: Configured chip in mode 0
04-04 13:36:40.243   474   474 W android.hardware.wifi-service: No active wlan interfaces in use! Using default
04-04 13:36:40.244   474   474 W android.hardware.wifi-service: No active wlan interfaces in use! Using default
04-04 13:36:40.247   474   474 I android.hardware.wifi-service: Adding interface handle for wlan0
04-04 13:36:40.247   474   474 E android.hardware.wifi-service: Failed to set DFS flag; DFS channels may be unavailable.
04-04 13:36:40.265   676   742 I SharedLibrariesImpl: Start pruneUnusedStaticSharedLibraries for neededSpace: 9223372036854775807 maxCachePeriod: 604800000
04-04 13:36:40.265   676   676 D SystemServerTiming: StartCrashRecoveryModule
04-04 13:36:40.266   676   676 I SystemServiceManager: Starting com.android.server.crashrecovery.CrashRecoveryModule$Lifecycle
04-04 13:36:40.269   474   474 I android.hardware.wifi-service: Setting min callback version to 4
04-04 13:36:40.269   474   474 I android.hardware.wifi-service: twtRegisterEvents is not supported-3
04-04 13:36:40.270   474   474 I android.hardware.wifi-service: Setting min callback version to 4
04-04 13:36:40.272   474   915 E android.hardware.wifi-service: Failed to get chip capabilities from legacy HAL: NOT_SUPPORTED
04-04 13:36:40.315   474   915 E android.hardware.wifi-service: Failed to get SupportedRadioCombinations matrix from legacy HAL: NOT_SUPPORTED
04-04 13:36:40.330   676   676 W SystemServiceManager: Service com.android.server.crashrecovery.CrashRecoveryModule$Lifecycle took 63 ms in onStart
04-04 13:36:40.330   676   676 D SystemServerTiming: MakeDisplayManagerServiceReady
04-04 13:36:40.339   676   676 I BrightnessSynchronizer: Initial brightness readings: 102(int), 0.39763778(float)
04-04 13:36:40.341   676   676 D SystemServerTiming: StartDeviceSpecificServices
04-04 13:36:40.341   676   676 D SystemServerTiming: GameManagerService
04-04 13:36:40.341   676   676 I SystemServiceManager: Starting com.android.server.app.GameManagerService$Lifecycle
04-04 13:36:40.362   676   676 D SystemServerTiming: UwbService
04-04 13:36:40.363   676   676 I SystemServiceManager: Starting com.android.server.uwb.UwbService
04-04 13:36:40.535   676   676 W SystemServiceManager: Service com.android.server.uwb.UwbService took 102 ms in onStart
04-04 13:36:40.535   676   676 D SystemServerTiming: RangingService
04-04 13:36:40.536   676   676 I SystemServiceManager: Starting com.android.server.ranging.RangingService
04-04 13:36:40.570   676   676 D SystemServerTiming: StartBootPhaseDeviceSpecificServicesReady
04-04 13:36:40.570   676   676 I SystemServiceManager: Starting phase 520
04-04 13:36:40.570   676   676 D SystemServerTiming: OnBootPhase_520
04-04 13:36:40.570   676   676 D SystemServerTiming: OnBootPhase_520_com.android.server.security.FileIntegrityService
04-04 13:36:40.570   676   676 D SystemServerTiming: OnBootPhase_520_com.android.server.pm.Installer
04-04 13:36:40.570   676   676 D SystemServerTiming: OnBootPhase_520_com.android.server.os.DeviceIdentifiersPolicyService
04-04 13:36:40.570   676   676 D SystemServerTiming: OnBootPhase_520_com.android.server.flags.FeatureFlagsService
04-04 13:36:40.570   676   676 D SystemServerTiming: OnBootPhase_520_com.android.server.uri.UriGrantsManagerService$Lifecycle
04-04 13:36:40.570   676   676 D SystemServerTiming: OnBootPhase_520_com.android.server.powerstats.PowerStatsService
04-04 13:36:40.570   676   676 D SystemServerTiming: OnBootPhase_520_com.android.server.permission.access.AccessCheckingService
04-04 13:36:40.570   676   676 D SystemServerTiming: OnBootPhase_520_com.android.server.wm.ActivityTaskManagerService$Lifecycle
04-04 13:36:40.570   676   676 D SystemServerTiming: OnBootPhase_520_com.android.server.am.ActivityManagerService$Lifecycle
04-04 13:36:40.570   676   676 D SystemServerTiming: OnBootPhase_520_com.android.server.pm.DataLoaderManagerService
04-04 13:36:40.570   676   676 D SystemServerTiming: OnBootPhase_520_com.android.server.power.PowerManagerService
04-04 13:36:40.570   676   676 D SystemServerTiming: OnBootPhase_520_com.android.server.power.thermal.ThermalManagerService
04-04 13:36:40.570   676   676 D SystemServerTiming: OnBootPhase_520_com.android.server.recoverysystem.RecoverySystemService$Lifecycle
04-04 13:36:40.570   676   676 D SystemServerTiming: OnBootPhase_520_com.android.server.lights.LightsService
04-04 13:36:40.570   676   676 D SystemServerTiming: OnBootPhase_520_com.android.server.display.DisplayManagerService
04-04 13:36:40.570   676   676 D SystemServerTiming: OnBootPhase_520_com.android.server.pm.verify.domain.DomainVerificationService
04-04 13:36:40.570   676   676 D SystemServerTiming: OnBootPhase_520_com.android.server.pm.PackageInstallerService$Lifecycle
04-04 13:36:40.570   676   676 D SystemServerTiming: OnBootPhase_520_com.android.server.pm.UserManagerService$LifeCycle
04-04 13:36:40.570   676   676 D SystemServerTiming: OnBootPhase_520_com.android.server.om.OverlayManagerService
04-04 13:36:40.570   676   676 D SystemServerTiming: OnBootPhase_520_com.android.server.resources.ResourcesManagerService
04-04 13:36:40.570   676   676 D SystemServerTiming: OnBootPhase_520_com.android.server.sensorprivacy.SensorPrivacyService
04-04 13:36:40.570   676   676 D SystemServerTiming: OnBootPhase_520_com.android.server.sensors.SensorService
04-04 13:36:40.570   676   676 D SystemServerTiming: OnBootPhase_520_com.android.server.SystemConfigService
04-04 13:36:40.570   676   676 D SystemServerTiming: OnBootPhase_520_com.android.server.BatteryService
04-04 13:36:40.570   676   676 D SystemServerTiming: OnBootPhase_520_com.android.server.usage.UsageStatsService
04-04 13:36:40.570   676   676 D SystemServerTiming: OnBootPhase_520_com.android.server.webkit.WebViewUpdateService
04-04 13:36:40.570   676   676 D SystemServerTiming: OnBootPhase_520_com.android.server.CachedDeviceStateService
04-04 13:36:40.570   676   676 D SystemServerTiming: OnBootPhase_520_com.android.server.BinderCallsStatsService$LifeCycle
04-04 13:36:40.570   676   676 D SystemServerTiming: OnBootPhase_520_com.android.server.LooperStatsService$Lifecycle
04-04 13:36:40.570   676   676 D SystemServerTiming: OnBootPhase_520_com.android.server.rollback.RollbackManagerService
04-04 13:36:40.570   676   676 D SystemServerTiming: OnBootPhase_520_com.android.server.os.NativeTombstoneManagerService
04-04 13:36:40.570   676   676 D SystemServerTiming: OnBootPhase_520_com.android.server.os.BugreportManagerService
04-04 13:36:40.570   676   676 D SystemServerTiming: OnBootPhase_520_com.android.server.gpu.GpuService
04-04 13:36:40.570   676   676 D SystemServerTiming: OnBootPhase_520_com.android.server.security.rkp.RemoteProvisioningService
04-04 13:36:40.570   676   676 D SystemServerTiming: OnBootPhase_520_com.android.server.security.KeyChainSystemService
04-04 13:36:40.570   676   676 D SystemServerTiming: OnBootPhase_520_com.android.server.BinaryTransparencyService
04-04 13:36:40.570   676   676 D SystemServerTiming: OnBootPhase_520_com.android.server.telecom.TelecomLoaderService
04-04 13:36:40.570   676   676 D SystemServerTiming: OnBootPhase_520_com.android.server.accounts.AccountManagerService$Lifecycle
04-04 13:36:40.570   676   676 D SystemServerTiming: OnBootPhase_520_com.android.server.content.ContentService$Lifecycle
04-04 13:36:40.570   676   676 D SystemServerTiming: OnBootPhase_520_com.android.server.deviceconfig.DeviceConfigInit$Lifecycle
04-04 13:36:40.570   676   676 D SystemServerTiming: OnBootPhase_520_com.android.server.DropBoxManagerService
04-04 13:36:40.570   676   676 D SystemServerTiming: OnBootPhase_520_com.android.ecm.EnhancedConfirmationService
04-04 13:36:40.570   676   676 D SystemServerTiming: OnBootPhase_520_com.android.server.power.hint.HintManagerService
04-04 13:36:40.570   676   676 D SystemServerTiming: OnBootPhase_520_com.android.server.allowlist.AllowlistService
04-04 13:36:40.570   676   676 D SystemServerTiming: OnBootPhase_520_com.android.role.RoleService
04-04 13:36:40.570   676   676 D SystemServerTiming: OnBootPhase_520_com.android.server.supervision.SupervisionService$Lifecycle
04-04 13:36:40.570   676   676 D SystemServerTiming: OnBootPhase_520_com.android.server.vibrator.VibratorManagerService$Lifecycle
04-04 13:36:40.570   676   676 D SystemServerTiming: OnBootPhase_520_com.android.server.alarm.AlarmManagerService
04-04 13:36:40.570   676   676 D SystemServerTiming: OnBootPhase_520_com.android.server.input.InputManagerService$Lifecycle
04-04 13:36:40.570   676   676 D SystemServerTiming: OnBootPhase_520_com.android.server.devicestate.DeviceStateManagerService
04-04 13:36:40.570   676   676 D SystemServerTiming: OnBootPhase_520_com.android.server.camera.CameraServiceProxy
04-04 13:36:40.570   676   676 D SystemServerTiming: OnBootPhase_520_com.android.server.bluetooth.BluetoothService
04-04 13:36:40.570   676   676 D SystemServerTiming: OnBootPhase_520_com.android.server.connectivity.IpConnectivityMetrics
04-04 13:36:40.570   676   676 D SystemServerTiming: OnBootPhase_520_com.android.server.net.watchlist.NetworkWatchlistService$Lifecycle
04-04 13:36:40.570   676   676 D SystemServerTiming: OnBootPhase_520_com.android.server.pinner.PinnerService
04-04 13:36:40.570   676   676 D SystemServerTiming: OnBootPhase_520_com.android.server.integrity.AppIntegrityManagerService
04-04 13:36:40.570   676   676 D SystemServerTiming: OnBootPhase_520_com.android.server.logcat.LogcatManagerService
04-04 13:36:40.570   676   676 D SystemServerTiming: OnBootPhase_520_com.android.server.security.intrusiondetection.IntrusionDetectionService
04-04 13:36:40.570   676   676 D SystemServerTiming: OnBootPhase_520_com.android.server.appfunctions.AppFunctionManagerService
04-04 13:36:40.570   676   676 D SystemServerTiming: OnBootPhase_520_com.android.server.privatecompute.PccSandboxManagerService
04-04 13:36:40.570   676   676 D SystemServerTiming: OnBootPhase_520_com.android.server.security.advancedprotection.AdvancedProtectionService$Lifecycle
04-04 13:36:40.570   676   676 D SystemServerTiming: OnBootPhase_520_com.android.server.TradeInModeService
04-04 13:36:40.570   676   676 D SystemServerTiming: OnBootPhase_520_com.android.server.inputmethod.InputMethodManagerService$Lifecycle
04-04 13:36:40.570   676   676 D SystemServerTiming: OnBootPhase_520_com.android.server.accessibility.AccessibilityManagerService$Lifecycle
04-04 13:36:40.570   676   676 D SystemServerTiming: OnBootPhase_520_com.android.server.StorageManagerService$Lifecycle
04-04 13:36:40.570   676   676 D SystemServerTiming: OnBootPhase_520_com.android.server.usage.StorageStatsService$Lifecycle
04-04 13:36:40.570   676   676 D SystemServerTiming: OnBootPhase_520_com.android.server.files.FileService
04-04 13:36:40.570   676   676 D SystemServerTiming: OnBootPhase_520_com.android.server.UiModeManagerService
04-04 13:36:40.570   676   676 D SystemServerTiming: OnBootPhase_520_com.android.server.locales.LocaleManagerService
04-04 13:36:40.570   676   676 D SystemServerTiming: OnBootPhase_520_com.android.server.appwindowlayout.AppWindowLayoutSettingsService
04-04 13:36:40.570   676   676 D SystemServerTiming: OnBootPhase_520_com.android.server.grammaticalinflection.GrammaticalInflectionService
04-04 13:36:40.570   676   676 D SystemServerTiming: OnBootPhase_520_com.android.server.apphibernation.AppHibernationService
04-04 13:36:40.570   676   676 D SystemServerTiming: OnBootPhase_520_com.android.server.locksettings.LockSettingsService$Lifecycle
04-04 13:36:40.570   676   676 D SystemServerTiming: OnBootPhase_520_com.android.server.testharness.TestHarnessModeService
04-04 13:36:40.570   676   676 D SystemServerTiming: OnBootPhase_520_com.android.server.DeviceIdleController
04-04 13:36:40.570   676   676 D SystemServerTiming: OnBootPhase_520_com.android.server.devicepolicy.DevicePolicyManagerService$Lifecycle
04-04 13:36:40.570   676   676 D SystemServerTiming: OnBootPhase_520_com.android.server.voiceinteraction.VoiceInteractionManagerService
04-04 13:36:40.570   676   676 D SystemServerTiming: OnBootPhase_520_com.android.server.musicrecognition.MusicRecognitionManagerService
04-04 13:36:40.570   676   676 D SystemServerTiming: OnBootPhase_520_com.android.server.contentcapture.ContentCaptureManagerService
04-04 13:36:40.570   676   676 D SystemServerTiming: OnBootPhase_520_com.android.server.systemcaptions.SystemCaptionsManagerService
04-04 13:36:40.570   676   676 D SystemServerTiming: OnBootPhase_520_com.android.server.texttospeech.TextToSpeechManagerService
04-04 13:36:40.570   676   676 D SystemServerTiming: OnBootPhase_520_com.android.server.wearable.WearableSensingManagerService
04-04 13:36:40.570   676   676 D SystemServerTiming: OnBootPhase_520_com.android.server.ondeviceintelligence.OnDeviceIntelligenceManagerService
04-04 13:36:40.570   676   676 D SystemServerTiming: OnBootPhase_520_com.android.server.contentsafety.ContentSafetyManagerService
04-04 13:36:40.570   676   676 D SystemServerTiming: OnBootPhase_520_com.android.server.ambientcontext.AmbientContextManagerService
04-04 13:36:40.570   676   676 D SystemServerTiming: OnBootPhase_520_com.android.server.speech.SpeechRecognitionManagerService
04-04 13:36:40.570   676   676 D SystemServerTiming: OnBootPhase_520_com.android.server.appprediction.AppPredictionManagerService
04-04 13:36:40.570   676   676 D SystemServerTiming: OnBootPhase_520_com.android.server.contentsuggestions.ContentSuggestionsManagerService
04-04 13:36:40.570   676   676 D SystemServerTiming: OnBootPhase_520_com.android.server.searchui.SearchUiManagerService
04-04 13:36:40.570   676   676 D SystemServerTiming: OnBootPhase_520_com.android.server.smartspace.SmartspaceManagerService
04-04 13:36:40.570   676   676 D SystemServerTiming: OnBootPhase_520_com.android.server.graphics.fonts.FontManagerService$Lifecycle
04-04 13:36:40.570   676   676 D SystemServerTiming: OnBootPhase_520_com.android.server.textservices.TextServicesManagerService$Lifecycle
04-04 13:36:40.570   676   676 D SystemServerTiming: OnBootPhase_520_com.android.server.textclassifier.TextClassificationManagerService$Lifecycle
04-04 13:36:40.570   676   676 D SystemServerTiming: OnBootPhase_520_com.android.server.NetworkScoreService$Lifecycle
04-04 13:36:40.570   676   676 D SystemServerTiming: OnBootPhase_520_com.android.server.NetworkStatsServiceInitializer
04-04 13:36:40.570   676   676 D SystemServerTiming: OnBootPhase_520_com.android.server.wifi.WifiService
04-04 13:36:40.570   676   676 D SystemServerTiming: OnBootPhase_520_com.android.server.wifi.scanner.WifiScanningService
04-04 13:36:40.570   676   676 D SystemServerTiming: OnBootPhase_520_com.android.server.wifi.p2p.WifiP2pService
04-04 13:36:40.570   676   676 D SystemServerTiming: OnBootPhase_520_com.android.server.ConnectivityServiceInitializer
04-04 13:36:40.570   676   676 D SystemServerTiming: OnBootPhase_520_com.android.server.bitmapoffload.BitmapOffloadService
04-04 13:36:40.570   676   676 D SystemServerTiming: OnBootPhase_520_com.android.server.modes.ContextualModeManagerService
04-04 13:36:40.570   676   676 D SystemServerTiming: OnBootPhase_520_com.android.server.notification.NotificationManagerService
04-04 13:36:40.578   676   676 D SystemServerTiming: OnBootPhase_520_com.android.server.storage.DeviceStorageMonitorService
04-04 13:36:40.578   676   676 D SystemServerTiming: OnBootPhase_520_com.android.server.timedetector.TimeDetectorService$Lifecycle
04-04 13:36:40.578   676   676 D SystemServerTiming: OnBootPhase_520_com.android.server.location.LocationManagerService$Lifecycle
04-04 13:36:40.578   676   676 D SystemServerTiming: OnBootPhase_520_com.android.server.timezonedetector.TimeZoneDetectorService$Lifecycle
04-04 13:36:40.578   676   676 D SystemServerTiming: OnBootPhase_520_com.android.server.location.altitude.AltitudeService$Lifecycle
04-04 13:36:40.578   676   676 D SystemServerTiming: OnBootPhase_520_com.android.server.timezonedetector.location.LocationTimeZoneManagerService$Lifecycle
04-04 13:36:40.578   676   676 D SystemServerTiming: OnBootPhase_520_com.android.server.search.SearchManagerService$Lifecycle
04-04 13:36:40.578   676   676 D SystemServerTiming: OnBootPhase_520_com.android.server.wallpaper.WallpaperManagerService$Lifecycle
04-04 13:36:40.578   676   676 D SystemServerTiming: OnBootPhase_520_com.android.server.wallpapereffectsgeneration.WallpaperEffectsGenerationManagerService
04-04 13:36:40.578   676   676 D SystemServerTiming: OnBootPhase_520_com.android.server.audio.AudioService$Lifecycle
04-04 13:36:40.578   676   676 D SystemServerTiming: OnBootPhase_520_com.android.server.soundtrigger_middleware.SoundTriggerMiddlewareService$Lifecycle
04-04 13:36:40.578   676   676 D SystemServerTiming: OnBootPhase_520_com.android.server.DockObserver
04-04 13:36:40.578   676   676 D SystemServerTiming: OnBootPhase_520_com.android.server.midi.MidiService$Lifecycle
04-04 13:36:40.578   676   676 D SystemServerTiming: OnBootPhase_520_com.android.server.adb.AdbService$Lifecycle
04-04 13:36:40.578   676   676 D SystemServerTiming: OnBootPhase_520_com.android.server.usb.UsbService$Lifecycle
04-04 13:36:40.578   676   676 D SystemServerTiming: OnBootPhase_520_com.android.server.serial.SerialManagerService$Lifecycle
